/scratch/dajuarez4/ideal_beta
cnode027.hpc.local
Sun Jul 19 01:24:01 AM MDT 2026
 
:: initializing oneAPI environment ...
   slurm_script: BASH_VERSION = 5.1.8(1)-release
   args: Using "$@" for setvars.sh arguments: -ofi_internal=1 --force
:: advisor -- latest
:: ccl -- latest
:: compiler -- latest
:: dal -- latest
:: debugger -- latest
:: dev-utilities -- latest
:: dnnl -- latest
:: dpcpp-ct -- latest
:: dpl -- latest
:: inspector -- latest
:: ipp -- latest
:: ippcp -- latest
:: itac -- latest
:: mkl -- latest
:: mpi -- latest
:: tbb -- latest
:: vtune -- latest
:: oneAPI environment initialized ::
 
--------------------------------------------------------------------------
MPI_ABORT was invoked on rank 6 in communicator MPI_COMM_WORLD
with errorcode 1.

NOTE: invoking MPI_ABORT causes Open MPI to kill all MPI processes.
You may or may not see output from other processes, depending on
exactly when Open MPI kills them.
--------------------------------------------------------------------------
[cnode027.hpc.local:822052] 27 more processes have sent help message help-mpi-api.txt / mpi-abort
[cnode027.hpc.local:822052] Set MCA parameter "orte_base_help_aggregate" to 0 to see all help / error messages
Sun Jul 19 01:24:06 AM MDT 2026
