 READ STRUCTURE AND SETUP CUTOFFS
 ... reading unitcell
 ... min cutoff:       1.89001
 ... max cutoff:       5.67126
 --> rc2 cutoff:       5.00000
 --> rc3 cutoff:      -1.00000
 --> rc4 cutoff:      -1.00000
 
 DETERMINING SYMMETRY OF INTERACTION TENSORS
 ... constructed distance tables (0.00567s)
 ... built singlets
 ... built pairs
 ... built prototype tuplets (0.00008s)
 ... expanded symmetry operations (0.00046s)
  ... reducing pairs                       0.452488691     %
  ... reducing pairs                        1.35746610     %
  ... reducing pairs                        2.26244354     %
  ... reducing pairs                        3.16742086     %
  ... reducing pairs                        4.07239819     %
  ... reducing pairs                        4.97737551     %
  ... reducing pairs                        5.88235283     %
  ... reducing pairs                        6.78733015     %
  ... reducing pairs                        7.69230747     %
  ... reducing pairs                        8.59728527     %
  ... reducing pairs                        9.50226212     %
  ... reducing pairs                        10.4072399     %
  ... reducing pairs                        11.3122168     %
  ... reducing pairs                        12.2171946     %
  ... reducing pairs                        13.1221724     %
  ... reducing pairs                        14.0271492     %
  ... reducing pairs                        14.9321270     %
  ... reducing pairs                        15.8371038     %
  ... reducing pairs                        16.7420807     %
  ... reducing pairs                        17.6470585     %
  ... reducing pairs                        18.5520363     %
  ... reducing pairs                        19.4570141     %
  ... reducing pairs                        20.3619919     %
  ... reducing pairs                        21.2669678     %
  ... reducing pairs                        22.1719456     %
  ... reducing pairs                        23.0769234     %
  ... reducing pairs                        23.9819012     %
  ... reducing pairs                        24.8868771     %
  ... reducing pairs                        25.7918549     %
  ... reducing pairs                        26.6968327     %
  ... reducing pairs                        27.6018105     %
  ... reducing pairs                        28.5067883     %
  ... reducing pairs                        29.4117641     %
  ... reducing pairs                        30.3167419     %
  ... reducing pairs                        31.2217197     %
  ... reducing pairs                        32.1266975     %
  ... reducing pairs                        33.0316734     %
  ... reducing pairs                        33.9366531     %
  ... reducing pairs                        34.8416290     %
  ... reducing pairs                        35.7466049     %
  ... reducing pairs                        36.6515846     %
  ... reducing pairs                        37.5565605     %
  ... reducing pairs                        38.4615402     %
  ... reducing pairs                        39.3665161     %
  ... reducing pairs                        40.2714920     %
  ... reducing pairs                        41.1764717     %
  ... reducing pairs                        42.0814476     %
  ... reducing pairs                        42.9864235     %
  ... reducing pairs                        43.8914032     %
  ... reducing pairs                        44.7963791     %
  ... reducing pairs                        45.7013588     %
  ... reducing pairs                        46.6063347     %
  ... reducing pairs                        47.5113106     %
  ... reducing pairs                        48.4162903     %
  ... reducing pairs                        49.3212662     %
  ... reducing pairs                        50.2262459     %
  ... reducing pairs                        51.1312218     %
  ... reducing pairs                        52.0361977     %
  ... reducing pairs                        52.9411774     %
  ... reducing pairs                        53.8461533     %
  ... reducing pairs                        54.7511330     %
  ... reducing pairs                        55.6561089     %
  ... reducing pairs                        56.5610847     %
  ... reducing pairs                        57.4660645     %
  ... reducing pairs                        58.3710403     %
  ... reducing pairs                        59.2760162     %
  ... reducing pairs                        60.1809959     %
  ... reducing pairs                        61.0859718     %
  ... reducing pairs                        61.9909515     %
  ... reducing pairs                        62.8959274     %
  ... reducing pairs                        63.8009033     %
  ... reducing pairs                        64.7058792     %
  ... reducing pairs                        65.6108627     %
  ... reducing pairs                        66.5158386     %
  ... reducing pairs                        67.4208145     %
  ... reducing pairs                        68.3257904     %
  ... reducing pairs                        69.2307663     %
  ... reducing pairs                        70.1357498     %
  ... reducing pairs                        71.0407257     %
  ... reducing pairs                        71.9457016     %
  ... reducing pairs                        72.8506775     %
  ... reducing pairs                        73.7556534     %
  ... reducing pairs                        74.6606369     %
  ... reducing pairs                        75.5656128     %
  ... reducing pairs                        76.4705887     %
  ... reducing pairs                        77.3755646     %
  ... reducing pairs                        78.2805405     %
  ... reducing pairs                        79.1855240     %
  ... reducing pairs                        80.0904999     %
  ... reducing pairs                        80.9954758     %
  ... reducing pairs                        81.9004517     %
  ... reducing pairs                        82.8054276     %
  ... reducing pairs                        83.7104034     %
  ... reducing pairs                        84.6153870     %
  ... reducing pairs                        85.5203629     %
  ... reducing pairs                        86.4253387     %
  ... reducing pairs                        87.3303146     %
  ... reducing pairs                        88.2352905     %
  ... reducing pairs                        89.1402740     %
  ... reducing pairs                        90.0452499     %
  ... reducing pairs                        90.9502258     %
  ... reducing pairs                        91.8552017     %
  ... reducing pairs                        92.7601776     %
  ... reducing pairs                        93.6651611     %
  ... reducing pairs                        94.5701370     %
  ... reducing pairs                        95.4751129     %
  ... reducing pairs                        96.3800888     %
  ... reducing pairs                        97.2850647     %
  ... reducing pairs                        98.1900482     %
  ... reducing pairs                        99.0950241     %
  ... reducing pairs                        100.000000     %
  ... mapping pairs                        0.901352048     %
  ... mapping pairs                         1.85277915     %
  ... mapping pairs                         2.80420637     %
  ... mapping pairs                         3.75563335     %
  ... mapping pairs                         4.70706081     %
  ... mapping pairs                         5.65848780     %
  ... mapping pairs                         6.60991478     %
  ... mapping pairs                         7.56134224     %
  ... mapping pairs                         8.51276875     %
  ... mapping pairs                         9.46419621     %
  ... mapping pairs                         10.4156237     %
  ... mapping pairs                         11.3670502     %
  ... mapping pairs                         12.3184776     %
  ... mapping pairs                         13.2699051     %
  ... mapping pairs                         14.2213316     %
  ... mapping pairs                         15.1727591     %
  ... mapping pairs                         16.1241856     %
  ... mapping pairs                         17.0756130     %
  ... mapping pairs                         18.0270405     %
  ... mapping pairs                         18.9784679     %
  ... mapping pairs                         19.9298954     %
  ... mapping pairs                         20.8813229     %
  ... mapping pairs                         21.8327484     %
  ... mapping pairs                         22.7841759     %
  ... mapping pairs                         23.7356033     %
  ... mapping pairs                         24.6870308     %
  ... mapping pairs                         25.6384583     %
  ... mapping pairs                         26.5898857     %
  ... mapping pairs                         27.5413113     %
  ... mapping pairs                         28.4927387     %
  ... mapping pairs                         29.4441662     %
  ... mapping pairs                         30.3955936     %
  ... mapping pairs                         31.3470211     %
  ... mapping pairs                         32.2984467     %
  ... mapping pairs                         33.2498741     %
  ... mapping pairs                         34.2013016     %
  ... mapping pairs                         35.1527290     %
  ... mapping pairs                         36.1041565     %
  ... mapping pairs                         37.0555840     %
  ... mapping pairs                         38.0070114     %
  ... mapping pairs                         38.9584389     %
  ... mapping pairs                         39.9098663     %
  ... mapping pairs                         40.8612938     %
  ... mapping pairs                         41.8127174     %
  ... mapping pairs                         42.7641449     %
  ... mapping pairs                         43.7155724     %
  ... mapping pairs                         44.6669998     %
  ... mapping pairs                         45.6184273     %
  ... mapping pairs                         46.5698547     %
  ... mapping pairs                         47.5212822     %
  ... mapping pairs                         48.4727097     %
  ... mapping pairs                         49.4241371     %
  ... mapping pairs                         50.3755646     %
  ... mapping pairs                         51.3269920     %
  ... mapping pairs                         52.2784195     %
  ... mapping pairs                         53.2298431     %
  ... mapping pairs                         54.1812706     %
  ... mapping pairs                         55.1326981     %
  ... mapping pairs                         56.0841255     %
  ... mapping pairs                         57.0355530     %
  ... mapping pairs                         57.9869804     %
  ... mapping pairs                         58.9384079     %
  ... mapping pairs                         59.8898354     %
  ... mapping pairs                         60.8412628     %
  ... mapping pairs                         61.7926903     %
  ... mapping pairs                         62.7441177     %
  ... mapping pairs                         63.6955452     %
  ... mapping pairs                         64.6469727     %
  ... mapping pairs                         65.5983963     %
  ... mapping pairs                         66.5498276     %
  ... mapping pairs                         67.5012512     %
  ... mapping pairs                         68.4526825     %
  ... mapping pairs                         69.4041061     %
  ... mapping pairs                         70.3555298     %
  ... mapping pairs                         71.3069611     %
  ... mapping pairs                         72.2583847     %
  ... mapping pairs                         73.2098160     %
  ... mapping pairs                         74.1612396     %
  ... mapping pairs                         75.1126709     %
  ... mapping pairs                         76.0640945     %
  ... mapping pairs                         77.0155258     %
  ... mapping pairs                         77.9669495     %
  ... mapping pairs                         78.9183807     %
  ... mapping pairs                         79.8698044     %
  ... mapping pairs                         80.8212357     %
  ... mapping pairs                         81.7726593     %
  ... mapping pairs                         82.7240829     %
  ... mapping pairs                         83.6755142     %
  ... mapping pairs                         84.6269379     %
  ... mapping pairs                         85.5783691     %
  ... mapping pairs                         86.5297928     %
  ... mapping pairs                         87.4812241     %
  ... mapping pairs                         88.4326477     %
  ... mapping pairs                         89.3840790     %
  ... mapping pairs                         90.3355026     %
  ... mapping pairs                         91.2869339     %
  ... mapping pairs                         92.2383575     %
  ... mapping pairs                         93.1897812     %
  ... mapping pairs                         94.1412125     %
  ... mapping pairs                         95.0926361     %
  ... mapping pairs                         96.0440674     %
  ... mapping pairs                         96.9954910     %
  ... mapping pairs                         97.9469223     %
  ... mapping pairs                         98.8983459     %
  ... mapping pairs                         99.8497772     %
 N singlet shells:          10
          shell:  1   1
          shell:  2   1
          shell:  3   1
          shell:  4   1
          shell:  5   1
          shell:  6   1
          shell:  7   1
          shell:  8   1
          shell:  9   1
          shell: 10   1
 N pair shells:         116
    shell:           1           1   0.0000000000000000     
    shell:           2           1   0.0000000000000000     
    shell:           3           1   0.0000000000000000     
    shell:           4           1   0.0000000000000000     
    shell:           5           1   0.0000000000000000     
    shell:           6           1   0.0000000000000000     
    shell:           7           1   0.0000000000000000     
    shell:           8           1   0.0000000000000000     
    shell:           9           1   0.0000000000000000     
    shell:          10           1   0.0000000000000000     
    shell:          11           2   1.7829812585773983     
    shell:          12           2   1.7831167243943975     
    shell:          13           2   1.7841124465722502     
    shell:          14           2   1.7841864718284122     
    shell:          15           2   1.8874815091194663     
    shell:          16           2   1.8875899814509598     
    shell:          17           2   1.8879983998356951     
    shell:          18           2   1.8881247520902178     
    shell:          19           2   1.9133960350968136     
    shell:          20           2   1.9141357773413439     
     ... and 96 more shells
 ... determined singlet nullspace
 ... determined pair nullspace
 ... determined dielectric tensor nullspace
 ... determined Born charge nullspace
 Interactions:
        firstorder forceconstant:          10          27
       secondorder forceconstant:         116         954
        thirdorder forceconstant:           0           0
       fourthorder forceconstant:           0           0
             dielectric constant:           0           0
              dielectric singlet:          10         162
                 dielectric pair:           0           0
   born effective charge singlet:          10           0
      born effective charge pair:           0           0
   born effective charge triplet:           0           0
 
 READING SIMULATION FROM FILE
 ... made space and decided on heuristics
 ... reading simulation                    0.540540516     %
 ... reading simulation                     1.62162161     %
 ... reading simulation                     2.70270276     %
 ... reading simulation                     3.78378367     %
 ... reading simulation                     4.86486483     %
 ... reading simulation                     5.94594574     %
 ... reading simulation                     7.02702713     %
 ... reading simulation                     8.10810852     %
 ... reading simulation                     9.18918896     %
 ... reading simulation                     10.2702703     %
 ... reading simulation                     11.3513517     %
 ... reading simulation                     12.4324322     %
 ... reading simulation                     13.5135136     %
 ... reading simulation                     14.5945950     %
 ... reading simulation                     15.6756754     %
 ... reading simulation                     16.7567558     %
 ... reading simulation                     17.8378372     %
 ... reading simulation                     18.9189186     %
 ... reading simulation                     20.0000000     %
 ... reading simulation                     21.0810814     %
 ... reading simulation                     22.1621628     %
 ... reading simulation                     23.2432442     %
 ... reading simulation                     24.3243237     %
 ... reading simulation                     25.4054050     %
 ... reading simulation                     26.4864864     %
 ... reading simulation                     27.5675678     %
 ... reading simulation                     28.6486492     %
 ... reading simulation                     29.7297306     %
 ... reading simulation                     30.8108101     %
 ... reading simulation                     31.8918915     %
 ... reading simulation                     34.0540543     %
 ... reading simulation                     35.1351357     %
 ... reading simulation                     36.2162170     %
 ... reading simulation                     37.2972984     %
 ... reading simulation                     38.3783798     %
 ... reading simulation                     39.4594612     %
 ... reading simulation                     40.5405388     %
 ... reading simulation                     41.6216202     %
 ... reading simulation                     42.7027016     %
 ... reading simulation                     43.7837830     %
 ... reading simulation                     44.8648643     %
 ... reading simulation                     45.9459457     %
 ... reading simulation                     47.0270271     %
 ... reading simulation                     48.1081085     %
 ... reading simulation                     49.1891899     %
 ... reading simulation                     50.2702713     %
 ... reading simulation                     51.3513527     %
 ... reading simulation                     52.4324341     %
 ... reading simulation                     53.5135117     %
 ... reading simulation                     54.5945930     %
 ... reading simulation                     55.6756744     %
 ... reading simulation                     56.7567558     %
 ... reading simulation                     57.8378372     %
 ... reading simulation                     58.9189186     %
 ... reading simulation                     60.0000000     %
 ... reading simulation                     61.0810814     %
 ... reading simulation                     62.1621628     %
 ... reading simulation                     63.2432442     %
 ... reading simulation                     64.3243256     %
 ... reading simulation                     65.4054031     %
 ... reading simulation                     67.5675659     %
 ... reading simulation                     68.6486511     %
 ... reading simulation                     69.7297287     %
 ... reading simulation                     70.8108139     %
 ... reading simulation                     71.8918915     %
 ... reading simulation                     72.9729767     %
 ... reading simulation                     74.0540543     %
 ... reading simulation                     75.1351318     %
 ... reading simulation                     76.2162170     %
 ... reading simulation                     77.2972946     %
 ... reading simulation                     78.3783798     %
 ... reading simulation                     79.4594574     %
 ... reading simulation                     80.5405426     %
 ... reading simulation                     81.6216202     %
 ... reading simulation                     82.7027054     %
 ... reading simulation                     83.7837830     %
 ... reading simulation                     84.8648682     %
 ... reading simulation                     85.9459457     %
 ... reading simulation                     87.0270233     %
 ... reading simulation                     88.1081085     %
 ... reading simulation                     89.1891861     %
 ... reading simulation                     90.2702713     %
 ... reading simulation                     91.3513489     %
 ... reading simulation                     92.4324341     %
 ... reading simulation                     93.5135117     %
 ... reading simulation                     94.5945969     %
 ... reading simulation                     95.6756744     %
 ... reading simulation                     96.7567596     %
 ... reading simulation                     97.8378372     %
 ... reading simulation                     98.9189224     %
 ... reading simulation                     100.000000     %
 ... got displacements
 ... short summary of simulation:
                       number of atoms: 80
              number of configurations: 62
                         timestep (fs): 9.67600
               average temperature (K): 292.49040
                 thermostat set to (K): 292.49040
                average pressure (GPa): 0.00000
   average stresstensor xx xy xz (GPa):       0.0000       0.0000       0.0000 
   average stresstensor yx yy yz (GPa):       0.0000       0.0000       0.0000 
   average stresstensor zx zy zz (GPa):       0.0000       0.0000       0.0000 
 ... finished reading simulation (0.00814s)
 
 REPORT GRADE OF OVERDETERMINATION
     total number of equations:        14880
      number of FC up 1. order:           27   --> overdetermination ratio:        551.1
      number of FC up 2. order:          981   --> overdetermination ratio:         15.2
 
 SOLVING FOR INTERACTION TENSORS
 ... distributed data
 ... no polar interactions to worry about
 
 GENERATING CONSTRAINTS
 ... 126 secondorder constraints (0.06338s)
 ... created 126 constraints (0.06339s)
 ... creating fc coefficients               0.00000000     %
 ... creating fc coefficients               1.63934422     %
 ... creating fc coefficients               3.27868843     %
 ... creating fc coefficients               4.91803265     %
 ... creating fc coefficients               6.55737686     %
 ... creating fc coefficients               8.19672108     %
 ... creating fc coefficients               9.83606529     %
 ... creating fc coefficients               11.4754095     %
 ... creating fc coefficients               13.1147537     %
 ... creating fc coefficients               14.7540979     %
 ... creating fc coefficients               16.3934422     %
 ... creating fc coefficients               18.0327873     %
 ... creating fc coefficients               19.6721306     %
 ... creating fc coefficients               21.3114758     %
 ... creating fc coefficients               22.9508190     %
 ... creating fc coefficients               24.5901642     %
 ... creating fc coefficients               26.2295074     %
 ... creating fc coefficients               27.8688526     %
 ... creating fc coefficients               29.5081959     %
 ... creating fc coefficients               31.1475410     %
 ... creating fc coefficients               32.7868843     %
 ... creating fc coefficients               34.4262314     %
 ... creating fc coefficients               36.0655746     %
 ... creating fc coefficients               37.7049179     %
 ... creating fc coefficients               39.3442612     %
 ... creating fc coefficients               40.9836082     %
 ... creating fc coefficients               42.6229515     %
 ... creating fc coefficients               44.2622948     %
 ... creating fc coefficients               45.9016380     %
 ... creating fc coefficients               47.5409851     %
 ... creating fc coefficients               49.1803284     %
 ... creating fc coefficients               50.8196716     %
 ... creating fc coefficients               52.4590149     %
 ... creating fc coefficients               54.0983620     %
 ... creating fc coefficients               55.7377052     %
 ... creating fc coefficients               57.3770485     %
 ... creating fc coefficients               59.0163918     %
 ... creating fc coefficients               60.6557388     %
 ... creating fc coefficients               62.2950821     %
 ... creating fc coefficients               63.9344254     %
 ... creating fc coefficients               65.5737686     %
 ... creating fc coefficients               67.2131119     %
 ... creating fc coefficients               68.8524628     %
 ... creating fc coefficients               70.4918060     %
 ... creating fc coefficients               72.1311493     %
 ... creating fc coefficients               73.7704926     %
 ... creating fc coefficients               75.4098358     %
 ... creating fc coefficients               77.0491791     %
 ... creating fc coefficients               78.6885223     %
 ... creating fc coefficients               80.3278656     %
 ... creating fc coefficients               81.9672165     %
 ... creating fc coefficients               83.6065598     %
 ... creating fc coefficients               85.2459030     %
 ... creating fc coefficients               86.8852463     %
 ... creating fc coefficients               88.5245895     %
 ... creating fc coefficients               90.1639328     %
 ... creating fc coefficients               91.8032761     %
 ... creating fc coefficients               93.4426193     %
 ... creating fc coefficients               95.0819702     %
 ... creating fc coefficients               96.7213135     %
 ... creating fc coefficients               98.3606567     %
 ... creating fc coefficients               100.000000     %
 ... least squares solver
 ... solved second order (2.87779s)
 ... solved first order (2.88056s)
 ... finished solving for forceconstants
 ... diagnostics from three-fold cross-validation:
                                   R^2     stddev energy (meV/atom)
                         input:                 6.5819708
                  second order:  0.86654        1.0294031
 residual forces per atom (eV/A):
           1  -1.5903952478546991E-003   1.4092953338301099E-002  -3.0570835277279489E-003
           2   1.8924413753383278E-003  -7.6532333965013966E-003   1.2623061907721311E-002
           3   8.7699720567739111E-003  -3.5483290982472680E-002  -1.9647944721508472E-003
           4   1.0693380670148250E-002   8.7730522215994609E-003   3.2853435367147369E-003
           5   3.1058726240564766E-003  -2.0245279849062232E-002  -1.0656054338382777E-003
           6  -7.9961535318033294E-003   7.7880695978058308E-003  -8.1329610463961553E-003
           7   2.5540908216916697E-003   3.7401309266176515E-003  -9.5402525766993080E-004
           8   3.7987767021568299E-003  -1.4114257182923430E-002  -1.6756153161402190E-002
           9  -2.3162088662087604E-002   3.9135073697292994E-002  -3.5209332516004904E-003
          10   1.9341031915801686E-003   3.9667816293426986E-003   1.9543150706349793E-002
------------------------------------------------------------------------------------------
       RMSE:   9.1221357049882119E-003   1.9555636703096884E-002   9.6261750704549742E-003
 RMSE total:   0.236E-01 (eV/AA)

 .. write to outfile.forceconstant_firstorder

 
 ELASTIC CONSTANTS (short range) (GPa):
          52.55951          20.25842          10.47049          -3.39223           0.88959          -2.38504
          20.25842          39.27024           5.35803          -4.50823           1.05768           2.38993
          10.47049           5.35803          11.66601           4.42644           0.70638           0.17481
          -3.39223          -4.50823           4.42644          10.52560          -0.13374          -1.14909
           0.88959           1.05768           0.70638          -0.13374          15.80966          -2.53040
          -2.38504           2.38993           0.17481          -1.14909          -2.53040          24.94237
 ELASTIC CONSTANTS (long range) (GPa):
           0.00000           0.00000           0.00000           0.00000           0.00000           0.00000
           0.00000           0.00000           0.00000           0.00000           0.00000           0.00000
           0.00000           0.00000           0.00000           0.00000           0.00000           0.00000
           0.00000           0.00000           0.00000           0.00000           0.00000           0.00000
           0.00000           0.00000           0.00000           0.00000           0.00000           0.00000
           0.00000           0.00000           0.00000           0.00000           0.00000           0.00000
 ELASTIC CONSTANTS (total) (GPa):
          52.55951          20.25842          10.47049          -3.39223           0.88959          -2.38504
          20.25842          39.27024           5.35803          -4.50823           1.05768           2.38993
          10.47049           5.35803          11.66601           4.42644           0.70638           0.17481
          -3.39223          -4.50823           4.42644          10.52560          -0.13374          -1.14909
           0.88959           1.05768           0.70638          -0.13374          15.80966          -2.53040
          -2.38504           2.38993           0.17481          -1.14909          -2.53040          24.94237
 
 ENERGIES (meV/atom):
                     rms          std          std(res)
          input:    37.467574     6.690879     -
   second order:    37.519041     6.973322     1.015301
 
 FORCES (eV/A):
                     rms          rms(res)     std(res)     R^2(res)     normalized std(res)
          input:     1.069208     1.069208     0.617307     -            -
   second order:     1.000743     0.376455     0.217346     0.876034     0.352088             <-- anharmonicity measure
 
 BASELINE ENERGY (eV/atom):
             U0:              -1853.104845
 
 Since we have the first order, predict new reference positions.
 
 Done in 3.18374s
