 READ STRUCTURE AND SETUP CUTOFFS
 ... reading unitcell
 ... min cutoff:       1.89001
 ... max cutoff:       5.67126
 --> rc2 cutoff:       5.50000
 --> rc3 cutoff:      -1.00000
 --> rc4 cutoff:      -1.00000
 
 DETERMINING SYMMETRY OF INTERACTION TENSORS
 ... constructed distance tables (0.00635s)
 ... built singlets
 ... built pairs
 ... built prototype tuplets (0.00018s)
 ... expanded symmetry operations (0.00076s)
  ... reducing pairs                       0.395256907     %
  ... reducing pairs                        1.18577075     %
  ... reducing pairs                        1.97628462     %
  ... reducing pairs                        2.76679850     %
  ... reducing pairs                        3.55731225     %
  ... reducing pairs                        4.34782600     %
  ... reducing pairs                        5.13834000     %
  ... reducing pairs                        5.92885399     %
  ... reducing pairs                        6.71936750     %
  ... reducing pairs                        7.50988150     %
  ... reducing pairs                        8.30039501     %
  ... reducing pairs                        9.09090900     %
  ... reducing pairs                        9.88142300     %
  ... reducing pairs                        10.6719370     %
  ... reducing pairs                        11.4624510     %
  ... reducing pairs                        12.2529640     %
  ... reducing pairs                        13.0434780     %
  ... reducing pairs                        13.8339920     %
  ... reducing pairs                        14.6245060     %
  ... reducing pairs                        15.4150200     %
  ... reducing pairs                        16.2055340     %
  ... reducing pairs                        16.9960480     %
  ... reducing pairs                        17.7865620     %
  ... reducing pairs                        18.5770760     %
  ... reducing pairs                        19.3675880     %
  ... reducing pairs                        20.1581020     %
  ... reducing pairs                        20.9486160     %
  ... reducing pairs                        21.7391300     %
  ... reducing pairs                        22.5296440     %
  ... reducing pairs                        23.3201580     %
  ... reducing pairs                        24.1106720     %
  ... reducing pairs                        24.9011860     %
  ... reducing pairs                        25.6917000     %
  ... reducing pairs                        26.4822140     %
  ... reducing pairs                        27.2727280     %
  ... reducing pairs                        28.0632420     %
  ... reducing pairs                        28.8537540     %
  ... reducing pairs                        29.6442680     %
  ... reducing pairs                        30.4347820     %
  ... reducing pairs                        31.2252960     %
  ... reducing pairs                        32.0158119     %
  ... reducing pairs                        32.8063240     %
  ... reducing pairs                        33.5968361     %
  ... reducing pairs                        34.3873520     %
  ... reducing pairs                        35.1778641     %
  ... reducing pairs                        35.9683800     %
  ... reducing pairs                        36.7588921     %
  ... reducing pairs                        37.5494080     %
  ... reducing pairs                        38.3399200     %
  ... reducing pairs                        39.1304359     %
  ... reducing pairs                        39.9209480     %
  ... reducing pairs                        40.7114639     %
  ... reducing pairs                        41.5019760     %
  ... reducing pairs                        42.2924919     %
  ... reducing pairs                        43.0830040     %
  ... reducing pairs                        43.8735161     %
  ... reducing pairs                        44.6640320     %
  ... reducing pairs                        45.4545441     %
  ... reducing pairs                        46.2450600     %
  ... reducing pairs                        47.0355721     %
  ... reducing pairs                        47.8260880     %
  ... reducing pairs                        48.6166000     %
  ... reducing pairs                        49.4071159     %
  ... reducing pairs                        50.1976280     %
  ... reducing pairs                        50.9881439     %
  ... reducing pairs                        51.7786560     %
  ... reducing pairs                        52.5691681     %
  ... reducing pairs                        53.3596840     %
  ... reducing pairs                        54.1501961     %
  ... reducing pairs                        54.9407120     %
  ... reducing pairs                        55.7312241     %
  ... reducing pairs                        56.5217400     %
  ... reducing pairs                        57.3122520     %
  ... reducing pairs                        58.1027679     %
  ... reducing pairs                        58.8932800     %
  ... reducing pairs                        59.6837959     %
  ... reducing pairs                        60.4743080     %
  ... reducing pairs                        61.2648239     %
  ... reducing pairs                        62.0553360     %
  ... reducing pairs                        62.8458481     %
  ... reducing pairs                        63.6363640     %
  ... reducing pairs                        64.4268799     %
  ... reducing pairs                        65.2173920     %
  ... reducing pairs                        66.0079041     %
  ... reducing pairs                        66.7984161     %
  ... reducing pairs                        67.5889359     %
  ... reducing pairs                        68.3794479     %
  ... reducing pairs                        69.1699600     %
  ... reducing pairs                        69.9604721     %
  ... reducing pairs                        70.7509918     %
  ... reducing pairs                        71.5415039     %
  ... reducing pairs                        72.3320160     %
  ... reducing pairs                        73.1225281     %
  ... reducing pairs                        73.9130402     %
  ... reducing pairs                        74.7035599     %
  ... reducing pairs                        75.4940720     %
  ... reducing pairs                        76.2845840     %
  ... reducing pairs                        77.0750961     %
  ... reducing pairs                        77.8656158     %
  ... reducing pairs                        78.6561279     %
  ... reducing pairs                        79.4466400     %
  ... reducing pairs                        80.2371521     %
  ... reducing pairs                        81.0276642     %
  ... reducing pairs                        81.8181839     %
  ... reducing pairs                        82.6086960     %
  ... reducing pairs                        83.3992081     %
  ... reducing pairs                        84.1897202     %
  ... reducing pairs                        84.9802399     %
  ... reducing pairs                        85.7707520     %
  ... reducing pairs                        86.5612640     %
  ... reducing pairs                        87.3517761     %
  ... reducing pairs                        88.1422958     %
  ... reducing pairs                        88.9328079     %
  ... reducing pairs                        89.7233200     %
  ... reducing pairs                        90.5138321     %
  ... reducing pairs                        91.3043442     %
  ... reducing pairs                        92.0948639     %
  ... reducing pairs                        92.8853760     %
  ... reducing pairs                        93.6758881     %
  ... reducing pairs                        94.4664001     %
  ... reducing pairs                        95.2569199     %
  ... reducing pairs                        96.0474319     %
  ... reducing pairs                        96.8379440     %
  ... reducing pairs                        97.6284561     %
  ... reducing pairs                        98.4189758     %
  ... reducing pairs                        99.2094879     %
  ... reducing pairs                        100.000000     %
  ... mapping pairs                        0.919037223     %
  ... mapping pairs                         1.88183808     %
  ... mapping pairs                         2.84463906     %
  ... mapping pairs                         3.80743980     %
  ... mapping pairs                         4.77024078     %
  ... mapping pairs                         5.73304176     %
  ... mapping pairs                         6.69584227     %
  ... mapping pairs                         7.65864325     %
  ... mapping pairs                         8.62144375     %
  ... mapping pairs                         9.58424473     %
  ... mapping pairs                         10.5470457     %
  ... mapping pairs                         11.5098467     %
  ... mapping pairs                         12.4726477     %
  ... mapping pairs                         13.4354486     %
  ... mapping pairs                         14.3982496     %
  ... mapping pairs                         15.3610506     %
  ... mapping pairs                         16.3238506     %
  ... mapping pairs                         17.2866516     %
  ... mapping pairs                         18.2494526     %
  ... mapping pairs                         19.2122536     %
  ... mapping pairs                         20.1750546     %
  ... mapping pairs                         21.1378555     %
  ... mapping pairs                         22.1006565     %
  ... mapping pairs                         23.0634575     %
  ... mapping pairs                         24.0262585     %
  ... mapping pairs                         24.9890594     %
  ... mapping pairs                         25.9518604     %
  ... mapping pairs                         26.9146614     %
  ... mapping pairs                         27.8774624     %
  ... mapping pairs                         28.8402634     %
  ... mapping pairs                         29.8030643     %
  ... mapping pairs                         30.7658634     %
  ... mapping pairs                         31.7286644     %
  ... mapping pairs                         32.6914673     %
  ... mapping pairs                         33.6542664     %
  ... mapping pairs                         34.6170692     %
  ... mapping pairs                         35.5798683     %
  ... mapping pairs                         36.5426712     %
  ... mapping pairs                         37.5054703     %
  ... mapping pairs                         38.4682732     %
  ... mapping pairs                         39.4310722     %
  ... mapping pairs                         40.3938713     %
  ... mapping pairs                         41.3566742     %
  ... mapping pairs                         42.3194733     %
  ... mapping pairs                         43.2822762     %
  ... mapping pairs                         44.2450752     %
  ... mapping pairs                         45.2078781     %
  ... mapping pairs                         46.1706772     %
  ... mapping pairs                         47.1334801     %
  ... mapping pairs                         48.0962791     %
  ... mapping pairs                         49.0590820     %
  ... mapping pairs                         50.0218811     %
  ... mapping pairs                         50.9846840     %
  ... mapping pairs                         51.9474831     %
  ... mapping pairs                         52.9102859     %
  ... mapping pairs                         53.8730850     %
  ... mapping pairs                         54.8358879     %
  ... mapping pairs                         55.7986870     %
  ... mapping pairs                         56.7614899     %
  ... mapping pairs                         57.7242889     %
  ... mapping pairs                         58.6870880     %
  ... mapping pairs                         59.6498909     %
  ... mapping pairs                         60.6126900     %
  ... mapping pairs                         61.5754929     %
  ... mapping pairs                         62.5382919     %
  ... mapping pairs                         63.5010948     %
  ... mapping pairs                         64.4638977     %
  ... mapping pairs                         65.4266968     %
  ... mapping pairs                         66.3894958     %
  ... mapping pairs                         67.3522949     %
  ... mapping pairs                         68.3151016     %
  ... mapping pairs                         69.2779007     %
  ... mapping pairs                         70.2406998     %
  ... mapping pairs                         71.2034988     %
  ... mapping pairs                         72.1663055     %
  ... mapping pairs                         73.1291046     %
  ... mapping pairs                         74.0919037     %
  ... mapping pairs                         75.0547028     %
  ... mapping pairs                         76.0175018     %
  ... mapping pairs                         76.9803085     %
  ... mapping pairs                         77.9431076     %
  ... mapping pairs                         78.9059067     %
  ... mapping pairs                         79.8687057     %
  ... mapping pairs                         80.8315125     %
  ... mapping pairs                         81.7943115     %
  ... mapping pairs                         82.7571106     %
  ... mapping pairs                         83.7199097     %
  ... mapping pairs                         84.6827164     %
  ... mapping pairs                         85.6455154     %
  ... mapping pairs                         86.6083145     %
  ... mapping pairs                         87.5711136     %
  ... mapping pairs                         88.5339203     %
  ... mapping pairs                         89.4967194     %
  ... mapping pairs                         90.4595184     %
  ... mapping pairs                         91.4223175     %
  ... mapping pairs                         92.3851166     %
  ... mapping pairs                         93.3479233     %
  ... mapping pairs                         94.3107224     %
  ... mapping pairs                         95.2735214     %
  ... mapping pairs                         96.2363205     %
  ... mapping pairs                         97.1991272     %
  ... mapping pairs                         98.1619263     %
  ... mapping pairs                         99.1247253     %
 N singlet shells:          10
          shell:  1   1
          shell:  2   1
          shell:  3   1
          shell:  4   1
          shell:  5   1
          shell:  6   1
          shell:  7   1
          shell:  8   1
          shell:  9   1
          shell: 10   1
 N pair shells:         132
    shell:           1           1   0.0000000000000000     
    shell:           2           1   0.0000000000000000     
    shell:           3           1   0.0000000000000000     
    shell:           4           1   0.0000000000000000     
    shell:           5           1   0.0000000000000000     
    shell:           6           1   0.0000000000000000     
    shell:           7           1   0.0000000000000000     
    shell:           8           1   0.0000000000000000     
    shell:           9           1   0.0000000000000000     
    shell:          10           1   0.0000000000000000     
    shell:          11           2   1.7829812585773983     
    shell:          12           2   1.7831167243943975     
    shell:          13           2   1.7841124465722502     
    shell:          14           2   1.7841864718284122     
    shell:          15           2   1.8874815091194663     
    shell:          16           2   1.8875899814509598     
    shell:          17           2   1.8879983998356951     
    shell:          18           2   1.8881247520902178     
    shell:          19           2   1.9133960350968136     
    shell:          20           2   1.9141357773413439     
     ... and 112 more shells
 ... determined singlet nullspace
 ... determined pair nullspace
 ... determined dielectric tensor nullspace
 ... determined Born charge nullspace
 Interactions:
        firstorder forceconstant:          10          27
       secondorder forceconstant:         132        1098
        thirdorder forceconstant:           0           0
       fourthorder forceconstant:           0           0
             dielectric constant:           0           0
              dielectric singlet:          10         162
                 dielectric pair:           0           0
   born effective charge singlet:          10           0
      born effective charge pair:           0           0
   born effective charge triplet:           0           0
 
 READING SIMULATION FROM FILE
 ... made space and decided on heuristics
 ... reading simulation                     0.00000000     %
 ... reading simulation                     3.44827580     %
 ... reading simulation                     6.89655161     %
 ... reading simulation                     10.3448277     %
 ... reading simulation                     13.7931032     %
 ... reading simulation                     17.2413788     %
 ... reading simulation                     20.6896553     %
 ... reading simulation                     24.1379318     %
 ... reading simulation                     27.5862064     %
 ... reading simulation                     34.4827576     %
 ... reading simulation                     37.9310341     %
 ... reading simulation                     41.3793106     %
 ... reading simulation                     44.8275871     %
 ... reading simulation                     48.2758636     %
 ... reading simulation                     51.7241364     %
 ... reading simulation                     55.1724129     %
 ... reading simulation                     58.6206894     %
 ... reading simulation                     62.0689659     %
 ... reading simulation                     68.9655151     %
 ... reading simulation                     72.4137955     %
 ... reading simulation                     75.8620682     %
 ... reading simulation                     79.3103485     %
 ... reading simulation                     82.7586212     %
 ... reading simulation                     86.2068939     %
 ... reading simulation                     89.6551743     %
 ... reading simulation                     93.1034470     %
 ... reading simulation                     96.5517273     %
 ... reading simulation                     100.000000     %
 ... got displacements
 ... short summary of simulation:
                       number of atoms: 80
              number of configurations: 10
                         timestep (fs): 0.96760
               average temperature (K): 258.33303
                 thermostat set to (K): 258.33303
                average pressure (GPa): 0.00000
   average stresstensor xx xy xz (GPa):       0.0000       0.0000       0.0000 
   average stresstensor yx yy yz (GPa):       0.0000       0.0000       0.0000 
   average stresstensor zx zy zz (GPa):       0.0000       0.0000       0.0000 
 ... finished reading simulation (0.00257s)
 
 REPORT GRADE OF OVERDETERMINATION
     total number of equations:         2400
      number of FC up 1. order:           27   --> overdetermination ratio:         88.9
      number of FC up 2. order:         1125   --> overdetermination ratio:          2.1
 
 SOLVING FOR INTERACTION TENSORS
 ... distributed data
 ... no polar interactions to worry about
 
 GENERATING CONSTRAINTS
 ... 126 secondorder constraints (0.06675s)
 ... created 126 constraints (0.06675s)
 ... creating fc coefficients               0.00000000     %
 ... creating fc coefficients               11.1111107     %
 ... creating fc coefficients               22.2222214     %
 ... creating fc coefficients               33.3333321     %
 ... creating fc coefficients               44.4444427     %
 ... creating fc coefficients               55.5555573     %
 ... creating fc coefficients               66.6666641     %
 ... creating fc coefficients               77.7777786     %
 ... creating fc coefficients               88.8888855     %
 ... creating fc coefficients               100.000000     %
 ... least squares solver
 ... solved second order (1.43775s)
 ... solved first order (1.43833s)
 ... finished solving for forceconstants
 ... diagnostics from three-fold cross-validation:
                                   R^2     stddev energy (meV/atom)
                         input:                 4.5377749
                  second order:  0.99995        0.0060352
 residual forces per atom (eV/A):
           1  -1.3071679920070052E-005   5.2234044492033838E-005  -7.4153145506843262E-005
           2  -6.4462616079723301E-006   8.3086629811734188E-005  -1.5865489372717358E-004
           3   6.7092294879905637E-005   1.0806991198840676E-005   2.4735846122485613E-005
           4   1.5327709846735978E-004  -6.7297611021501682E-005   1.1555526109782664E-004
           5  -2.7498708762017565E-005   1.1536839346108547E-004  -6.4514202617828249E-005
           6  -3.4257305749373723E-005   1.5103267482834812E-004  -5.7828864113104743E-005
           7  -1.5279214528605801E-005   7.9852647901136381E-005  -2.2367671318880873E-004
           8   2.6659766317018504E-004   6.5861749503978438E-005   4.5402699410142570E-004
           9  -3.8414198272343586E-005  -3.9354083296730700E-004   2.1859183125580068E-004
          10  -3.5199968767706739E-004  -9.7404687208348391E-005  -2.3408211342378001E-004
------------------------------------------------------------------------------------------
       RMSE:   1.5060697500127109E-004   1.5015810126941010E-004   2.0270417176747514E-004
 RMSE total:   0.294E-03 (eV/AA)

 .. write to outfile.forceconstant_firstorder

 
 ELASTIC CONSTANTS (short range) (GPa):
        3446.24695       -2171.16783       -3450.38094         155.27790        -203.30675         -86.54830
       -2171.16783        1934.18883         242.79906        2046.69821        2470.07403       -1228.47974
       -3450.38094         242.79906        -215.69428           2.17305        -144.36952         565.50359
         155.27790        2046.69821           2.17305        -359.74380          -1.22195        -516.20040
        -203.30675        2470.07403        -144.36952          -1.22195        3581.68942        -996.21429
         -86.54830       -1228.47974         565.50359        -516.20040        -996.21429        2962.30842
 ELASTIC CONSTANTS (long range) (GPa):
           0.00000           0.00000           0.00000           0.00000           0.00000           0.00000
           0.00000           0.00000           0.00000           0.00000           0.00000           0.00000
           0.00000           0.00000           0.00000           0.00000           0.00000           0.00000
           0.00000           0.00000           0.00000           0.00000           0.00000           0.00000
           0.00000           0.00000           0.00000           0.00000           0.00000           0.00000
           0.00000           0.00000           0.00000           0.00000           0.00000           0.00000
 ELASTIC CONSTANTS (total) (GPa):
        3446.24695       -2171.16783       -3450.38094         155.27790        -203.30675         -86.54830
       -2171.16783        1934.18883         242.79906        2046.69821        2470.07403       -1228.47974
       -3450.38094         242.79906        -215.69428           2.17305        -144.36952         565.50359
         155.27790        2046.69821           2.17305        -359.74380          -1.22195        -516.20040
        -203.30675        2470.07403        -144.36952          -1.22195        3581.68942        -996.21429
         -86.54830       -1228.47974         565.50359        -516.20040        -996.21429        2962.30842
 
 ENERGIES (meV/atom):
                     rms          std          std(res)
          input:     7.885311     4.703486     -
   second order:     7.882331     4.698488     0.006359
 
 FORCES (eV/A):
                     rms          rms(res)     std(res)     R^2(res)     normalized std(res)
          input:     0.594832     0.594832     0.343426     -            -
   second order:     0.594821     0.003562     0.002057     0.999964     0.005989             <-- anharmonicity measure
 
 BASELINE ENERGY (eV/atom):
             U0:              -1853.106148
 
 Since we have the first order, predict new reference positions.
 
 Done in 1.61641s
