/scratch/dajuarez4/symmetry_fixed
cnode051.hpc.local
Sun Jul 19 02:14:58 AM MDT 2026
 
:: initializing oneAPI environment ...
   slurm_script: BASH_VERSION = 5.1.8(1)-release
   args: Using "$@" for setvars.sh arguments: -ofi_internal=1 --force
:: advisor -- latest
:: ccl -- latest
:: compiler -- latest
:: dal -- latest
:: debugger -- latest
:: dev-utilities -- latest
:: dnnl -- latest
:: dpcpp-ct -- latest
:: dpl -- latest
:: inspector -- latest
:: ipp -- latest
:: ippcp -- latest
:: itac -- latest
:: mkl -- latest
:: mpi -- latest
:: tbb -- latest
:: vtune -- latest
:: oneAPI environment initialized ::
 
Note: The following floating-point exceptions are signalling: IEEE_DENORMAL
Note: The following floating-point exceptions are signalling: IEEE_DENORMAL
Note: The following floating-point exceptions are signalling: IEEE_DENORMAL
Note: The following floating-point exceptions are signalling: IEEE_DENORMAL
Note: The following floating-point exceptions are signalling: IEEE_DENORMAL
Note: The following floating-point exceptions are signalling: IEEE_DENORMAL
Note: The following floating-point exceptions are signalling: IEEE_DENORMAL
Note: The following floating-point exceptions are signalling: IEEE_DENORMAL
Note: The following floating-point exceptions are signalling: IEEE_DENORMAL
Traceback (most recent call last):
  File "/gpfs/scratch/dajuarez4/symmetry_fixed/plot_alpha_al2o3_phonons.py", line 5, in <module>
    import matplotlib
ModuleNotFoundError: No module named 'matplotlib'
Tue Jul 21 01:10:16 PM MDT 2026
