 READ STRUCTURE AND SETUP CUTOFFS
 ... reading unitcell
 ... min cutoff:       1.89001
 ... max cutoff:       5.67126
 --> rc2 cutoff:       5.50000
 --> rc3 cutoff:      -1.00000
 --> rc4 cutoff:      -1.00000
 
 DETERMINING SYMMETRY OF INTERACTION TENSORS
 ... constructed distance tables (0.00495s)
 ... built singlets
 ... built pairs
 ... built prototype tuplets (0.00009s)
 ... expanded symmetry operations (0.00045s)
  ... reducing pairs                       0.395256907     %
  ... reducing pairs                        1.18577075     %
  ... reducing pairs                        1.97628462     %
  ... reducing pairs                        2.76679850     %
  ... reducing pairs                        3.55731225     %
  ... reducing pairs                        4.34782600     %
  ... reducing pairs                        5.13834000     %
  ... reducing pairs                        5.92885399     %
  ... reducing pairs                        6.71936750     %
  ... reducing pairs                        7.50988150     %
  ... reducing pairs                        8.30039501     %
  ... reducing pairs                        9.09090900     %
  ... reducing pairs                        9.88142300     %
  ... reducing pairs                        10.6719370     %
  ... reducing pairs                        11.4624510     %
  ... reducing pairs                        12.2529640     %
  ... reducing pairs                        13.0434780     %
  ... reducing pairs                        13.8339920     %
  ... reducing pairs                        14.6245060     %
  ... reducing pairs                        15.4150200     %
  ... reducing pairs                        16.2055340     %
  ... reducing pairs                        16.9960480     %
  ... reducing pairs                        17.7865620     %
  ... reducing pairs                        18.5770760     %
  ... reducing pairs                        19.3675880     %
  ... reducing pairs                        20.1581020     %
  ... reducing pairs                        20.9486160     %
  ... reducing pairs                        21.7391300     %
  ... reducing pairs                        22.5296440     %
  ... reducing pairs                        23.3201580     %
  ... reducing pairs                        24.1106720     %
  ... reducing pairs                        24.9011860     %
  ... reducing pairs                        25.6917000     %
  ... reducing pairs                        26.4822140     %
  ... reducing pairs                        27.2727280     %
  ... reducing pairs                        28.0632420     %
  ... reducing pairs                        28.8537540     %
  ... reducing pairs                        29.6442680     %
  ... reducing pairs                        30.4347820     %
  ... reducing pairs                        31.2252960     %
  ... reducing pairs                        32.0158119     %
  ... reducing pairs                        32.8063240     %
  ... reducing pairs                        33.5968361     %
  ... reducing pairs                        34.3873520     %
  ... reducing pairs                        35.1778641     %
  ... reducing pairs                        35.9683800     %
  ... reducing pairs                        36.7588921     %
  ... reducing pairs                        37.5494080     %
  ... reducing pairs                        38.3399200     %
  ... reducing pairs                        39.1304359     %
  ... reducing pairs                        39.9209480     %
  ... reducing pairs                        40.7114639     %
  ... reducing pairs                        41.5019760     %
  ... reducing pairs                        42.2924919     %
  ... reducing pairs                        43.0830040     %
  ... reducing pairs                        43.8735161     %
  ... reducing pairs                        44.6640320     %
  ... reducing pairs                        45.4545441     %
  ... reducing pairs                        46.2450600     %
  ... reducing pairs                        47.0355721     %
  ... reducing pairs                        47.8260880     %
  ... reducing pairs                        48.6166000     %
  ... reducing pairs                        49.4071159     %
  ... reducing pairs                        50.1976280     %
  ... reducing pairs                        50.9881439     %
  ... reducing pairs                        51.7786560     %
  ... reducing pairs                        52.5691681     %
  ... reducing pairs                        53.3596840     %
  ... reducing pairs                        54.1501961     %
  ... reducing pairs                        54.9407120     %
  ... reducing pairs                        55.7312241     %
  ... reducing pairs                        56.5217400     %
  ... reducing pairs                        57.3122520     %
  ... reducing pairs                        58.1027679     %
  ... reducing pairs                        58.8932800     %
  ... reducing pairs                        59.6837959     %
  ... reducing pairs                        60.4743080     %
  ... reducing pairs                        61.2648239     %
  ... reducing pairs                        62.0553360     %
  ... reducing pairs                        62.8458481     %
  ... reducing pairs                        63.6363640     %
  ... reducing pairs                        64.4268799     %
  ... reducing pairs                        65.2173920     %
  ... reducing pairs                        66.0079041     %
  ... reducing pairs                        66.7984161     %
  ... reducing pairs                        67.5889359     %
  ... reducing pairs                        68.3794479     %
  ... reducing pairs                        69.1699600     %
  ... reducing pairs                        69.9604721     %
  ... reducing pairs                        70.7509918     %
  ... reducing pairs                        71.5415039     %
  ... reducing pairs                        72.3320160     %
  ... reducing pairs                        73.1225281     %
  ... reducing pairs                        73.9130402     %
  ... reducing pairs                        74.7035599     %
  ... reducing pairs                        75.4940720     %
  ... reducing pairs                        76.2845840     %
  ... reducing pairs                        77.0750961     %
  ... reducing pairs                        77.8656158     %
  ... reducing pairs                        78.6561279     %
  ... reducing pairs                        79.4466400     %
  ... reducing pairs                        80.2371521     %
  ... reducing pairs                        81.0276642     %
  ... reducing pairs                        81.8181839     %
  ... reducing pairs                        82.6086960     %
  ... reducing pairs                        83.3992081     %
  ... reducing pairs                        84.1897202     %
  ... reducing pairs                        84.9802399     %
  ... reducing pairs                        85.7707520     %
  ... reducing pairs                        86.5612640     %
  ... reducing pairs                        87.3517761     %
  ... reducing pairs                        88.1422958     %
  ... reducing pairs                        88.9328079     %
  ... reducing pairs                        89.7233200     %
  ... reducing pairs                        90.5138321     %
  ... reducing pairs                        91.3043442     %
  ... reducing pairs                        92.0948639     %
  ... reducing pairs                        92.8853760     %
  ... reducing pairs                        93.6758881     %
  ... reducing pairs                        94.4664001     %
  ... reducing pairs                        95.2569199     %
  ... reducing pairs                        96.0474319     %
  ... reducing pairs                        96.8379440     %
  ... reducing pairs                        97.6284561     %
  ... reducing pairs                        98.4189758     %
  ... reducing pairs                        99.2094879     %
  ... reducing pairs                        100.000000     %
  ... mapping pairs                        0.919037223     %
  ... mapping pairs                         1.88183808     %
  ... mapping pairs                         2.84463906     %
  ... mapping pairs                         3.80743980     %
  ... mapping pairs                         4.77024078     %
  ... mapping pairs                         5.73304176     %
  ... mapping pairs                         6.69584227     %
  ... mapping pairs                         7.65864325     %
  ... mapping pairs                         8.62144375     %
  ... mapping pairs                         9.58424473     %
  ... mapping pairs                         10.5470457     %
  ... mapping pairs                         11.5098467     %
  ... mapping pairs                         12.4726477     %
  ... mapping pairs                         13.4354486     %
  ... mapping pairs                         14.3982496     %
  ... mapping pairs                         15.3610506     %
  ... mapping pairs                         16.3238506     %
  ... mapping pairs                         17.2866516     %
  ... mapping pairs                         18.2494526     %
  ... mapping pairs                         19.2122536     %
  ... mapping pairs                         20.1750546     %
  ... mapping pairs                         21.1378555     %
  ... mapping pairs                         22.1006565     %
  ... mapping pairs                         23.0634575     %
  ... mapping pairs                         24.0262585     %
  ... mapping pairs                         24.9890594     %
  ... mapping pairs                         25.9518604     %
  ... mapping pairs                         26.9146614     %
  ... mapping pairs                         27.8774624     %
  ... mapping pairs                         28.8402634     %
  ... mapping pairs                         29.8030643     %
  ... mapping pairs                         30.7658634     %
  ... mapping pairs                         31.7286644     %
  ... mapping pairs                         32.6914673     %
  ... mapping pairs                         33.6542664     %
  ... mapping pairs                         34.6170692     %
  ... mapping pairs                         35.5798683     %
  ... mapping pairs                         36.5426712     %
  ... mapping pairs                         37.5054703     %
  ... mapping pairs                         38.4682732     %
  ... mapping pairs                         39.4310722     %
  ... mapping pairs                         40.3938713     %
  ... mapping pairs                         41.3566742     %
  ... mapping pairs                         42.3194733     %
  ... mapping pairs                         43.2822762     %
  ... mapping pairs                         44.2450752     %
  ... mapping pairs                         45.2078781     %
  ... mapping pairs                         46.1706772     %
  ... mapping pairs                         47.1334801     %
  ... mapping pairs                         48.0962791     %
  ... mapping pairs                         49.0590820     %
  ... mapping pairs                         50.0218811     %
  ... mapping pairs                         50.9846840     %
  ... mapping pairs                         51.9474831     %
  ... mapping pairs                         52.9102859     %
  ... mapping pairs                         53.8730850     %
  ... mapping pairs                         54.8358879     %
  ... mapping pairs                         55.7986870     %
  ... mapping pairs                         56.7614899     %
  ... mapping pairs                         57.7242889     %
  ... mapping pairs                         58.6870880     %
  ... mapping pairs                         59.6498909     %
  ... mapping pairs                         60.6126900     %
  ... mapping pairs                         61.5754929     %
  ... mapping pairs                         62.5382919     %
  ... mapping pairs                         63.5010948     %
  ... mapping pairs                         64.4638977     %
  ... mapping pairs                         65.4266968     %
  ... mapping pairs                         66.3894958     %
  ... mapping pairs                         67.3522949     %
  ... mapping pairs                         68.3151016     %
  ... mapping pairs                         69.2779007     %
  ... mapping pairs                         70.2406998     %
  ... mapping pairs                         71.2034988     %
  ... mapping pairs                         72.1663055     %
  ... mapping pairs                         73.1291046     %
  ... mapping pairs                         74.0919037     %
  ... mapping pairs                         75.0547028     %
  ... mapping pairs                         76.0175018     %
  ... mapping pairs                         76.9803085     %
  ... mapping pairs                         77.9431076     %
  ... mapping pairs                         78.9059067     %
  ... mapping pairs                         79.8687057     %
  ... mapping pairs                         80.8315125     %
  ... mapping pairs                         81.7943115     %
  ... mapping pairs                         82.7571106     %
  ... mapping pairs                         83.7199097     %
  ... mapping pairs                         84.6827164     %
  ... mapping pairs                         85.6455154     %
  ... mapping pairs                         86.6083145     %
  ... mapping pairs                         87.5711136     %
  ... mapping pairs                         88.5339203     %
  ... mapping pairs                         89.4967194     %
  ... mapping pairs                         90.4595184     %
  ... mapping pairs                         91.4223175     %
  ... mapping pairs                         92.3851166     %
  ... mapping pairs                         93.3479233     %
  ... mapping pairs                         94.3107224     %
  ... mapping pairs                         95.2735214     %
  ... mapping pairs                         96.2363205     %
  ... mapping pairs                         97.1991272     %
  ... mapping pairs                         98.1619263     %
  ... mapping pairs                         99.1247253     %
 N singlet shells:          10
          shell:  1   1
          shell:  2   1
          shell:  3   1
          shell:  4   1
          shell:  5   1
          shell:  6   1
          shell:  7   1
          shell:  8   1
          shell:  9   1
          shell: 10   1
 N pair shells:         132
    shell:           1           1   0.0000000000000000     
    shell:           2           1   0.0000000000000000     
    shell:           3           1   0.0000000000000000     
    shell:           4           1   0.0000000000000000     
    shell:           5           1   0.0000000000000000     
    shell:           6           1   0.0000000000000000     
    shell:           7           1   0.0000000000000000     
    shell:           8           1   0.0000000000000000     
    shell:           9           1   0.0000000000000000     
    shell:          10           1   0.0000000000000000     
    shell:          11           2   1.7829812585773983     
    shell:          12           2   1.7831167243943975     
    shell:          13           2   1.7841124465722502     
    shell:          14           2   1.7841864718284122     
    shell:          15           2   1.8874815091194663     
    shell:          16           2   1.8875899814509598     
    shell:          17           2   1.8879983998356951     
    shell:          18           2   1.8881247520902178     
    shell:          19           2   1.9133960350968136     
    shell:          20           2   1.9141357773413439     
     ... and 112 more shells
 ... determined singlet nullspace
 ... determined pair nullspace
 ... determined dielectric tensor nullspace
 ... determined Born charge nullspace
 Interactions:
        firstorder forceconstant:          10          27
       secondorder forceconstant:         132        1098
        thirdorder forceconstant:           0           0
       fourthorder forceconstant:           0           0
             dielectric constant:           0           0
              dielectric singlet:          10         162
                 dielectric pair:           0           0
   born effective charge singlet:          10           0
      born effective charge pair:           0           0
   born effective charge triplet:           0           0
 
 READING SIMULATION FROM FILE
 ... made space and decided on heuristics
 ... reading simulation                     0.00000000     %
 ... reading simulation                    0.840336144     %
 ... reading simulation                     1.68067229     %
 ... reading simulation                     2.52100849     %
 ... reading simulation                     3.36134458     %
 ... reading simulation                     4.20168066     %
 ... reading simulation                     5.04201698     %
 ... reading simulation                     5.88235283     %
 ... reading simulation                     6.72268915     %
 ... reading simulation                     7.56302500     %
 ... reading simulation                     8.40336132     %
 ... reading simulation                     9.24369717     %
 ... reading simulation                     10.0840340     %
 ... reading simulation                     10.9243698     %
 ... reading simulation                     11.7647057     %
 ... reading simulation                     12.6050425     %
 ... reading simulation                     13.4453783     %
 ... reading simulation                     14.2857141     %
 ... reading simulation                     15.1260500     %
 ... reading simulation                     15.9663868     %
 ... reading simulation                     16.8067226     %
 ... reading simulation                     17.6470585     %
 ... reading simulation                     18.4873943     %
 ... reading simulation                     19.3277302     %
 ... reading simulation                     20.1680679     %
 ... reading simulation                     21.0084038     %
 ... reading simulation                     21.8487396     %
 ... reading simulation                     22.6890755     %
 ... reading simulation                     23.5294113     %
 ... reading simulation                     24.3697472     %
 ... reading simulation                     25.2100849     %
 ... reading simulation                     26.0504208     %
 ... reading simulation                     26.8907566     %
 ... reading simulation                     27.7310925     %
 ... reading simulation                     28.5714283     %
 ... reading simulation                     29.4117641     %
 ... reading simulation                     30.2521000     %
 ... reading simulation                     31.0924377     %
 ... reading simulation                     31.9327736     %
 ... reading simulation                     33.6134453     %
 ... reading simulation                     34.4537811     %
 ... reading simulation                     35.2941170     %
 ... reading simulation                     36.1344528     %
 ... reading simulation                     36.9747887     %
 ... reading simulation                     37.8151245     %
 ... reading simulation                     38.6554604     %
 ... reading simulation                     39.4958000     %
 ... reading simulation                     40.3361359     %
 ... reading simulation                     41.1764717     %
 ... reading simulation                     42.0168076     %
 ... reading simulation                     42.8571434     %
 ... reading simulation                     43.6974792     %
 ... reading simulation                     44.5378151     %
 ... reading simulation                     45.3781509     %
 ... reading simulation                     46.2184868     %
 ... reading simulation                     47.0588226     %
 ... reading simulation                     47.8991585     %
 ... reading simulation                     48.7394943     %
 ... reading simulation                     49.5798302     %
 ... reading simulation                     50.4201698     %
 ... reading simulation                     51.2605057     %
 ... reading simulation                     52.1008415     %
 ... reading simulation                     52.9411774     %
 ... reading simulation                     53.7815132     %
 ... reading simulation                     54.6218491     %
 ... reading simulation                     55.4621849     %
 ... reading simulation                     56.3025208     %
 ... reading simulation                     57.1428566     %
 ... reading simulation                     57.9831924     %
 ... reading simulation                     58.8235283     %
 ... reading simulation                     59.6638641     %
 ... reading simulation                     60.5042000     %
 ... reading simulation                     61.3445396     %
 ... reading simulation                     62.1848755     %
 ... reading simulation                     63.0252113     %
 ... reading simulation                     63.8655472     %
 ... reading simulation                     64.7058792     %
 ... reading simulation                     65.5462189     %
 ... reading simulation                     67.2268906     %
 ... reading simulation                     68.0672302     %
 ... reading simulation                     68.9075623     %
 ... reading simulation                     69.7479019     %
 ... reading simulation                     70.5882339     %
 ... reading simulation                     71.4285736     %
 ... reading simulation                     72.2689056     %
 ... reading simulation                     73.1092453     %
 ... reading simulation                     73.9495773     %
 ... reading simulation                     74.7899170     %
 ... reading simulation                     75.6302490     %
 ... reading simulation                     76.4705887     %
 ... reading simulation                     77.3109207     %
 ... reading simulation                     78.1512604     %
 ... reading simulation                     78.9916000     %
 ... reading simulation                     79.8319321     %
 ... reading simulation                     80.6722717     %
 ... reading simulation                     81.5126038     %
 ... reading simulation                     82.3529434     %
 ... reading simulation                     83.1932755     %
 ... reading simulation                     84.0336151     %
 ... reading simulation                     84.8739471     %
 ... reading simulation                     85.7142868     %
 ... reading simulation                     86.5546188     %
 ... reading simulation                     87.3949585     %
 ... reading simulation                     88.2352905     %
 ... reading simulation                     89.0756302     %
 ... reading simulation                     89.9159698     %
 ... reading simulation                     90.7563019     %
 ... reading simulation                     91.5966415     %
 ... reading simulation                     92.4369736     %
 ... reading simulation                     93.2773132     %
 ... reading simulation                     94.1176453     %
 ... reading simulation                     94.9579849     %
 ... reading simulation                     95.7983170     %
 ... reading simulation                     96.6386566     %
 ... reading simulation                     97.4789886     %
 ... reading simulation                     98.3193283     %
 ... reading simulation                     99.1596603     %
 ... reading simulation                     100.000000     %
 ... got displacements
 ... short summary of simulation:
                       number of atoms: 80
              number of configurations: 40
                         timestep (fs): 0.96760
               average temperature (K): 209.58763
                 thermostat set to (K): 209.58763
                average pressure (GPa): 0.00000
   average stresstensor xx xy xz (GPa):       0.0000       0.0000       0.0000 
   average stresstensor yx yy yz (GPa):       0.0000       0.0000       0.0000 
   average stresstensor zx zy zz (GPa):       0.0000       0.0000       0.0000 
 ... finished reading simulation (0.00539s)
 
 REPORT GRADE OF OVERDETERMINATION
     total number of equations:         9600
      number of FC up 1. order:           27   --> overdetermination ratio:        355.6
      number of FC up 2. order:         1125   --> overdetermination ratio:          8.5
 
 SOLVING FOR INTERACTION TENSORS
 ... distributed data
 ... no polar interactions to worry about
 
 GENERATING CONSTRAINTS
 ... 126 secondorder constraints (0.06786s)
 ... created 126 constraints (0.06786s)
 ... creating fc coefficients               0.00000000     %
 ... creating fc coefficients               2.56410265     %
 ... creating fc coefficients               5.12820530     %
 ... creating fc coefficients               7.69230747     %
 ... creating fc coefficients               10.2564106     %
 ... creating fc coefficients               12.8205128     %
 ... creating fc coefficients               15.3846149     %
 ... creating fc coefficients               17.9487171     %
 ... creating fc coefficients               20.5128212     %
 ... creating fc coefficients               23.0769234     %
 ... creating fc coefficients               25.6410255     %
 ... creating fc coefficients               28.2051277     %
 ... creating fc coefficients               30.7692299     %
 ... creating fc coefficients               33.3333321     %
 ... creating fc coefficients               35.8974342     %
 ... creating fc coefficients               38.4615402     %
 ... creating fc coefficients               41.0256424     %
 ... creating fc coefficients               43.5897446     %
 ... creating fc coefficients               46.1538467     %
 ... creating fc coefficients               48.7179489     %
 ... creating fc coefficients               51.2820511     %
 ... creating fc coefficients               53.8461533     %
 ... creating fc coefficients               56.4102554     %
 ... creating fc coefficients               58.9743576     %
 ... creating fc coefficients               61.5384598     %
 ... creating fc coefficients               64.1025620     %
 ... creating fc coefficients               66.6666641     %
 ... creating fc coefficients               69.2307663     %
 ... creating fc coefficients               71.7948685     %
 ... creating fc coefficients               74.3589706     %
 ... creating fc coefficients               76.9230804     %
 ... creating fc coefficients               79.4871826     %
 ... creating fc coefficients               82.0512848     %
 ... creating fc coefficients               84.6153870     %
 ... creating fc coefficients               87.1794891     %
 ... creating fc coefficients               89.7435913     %
 ... creating fc coefficients               92.3076935     %
 ... creating fc coefficients               94.8717957     %
 ... creating fc coefficients               97.4358978     %
 ... creating fc coefficients               100.000000     %
 ... least squares solver
 ... solved second order (2.57637s)
 ... solved first order (2.57797s)
 ... finished solving for forceconstants
 ... diagnostics from three-fold cross-validation:
                                   R^2     stddev energy (meV/atom)
                         input:                 7.5558433
                  second order:  0.99877        0.2047895
 residual forces per atom (eV/A):
           1   5.2915143857655631E-004   5.2491133505001310E-004   6.0947647365403349E-004
           2   2.5524323493693862E-003   5.0195427308071308E-004  -2.6506766752898658E-004
           3  -2.1438601170333809E-003  -1.3841669413940485E-003   1.2311752483656366E-003
           4  -2.3644415033756997E-003  -1.2205610495918017E-004  -2.1348949909058188E-003
           5   1.6656063087623835E-003  -1.4113572238988042E-003   2.0561276552642652E-003
           6  -1.1946335423297292E-003   2.2884261477429512E-003   1.8631847928125909E-003
           7  -2.2359761693511825E-004   9.3039595445259485E-004   2.8610524766707555E-005
           8  -4.8362481391998214E-003  -6.3425965528039231E-004  -4.0429855876188492E-003
           9   3.9957292137030205E-003  -2.0327132138682771E-005  -2.1230513905327840E-003
          10   2.0198616084624028E-003  -6.7352065265516487E-004   2.7774249417232061E-003
------------------------------------------------------------------------------------------
       RMSE:   2.5429905715198412E-003   1.0681336277681317E-003   2.0683906207283739E-003
 RMSE total:   0.345E-02 (eV/AA)

 .. write to outfile.forceconstant_firstorder

 
 ELASTIC CONSTANTS (short range) (GPa):
         466.91229         140.53013         661.81525        -305.87206         -72.76589         381.14577
         140.53013         206.00911         208.74629        -111.30770         260.35977        -774.53636
         661.81525         208.74629          75.68987         -18.45527         -27.52266         -71.66401
        -305.87206        -111.30770         -18.45527         155.41463          44.30337         154.82152
         -72.76589         260.35977         -27.52266          44.30337        -265.04544         280.44209
         381.14577        -774.53636         -71.66401         154.82152         280.44209         874.74050
 ELASTIC CONSTANTS (long range) (GPa):
           0.00000           0.00000           0.00000           0.00000           0.00000           0.00000
           0.00000           0.00000           0.00000           0.00000           0.00000           0.00000
           0.00000           0.00000           0.00000           0.00000           0.00000           0.00000
           0.00000           0.00000           0.00000           0.00000           0.00000           0.00000
           0.00000           0.00000           0.00000           0.00000           0.00000           0.00000
           0.00000           0.00000           0.00000           0.00000           0.00000           0.00000
 ELASTIC CONSTANTS (total) (GPa):
         466.91229         140.53013         661.81525        -305.87206         -72.76589         381.14577
         140.53013         206.00911         208.74629        -111.30770         260.35977        -774.53636
         661.81525         208.74629          75.68987         -18.45527         -27.52266         -71.66401
        -305.87206        -111.30770         -18.45527         155.41463          44.30337         154.82152
         -72.76589         260.35977         -27.52266          44.30337        -265.04544         280.44209
         381.14577        -774.53636         -71.66401         154.82152         280.44209         874.74050
 
 ENERGIES (meV/atom):
                     rms          std          std(res)
          input:    20.229109     7.583855     -
   second order:    20.298751     7.767709     0.204676
 
 FORCES (eV/A):
                     rms          rms(res)     std(res)     R^2(res)     normalized std(res)
          input:     0.802111     0.802111     0.463099     -            -
   second order:     0.801631     0.027737     0.016014     0.998804     0.034580             <-- anharmonicity measure
 
 BASELINE ENERGY (eV/atom):
             U0:              -1853.106472
 
 Since we have the first order, predict new reference positions.
 
 Done in 2.80902s
