 READ STRUCTURE AND SETUP CUTOFFS
 ... reading unitcell
 ... min cutoff:       1.94881
 ... max cutoff:      14.99995
 --> rc2 cutoff:       5.50000
 --> rc3 cutoff:      -1.00000
 --> rc4 cutoff:      -1.00000
 
 DETERMINING SYMMETRY OF INTERACTION TENSORS
 ... constructed distance tables (28.46276s)
 ... built singlets
 ... built pairs
 ... built prototype tuplets (0.01571s)
 ... expanded symmetry operations (0.00412s)
  ... reducing pairs                     100.0% |========================================|  0.00047s
  ... mapping pairs                      100.0% |========================================|  0.68093s
 N singlet shells:          10
          shell:  1   1
          shell:  2   1
          shell:  3   1
          shell:  4   1
          shell:  5   1
          shell:  6   1
          shell:  7   1
          shell:  8   1
          shell:  9   1
          shell: 10   1
 N pair shells:         120
    shell:           1           1   0.0000000000000000     
    shell:           2           1   0.0000000000000000     
    shell:           3           1   0.0000000000000000     
    shell:           4           1   0.0000000000000000     
    shell:           5           1   0.0000000000000000     
    shell:           6           1   0.0000000000000000     
    shell:           7           1   0.0000000000000000     
    shell:           8           1   0.0000000000000000     
    shell:           9           1   0.0000000000000000     
    shell:          10           1   0.0000000000000000     
    shell:          11           2   1.8089933454801457     
    shell:          12           2   1.8089933456105298     
    shell:          13           2   1.8162024182044780     
    shell:          14           2   1.8162024183161962     
    shell:          15           2   1.9211481239625934     
    shell:          16           2   1.9211481240587502     
    shell:          17           2   1.9211489045774215     
    shell:          18           2   1.9211489047211205     
    shell:          19           2   1.9468616021907552     
    shell:          20           2   1.9468616021931353     
     ... and 100 more shells
 ... determined singlet nullspace
 ... determined pair nullspace
 ... determined dielectric tensor nullspace
 ... determined Born charge nullspace
 Interactions:
        firstorder forceconstant:          10          27
       secondorder forceconstant:         120         990
        thirdorder forceconstant:           0           0
       fourthorder forceconstant:           0           0
             dielectric constant:           0           0
              dielectric singlet:          10         162
                 dielectric pair:           0           0
   born effective charge singlet:          10           0
      born effective charge pair:           0           0
   born effective charge triplet:           0           0
 
 READING SIMULATION FROM FILE
 ... made space and decided on heuristics
 ... reading simulation                  100.0% |========================================|  0.16332s
 ... got displacements
 ... short summary of simulation:
                       number of atoms: 16000
              number of configurations: 5
                         timestep (fs): 1000.00000
               average temperature (K): 10.00923
                 thermostat set to (K): 10.00000
                average pressure (GPa): 0.00000
   average stresstensor xx xy xz (GPa):       0.0000       0.0000       0.0000 
   average stresstensor yx yy yz (GPa):       0.0000       0.0000       0.0000 
   average stresstensor zx zy zz (GPa):       0.0000       0.0000       0.0000 
 ... finished reading simulation (0.19794s)
 
 REPORT GRADE OF OVERDETERMINATION
     total number of equations:       240000
      number of FC up 1. order:           27   --> overdetermination ratio:       8888.9
      number of FC up 2. order:         1017   --> overdetermination ratio:        236.0
 
 SOLVING FOR INTERACTION TENSORS
 ... distributed data
 ... no polar interactions to worry about
 
 GENERATING CONSTRAINTS
 ... 126 secondorder constraints (0.14051s)
 ... created 126 constraints (0.14188s)
 ... creating fc coefficients            100.0% |========================================|  4.90733s
 ... least squares solver
 ... solved second order (39.64155s)
 ... solved first order (40.37253s)
 ... finished solving for forceconstants
 ... diagnostics from three-fold cross-validation:
                                   R^2     stddev energy (meV/atom)
                         input:                 0.1866677
                  second order:  0.74980        0.1117331
 residual forces per atom (eV/A):
           1   7.9519464050930852E-006  -8.2611692070942494E-004   1.0255403550986639E-003
           2   1.6846797927926323E-005  -6.3410764123674119E-004  -4.8444187067923344E-003
           3   3.1764335377039855E-004   4.3896822198996764E-003   5.7081522684456019E-003
           4  -4.7479221649761891E-004   1.7693709174350188E-004  -7.1005769186464603E-004
           5   1.9941726805185519E-005   1.3698980859196781E-003   2.6022515798059058E-003
           6   3.3526235572830685E-004  -1.2417263244211372E-003   1.9543947083823904E-003
           7  -4.7278621080787288E-005   1.3596184714489016E-003  -5.1494174768822254E-003
           8   1.6670787167522225E-004   3.4696933615056450E-004   6.0232395316370674E-003
           9   2.7865686897757280E-005   2.6562018697792406E-005  -2.2644953927507894E-003
          10  -3.7014890163148371E-004  -4.9677163374928120E-003  -4.3451891750796350E-003
------------------------------------------------------------------------------------------
       RMSE:   2.4643133021286261E-004   2.2461421300270868E-003   3.9370446402176096E-003
 RMSE total:   0.454E-02 (eV/AA)

 .. write to outfile.forceconstant_firstorder

 
 ELASTIC CONSTANTS (short range) (GPa):
          73.49301           8.26580           8.13332           5.48957           0.20290           0.71753
           8.26580           7.79825          -0.32159          -0.45198          -0.11157           0.22673
           8.13332          -0.32159           3.24729           2.81848           0.05479           0.06245
           5.48957          -0.45198           2.81848           6.88296           0.02160           0.22766
           0.20290          -0.11157           0.05479           0.02160          19.97626           3.20139
           0.71753           0.22673           0.06245           0.22766           3.20139          23.46989
 ELASTIC CONSTANTS (long range) (GPa):
           0.00000           0.00000           0.00000           0.00000           0.00000           0.00000
           0.00000           0.00000           0.00000           0.00000           0.00000           0.00000
           0.00000           0.00000           0.00000           0.00000           0.00000           0.00000
           0.00000           0.00000           0.00000           0.00000           0.00000           0.00000
           0.00000           0.00000           0.00000           0.00000           0.00000           0.00000
           0.00000           0.00000           0.00000           0.00000           0.00000           0.00000
 ELASTIC CONSTANTS (total) (GPa):
          73.49301           8.26580           8.13332           5.48957           0.20290           0.71753
           8.26580           7.79825          -0.32159          -0.45198          -0.11157           0.22673
           8.13332          -0.32159           3.24729           2.81848           0.05479           0.06245
           5.48957          -0.45198           2.81848           6.88296           0.02160           0.22766
           0.20290          -0.11157           0.05479           0.02160          19.97626           3.20139
           0.71753           0.22673           0.06245           0.22766           3.20139          23.46989
 
 ENERGIES (meV/atom):
                     rms          std          std(res)
          input:     0.894028     0.282532     -
   second order:     0.862498     0.156339     0.140598
 
 FORCES (eV/A):
                     rms          rms(res)     std(res)     R^2(res)     normalized std(res)
          input:     0.169508     0.169508     0.097866     -            -
   second order:     0.147731     0.083118     0.047988     0.759558     0.490349             <-- anharmonicity measure
 
 BASELINE ENERGY (eV/atom):
             U0:                 -5.555095
 
 Since we have the first order, predict new reference positions.
 
 Done in 136.98632s
