 READ STRUCTURE AND SETUP CUTOFFS
 ... reading unitcell
 ... min cutoff:       1.89001
 ... max cutoff:       5.67126
 --> rc2 cutoff:       2.50000
 --> rc3 cutoff:      -1.00000
 --> rc4 cutoff:      -1.00000
 
 DETERMINING SYMMETRY OF INTERACTION TENSORS
 ... constructed distance tables (0.00605s)
 ... built singlets
 ... built pairs
 ... built prototype tuplets (0.00004s)
 ... expanded symmetry operations (0.00086s)
  ... reducing pairs                        0.00000000     %
  ... reducing pairs                        2.43902445     %
  ... reducing pairs                        4.87804890     %
  ... reducing pairs                        7.31707335     %
  ... reducing pairs                        9.75609779     %
  ... reducing pairs                        12.1951218     %
  ... reducing pairs                        14.6341467     %
  ... reducing pairs                        17.0731716     %
  ... reducing pairs                        19.5121956     %
  ... reducing pairs                        21.9512196     %
  ... reducing pairs                        24.3902435     %
  ... reducing pairs                        26.8292675     %
  ... reducing pairs                        29.2682934     %
  ... reducing pairs                        31.7073174     %
  ... reducing pairs                        34.1463432     %
  ... reducing pairs                        36.5853653     %
  ... reducing pairs                        39.0243912     %
  ... reducing pairs                        41.4634132     %
  ... reducing pairs                        43.9024391     %
  ... reducing pairs                        46.3414650     %
  ... reducing pairs                        48.7804871     %
  ... reducing pairs                        51.2195129     %
  ... reducing pairs                        53.6585350     %
  ... reducing pairs                        56.0975609     %
  ... reducing pairs                        58.5365868     %
  ... reducing pairs                        60.9756088     %
  ... reducing pairs                        63.4146347     %
  ... reducing pairs                        65.8536606     %
  ... reducing pairs                        68.2926865     %
  ... reducing pairs                        70.7317047     %
  ... reducing pairs                        73.1707306     %
  ... reducing pairs                        75.6097565     %
  ... reducing pairs                        78.0487823     %
  ... reducing pairs                        80.4878082     %
  ... reducing pairs                        82.9268265     %
  ... reducing pairs                        85.3658524     %
  ... reducing pairs                        87.8048782     %
  ... reducing pairs                        90.2439041     %
  ... reducing pairs                        92.6829300     %
  ... reducing pairs                        95.1219482     %
  ... reducing pairs                        97.5609741     %
  ... reducing pairs                        100.000000     %
  ... mapping pairs                        0.530503988     %
  ... mapping pairs                         1.32625997     %
  ... mapping pairs                         2.12201595     %
  ... mapping pairs                         2.91777182     %
  ... mapping pairs                         3.71352792     %
  ... mapping pairs                         4.50928402     %
  ... mapping pairs                         5.30503988     %
  ... mapping pairs                         6.10079575     %
  ... mapping pairs                         6.89655161     %
  ... mapping pairs                         7.69230747     %
  ... mapping pairs                         8.48806381     %
  ... mapping pairs                         9.28381920     %
  ... mapping pairs                         10.0795755     %
  ... mapping pairs                         10.8753319     %
  ... mapping pairs                         11.6710873     %
  ... mapping pairs                         12.4668436     %
  ... mapping pairs                         13.2625999     %
  ... mapping pairs                         14.0583553     %
  ... mapping pairs                         14.8541117     %
  ... mapping pairs                         15.6498671     %
  ... mapping pairs                         16.4456234     %
  ... mapping pairs                         17.2413788     %
  ... mapping pairs                         18.0371361     %
  ... mapping pairs                         18.8328915     %
  ... mapping pairs                         19.6286469     %
  ... mapping pairs                         20.4244022     %
  ... mapping pairs                         21.2201595     %
  ... mapping pairs                         22.0159149     %
  ... mapping pairs                         22.8116703     %
  ... mapping pairs                         23.6074276     %
  ... mapping pairs                         24.4031830     %
  ... mapping pairs                         25.1989384     %
  ... mapping pairs                         25.9946957     %
  ... mapping pairs                         26.7904510     %
  ... mapping pairs                         27.5862064     %
  ... mapping pairs                         28.3819637     %
  ... mapping pairs                         29.1777191     %
  ... mapping pairs                         29.9734745     %
  ... mapping pairs                         30.7692299     %
  ... mapping pairs                         31.5649872     %
  ... mapping pairs                         32.3607445     %
  ... mapping pairs                         33.1564980     %
  ... mapping pairs                         33.9522552     %
  ... mapping pairs                         34.7480087     %
  ... mapping pairs                         35.5437660     %
  ... mapping pairs                         36.3395233     %
  ... mapping pairs                         37.1352768     %
  ... mapping pairs                         37.9310341     %
  ... mapping pairs                         38.7267914     %
  ... mapping pairs                         39.5225449     %
  ... mapping pairs                         40.3183022     %
  ... mapping pairs                         41.1140594     %
  ... mapping pairs                         41.9098129     %
  ... mapping pairs                         42.7055702     %
  ... mapping pairs                         43.5013275     %
  ... mapping pairs                         44.2970810     %
  ... mapping pairs                         45.0928383     %
  ... mapping pairs                         45.8885956     %
  ... mapping pairs                         46.6843491     %
  ... mapping pairs                         47.4801064     %
  ... mapping pairs                         48.2758636     %
  ... mapping pairs                         49.0716171     %
  ... mapping pairs                         49.8673744     %
  ... mapping pairs                         50.6631317     %
  ... mapping pairs                         51.4588852     %
  ... mapping pairs                         52.2546425     %
  ... mapping pairs                         53.0503998     %
  ... mapping pairs                         53.8461533     %
  ... mapping pairs                         54.6419106     %
  ... mapping pairs                         55.4376640     %
  ... mapping pairs                         56.2334213     %
  ... mapping pairs                         57.0291786     %
  ... mapping pairs                         57.8249321     %
  ... mapping pairs                         58.6206894     %
  ... mapping pairs                         59.4164467     %
  ... mapping pairs                         60.2122002     %
  ... mapping pairs                         61.0079575     %
  ... mapping pairs                         61.8037148     %
  ... mapping pairs                         62.5994682     %
  ... mapping pairs                         63.3952255     %
  ... mapping pairs                         64.1909790     %
  ... mapping pairs                         64.9867401     %
  ... mapping pairs                         65.7824936     %
  ... mapping pairs                         66.5782471     %
  ... mapping pairs                         67.3740082     %
  ... mapping pairs                         68.1697617     %
  ... mapping pairs                         68.9655151     %
  ... mapping pairs                         69.7612762     %
  ... mapping pairs                         70.5570297     %
  ... mapping pairs                         71.3527832     %
  ... mapping pairs                         72.1485443     %
  ... mapping pairs                         72.9442978     %
  ... mapping pairs                         73.7400513     %
  ... mapping pairs                         74.5358124     %
  ... mapping pairs                         75.3315659     %
  ... mapping pairs                         76.1273193     %
  ... mapping pairs                         76.9230804     %
  ... mapping pairs                         77.7188339     %
  ... mapping pairs                         78.5145874     %
  ... mapping pairs                         79.3103485     %
  ... mapping pairs                         80.1061020     %
  ... mapping pairs                         80.9018555     %
  ... mapping pairs                         81.6976089     %
  ... mapping pairs                         82.4933701     %
  ... mapping pairs                         83.2891235     %
  ... mapping pairs                         84.0848770     %
  ... mapping pairs                         84.8806381     %
  ... mapping pairs                         85.6763916     %
  ... mapping pairs                         86.4721451     %
  ... mapping pairs                         87.2679062     %
  ... mapping pairs                         88.0636597     %
  ... mapping pairs                         88.8594131     %
  ... mapping pairs                         89.6551743     %
  ... mapping pairs                         90.4509277     %
  ... mapping pairs                         91.2466812     %
  ... mapping pairs                         92.0424423     %
  ... mapping pairs                         92.8381958     %
  ... mapping pairs                         93.6339493     %
  ... mapping pairs                         94.4297104     %
  ... mapping pairs                         95.2254639     %
  ... mapping pairs                         96.0212173     %
  ... mapping pairs                         96.8169785     %
  ... mapping pairs                         97.6127319     %
  ... mapping pairs                         98.4084854     %
  ... mapping pairs                         99.2042465     %
  ... mapping pairs                         100.000000     %
 N singlet shells:          10
          shell:  1   1
          shell:  2   1
          shell:  3   1
          shell:  4   1
          shell:  5   1
          shell:  6   1
          shell:  7   1
          shell:  8   1
          shell:  9   1
          shell: 10   1
 N pair shells:          26
    shell:           1           1   0.0000000000000000     
    shell:           2           1   0.0000000000000000     
    shell:           3           1   0.0000000000000000     
    shell:           4           1   0.0000000000000000     
    shell:           5           1   0.0000000000000000     
    shell:           6           1   0.0000000000000000     
    shell:           7           1   0.0000000000000000     
    shell:           8           1   0.0000000000000000     
    shell:           9           1   0.0000000000000000     
    shell:          10           1   0.0000000000000000     
    shell:          11           2   1.7829812585773983     
    shell:          12           2   1.7831167243943975     
    shell:          13           2   1.7841124465722502     
    shell:          14           2   1.7841864718284122     
    shell:          15           2   1.8874815091194663     
    shell:          16           2   1.8875899814509598     
    shell:          17           2   1.8879983998356951     
    shell:          18           2   1.8881247520902178     
    shell:          19           2   1.9133960350968136     
    shell:          20           2   1.9141357773413439     
     ... and 6 more shells
 ... determined singlet nullspace
 ... determined pair nullspace
 ... determined dielectric tensor nullspace
 ... determined Born charge nullspace
 Interactions:
        firstorder forceconstant:          10          27
       secondorder forceconstant:          26         144
        thirdorder forceconstant:           0           0
       fourthorder forceconstant:           0           0
             dielectric constant:           0           0
              dielectric singlet:          10         162
                 dielectric pair:           0           0
   born effective charge singlet:          10           0
      born effective charge pair:           0           0
   born effective charge triplet:           0           0
 
 READING SIMULATION FROM FILE
 ... made space and decided on heuristics
 ... reading simulation                     3.59897161     %
 ... reading simulation                     7.45501280     %
 ... reading simulation                     11.3110542     %
 ... reading simulation                     15.1670952     %
 ... reading simulation                     19.0231361     %
 ... reading simulation                     22.8791771     %
 ... reading simulation                     26.7352180     %
 ... reading simulation                     30.5912590     %
 ... reading simulation                     34.4473000     %
 ... reading simulation                     38.3033409     %
 ... reading simulation                     42.1593819     %
 ... reading simulation                     46.0154228     %
 ... reading simulation                     49.8714638     %
 ... reading simulation                     53.7275047     %
 ... reading simulation                     57.5835457     %
 ... reading simulation                     61.4395905     %
 ... reading simulation                     65.2956314     %
 ... reading simulation                     69.1516724     %
 ... reading simulation                     73.0077133     %
 ... reading simulation                     76.8637543     %
 ... reading simulation                     80.7197952     %
 ... reading simulation                     84.5758362     %
 ... reading simulation                     88.4318771     %
 ... reading simulation                     92.2879181     %
 ... reading simulation                     96.1439590     %
 ... reading simulation                     100.000000     %
 ... got displacements
 ... short summary of simulation:
                       number of atoms: 80
              number of configurations: 130
                         timestep (fs): 0.96760
               average temperature (K): 231.42836
                 thermostat set to (K): 231.42836
                average pressure (GPa): 0.00000
   average stresstensor xx xy xz (GPa):       0.0000       0.0000       0.0000 
   average stresstensor yx yy yz (GPa):       0.0000       0.0000       0.0000 
   average stresstensor zx zy zz (GPa):       0.0000       0.0000       0.0000 
 ... finished reading simulation (0.02205s)
 
 REPORT GRADE OF OVERDETERMINATION
     total number of equations:        31200
      number of FC up 1. order:           27   --> overdetermination ratio:       1155.6
      number of FC up 2. order:          171   --> overdetermination ratio:        182.5
 
 SOLVING FOR INTERACTION TENSORS
 ... distributed data
 ... no polar interactions to worry about
 
 GENERATING CONSTRAINTS
 ... 114 secondorder constraints (0.01657s)
 ... created 114 constraints (0.01658s)
 ... creating fc coefficients               0.00000000     %
 ... creating fc coefficients              0.775193810     %
 ... creating fc coefficients               1.55038762     %
 ... creating fc coefficients               2.32558131     %
 ... creating fc coefficients               3.10077524     %
 ... creating fc coefficients               3.87596893     %
 ... creating fc coefficients               4.65116262     %
 ... creating fc coefficients               5.42635679     %
 ... creating fc coefficients               6.20155048     %
 ... creating fc coefficients               6.97674417     %
 ... creating fc coefficients               7.75193787     %
 ... creating fc coefficients               8.52713203     %
 ... creating fc coefficients               9.30232525     %
 ... creating fc coefficients               10.0775194     %
 ... creating fc coefficients               10.8527136     %
 ... creating fc coefficients               11.6279068     %
 ... creating fc coefficients               12.4031010     %
 ... creating fc coefficients               13.1782942     %
 ... creating fc coefficients               13.9534883     %
 ... creating fc coefficients               14.7286825     %
 ... creating fc coefficients               15.5038757     %
 ... creating fc coefficients               16.2790699     %
 ... creating fc coefficients               17.0542641     %
 ... creating fc coefficients               17.8294582     %
 ... creating fc coefficients               18.6046505     %
 ... creating fc coefficients               19.3798447     %
 ... creating fc coefficients               20.1550388     %
 ... creating fc coefficients               20.9302330     %
 ... creating fc coefficients               21.7054272     %
 ... creating fc coefficients               22.4806194     %
 ... creating fc coefficients               23.2558136     %
 ... creating fc coefficients               24.0310078     %
 ... creating fc coefficients               24.8062019     %
 ... creating fc coefficients               25.5813961     %
 ... creating fc coefficients               26.3565884     %
 ... creating fc coefficients               27.1317825     %
 ... creating fc coefficients               27.9069767     %
 ... creating fc coefficients               28.6821709     %
 ... creating fc coefficients               29.4573650     %
 ... creating fc coefficients               30.2325573     %
 ... creating fc coefficients               31.0077515     %
 ... creating fc coefficients               31.7829456     %
 ... creating fc coefficients               32.5581398     %
 ... creating fc coefficients               33.3333321     %
 ... creating fc coefficients               34.1085281     %
 ... creating fc coefficients               34.8837204     %
 ... creating fc coefficients               35.6589165     %
 ... creating fc coefficients               36.4341087     %
 ... creating fc coefficients               37.2093010     %
 ... creating fc coefficients               37.9844971     %
 ... creating fc coefficients               38.7596893     %
 ... creating fc coefficients               39.5348854     %
 ... creating fc coefficients               40.3100777     %
 ... creating fc coefficients               41.0852699     %
 ... creating fc coefficients               41.8604660     %
 ... creating fc coefficients               42.6356583     %
 ... creating fc coefficients               43.4108543     %
 ... creating fc coefficients               44.1860466     %
 ... creating fc coefficients               44.9612389     %
 ... creating fc coefficients               45.7364349     %
 ... creating fc coefficients               46.5116272     %
 ... creating fc coefficients               47.2868233     %
 ... creating fc coefficients               48.0620155     %
 ... creating fc coefficients               48.8372078     %
 ... creating fc coefficients               49.6124039     %
 ... creating fc coefficients               50.3875961     %
 ... creating fc coefficients               51.1627922     %
 ... creating fc coefficients               51.9379845     %
 ... creating fc coefficients               52.7131767     %
 ... creating fc coefficients               53.4883728     %
 ... creating fc coefficients               54.2635651     %
 ... creating fc coefficients               55.0387611     %
 ... creating fc coefficients               55.8139534     %
 ... creating fc coefficients               56.5891457     %
 ... creating fc coefficients               57.3643417     %
 ... creating fc coefficients               58.1395340     %
 ... creating fc coefficients               58.9147301     %
 ... creating fc coefficients               59.6899223     %
 ... creating fc coefficients               60.4651146     %
 ... creating fc coefficients               61.2403107     %
 ... creating fc coefficients               62.0155029     %
 ... creating fc coefficients               62.7906990     %
 ... creating fc coefficients               63.5658913     %
 ... creating fc coefficients               64.3410873     %
 ... creating fc coefficients               65.1162796     %
 ... creating fc coefficients               65.8914719     %
 ... creating fc coefficients               66.6666641     %
 ... creating fc coefficients               67.4418640     %
 ... creating fc coefficients               68.2170563     %
 ... creating fc coefficients               68.9922485     %
 ... creating fc coefficients               69.7674408     %
 ... creating fc coefficients               70.5426331     %
 ... creating fc coefficients               71.3178329     %
 ... creating fc coefficients               72.0930252     %
 ... creating fc coefficients               72.8682175     %
 ... creating fc coefficients               73.6434097     %
 ... creating fc coefficients               74.4186020     %
 ... creating fc coefficients               75.1938019     %
 ... creating fc coefficients               75.9689941     %
 ... creating fc coefficients               76.7441864     %
 ... creating fc coefficients               77.5193787     %
 ... creating fc coefficients               78.2945709     %
 ... creating fc coefficients               79.0697708     %
 ... creating fc coefficients               79.8449631     %
 ... creating fc coefficients               80.6201553     %
 ... creating fc coefficients               81.3953476     %
 ... creating fc coefficients               82.1705399     %
 ... creating fc coefficients               82.9457397     %
 ... creating fc coefficients               83.7209320     %
 ... creating fc coefficients               84.4961243     %
 ... creating fc coefficients               85.2713165     %
 ... creating fc coefficients               86.0465088     %
 ... creating fc coefficients               86.8217087     %
 ... creating fc coefficients               87.5969009     %
 ... creating fc coefficients               88.3720932     %
 ... creating fc coefficients               89.1472855     %
 ... creating fc coefficients               89.9224777     %
 ... creating fc coefficients               90.6976776     %
 ... creating fc coefficients               91.4728699     %
 ... creating fc coefficients               92.2480621     %
 ... creating fc coefficients               93.0232544     %
 ... creating fc coefficients               93.7984467     %
 ... creating fc coefficients               94.5736465     %
 ... creating fc coefficients               95.3488388     %
 ... creating fc coefficients               96.1240311     %
 ... creating fc coefficients               96.8992233     %
 ... creating fc coefficients               97.6744156     %
 ... creating fc coefficients               98.4496155     %
 ... creating fc coefficients               99.2248077     %
 ... creating fc coefficients               100.000000     %
 ... least squares solver
 ... solved second order (0.13042s)
 ... solved first order (0.13990s)
 ... finished solving for forceconstants
 ... diagnostics from three-fold cross-validation:
                                   R^2     stddev energy (meV/atom)
                         input:                 8.1245365
                  second order:  0.60311        3.1771059
 residual forces per atom (eV/A):
           1  0.14567592010324157      -0.13184489947080888       -4.9464477609631512E-002
           2   8.0701163501135445E-002  0.12569659492399271        7.6700989350303936E-002
           3   7.0806938515004927E-002 -0.20246175279389977       -2.4167390599661501E-002
           4   4.3636622979978161E-002  0.15402992611402777       -3.0030699313474568E-003
           5  -1.9849633993846726E-002  -5.1372839179211455E-002   1.2352292202626765E-002
           6 -0.10014321636911169        6.9691123386930051E-002  -3.8513510756758948E-002
           7 -0.10661114750826521       -8.9175795751606241E-003  -5.7747811646146454E-003
           8   1.7569166028432174E-002   2.5328975393703542E-002  -1.2178263025553335E-002
           9 -0.13394717169361398        2.2009603280289294E-002   1.8715086999879114E-003
          10   2.1613584370453955E-003  -2.1591520798626479E-003   4.2176702834648791E-002
------------------------------------------------------------------------------------------
       RMSE:   8.6426691069798250E-002  0.10324963779768156        3.5387514942453305E-002
 RMSE total:   0.139E+00 (eV/AA)

 .. write to outfile.forceconstant_firstorder

 
 ELASTIC CONSTANTS (short range) (GPa):
          40.50712           6.33002           3.08515         -11.43018           1.43997          -0.69269
           6.33002          40.09671           2.78009          -2.98488          -0.22960          -1.37903
           3.08515           2.78009           5.27924           2.28816           0.08690           0.14631
         -11.43018          -2.98488           2.28816           8.17200          -0.23903          -0.07855
           1.43997          -0.22960           0.08690          -0.23903           9.61570          -4.00888
          -0.69269          -1.37903           0.14631          -0.07855          -4.00888          14.79745
 ELASTIC CONSTANTS (long range) (GPa):
           0.00000           0.00000           0.00000           0.00000           0.00000           0.00000
           0.00000           0.00000           0.00000           0.00000           0.00000           0.00000
           0.00000           0.00000           0.00000           0.00000           0.00000           0.00000
           0.00000           0.00000           0.00000           0.00000           0.00000           0.00000
           0.00000           0.00000           0.00000           0.00000           0.00000           0.00000
           0.00000           0.00000           0.00000           0.00000           0.00000           0.00000
 ELASTIC CONSTANTS (total) (GPa):
          40.50712           6.33002           3.08515         -11.43018           1.43997          -0.69269
           6.33002          40.09671           2.78009          -2.98488          -0.22960          -1.37903
           3.08515           2.78009           5.27924           2.28816           0.08690           0.14631
         -11.43018          -2.98488           2.28816           8.17200          -0.23903          -0.07855
           1.43997          -0.22960           0.08690          -0.23903           9.61570          -4.00888
          -0.69269          -1.37903           0.14631          -0.07855          -4.00888          14.79745
 
 ENERGIES (meV/atom):
                     rms          std          std(res)
          input:    18.828917     8.133919     -
   second order:    18.001471     5.973732     3.180654
 
 FORCES (eV/A):
                     rms          rms(res)     std(res)     R^2(res)     normalized std(res)
          input:     0.934254     0.934254     0.539392     -            -
   second order:     0.725548     0.588566     0.339809     0.603118     0.629985             <-- anharmonicity measure
 
 BASELINE ENERGY (eV/atom):
             U0:              -1853.095145
 
 Since we have the first order, predict new reference positions.
 
 Done in 0.36027s
