
     Program Q2R v.7.0 starts on 19Jul2026 at  0:51: 6 

     This program is part of the open-source Quantum ESPRESSO suite
     for quantum simulation of materials; please cite
         "P. Giannozzi et al., J. Phys.:Condens. Matter 21 395502 (2009);
         "P. Giannozzi et al., J. Phys.:Condens. Matter 29 465901 (2017);
         "P. Giannozzi et al., J. Chem. Phys. 152 154105 (2020);
          URL http://www.quantum-espresso.org", 
     in publications or presentations arising from this work. More details at
     http://www.quantum-espresso.org/quote

     Parallel version (MPI), running on    38 processors

     MPI processes distributed on     1 nodes
     R & G space division:  proc/nbgrp/npool/nimage =      38
     373052 MiB available memory on the printing compute node when the environment starts


     reading grid info from file Ga2O3.dyn0    
  reading force constants from file Ga2O3.dyn1
 macroscopic fields = T
   4.70946  -0.02095   0.03697
  -0.02095   4.78888   0.00915
   0.03697   0.00915   4.91068
  na=            1
   3.35364  -0.05889  -0.45019
  -0.05889   3.57691  -0.11146
  -0.17767  -0.04399   3.20866
  na=            2
   3.35364  -0.05889  -0.45019
  -0.05889   3.57691  -0.11146
  -0.17767  -0.04399   3.20866
  na=            3
   2.80386  -0.04830   0.36808
  -0.04830   2.98699   0.09113
   0.14257   0.03530   3.17276
  na=            4
   2.80386  -0.04830   0.36808
  -0.04830   2.98699   0.09113
   0.14257   0.03530   3.17276
  na=            5
  -2.39096   0.00219   0.23962
   0.00219  -2.39927   0.05932
   0.28964   0.07171  -1.32899
  na=            6
  -2.39096   0.00219   0.23962
   0.00219  -2.39927   0.05932
   0.28964   0.07171  -1.32899
  na=            7
  -2.31891  -0.07450  -0.21620
  -0.07450  -2.03643  -0.05353
  -0.28599  -0.07081  -2.44067
  na=            8
  -2.31891  -0.07450  -0.21620
  -0.07450  -2.03643  -0.05353
  -0.28599  -0.07081  -2.44067
  na=            9
  -1.46632   0.17948   0.05656
   0.17948  -2.14681   0.01400
   0.03152   0.00781  -2.62661
  na=           10
  -1.46632   0.17948   0.05656
   0.17948  -2.14681   0.01400
   0.03152   0.00781  -2.62661
Norm of the difference between old and new effective charges:    0.01919600577811622980
  nqs=            1
 q=   0.00000000  0.00000000  0.00000000
  reading force constants from file Ga2O3.dyn2
  nqs=            1
 q=  -0.00104557 -0.00025887 -0.56220055
  reading force constants from file Ga2O3.dyn3
  nqs=            1
 q=  -0.00243494 -1.06198314  0.06226445
  reading force constants from file Ga2O3.dyn4
  nqs=            1
 q=  -0.00348052 -1.06224202 -0.49993610
  reading force constants from file Ga2O3.dyn5
  nqs=            1
 q=  -0.49763326  0.93817657  0.06226439
  reading force constants from file Ga2O3.dyn6
  nqs=            1
 q=  -0.49867883  0.93791769 -0.49993616
  reading force constants from file Ga2O3.dyn7
  nqs=            1
 q=  -0.50006821 -0.12380658  0.12452884
  reading force constants from file Ga2O3.dyn8
  nqs=            1
 q=  -0.50111378 -0.12406545 -0.43767171

      q-space grid ok, #points =    8

      fft-check warning: sum of imaginary terms = 4.368690E-06

     Q2R          :      0.09s CPU      0.25s WALL


   This run was terminated on:   0:51: 7  19Jul2026            

=------------------------------------------------------------------------------=
   JOB DONE.
=------------------------------------------------------------------------------=
