
     Program MATDYN v.7.0 starts on 19Jul2026 at  0:55:39 

     This program is part of the open-source Quantum ESPRESSO suite
     for quantum simulation of materials; please cite
         "P. Giannozzi et al., J. Phys.:Condens. Matter 21 395502 (2009);
         "P. Giannozzi et al., J. Phys.:Condens. Matter 29 465901 (2017);
         "P. Giannozzi et al., J. Chem. Phys. 152 154105 (2020);
          URL http://www.quantum-espresso.org", 
     in publications or presentations arising from this work. More details at
     http://www.quantum-espresso.org/quote

     Parallel version (MPI), running on    38 processors

     MPI processes distributed on     1 nodes
     R & G space division:  proc/nbgrp/npool/nimage =      38
     372722 MiB available memory on the printing compute node when the environment starts

 mass for atomic type   1 not given; uses mass from file Ga2O3.fc                                                                                                                                                                                                                                                        
 mass for atomic type   2 not given; uses mass from file Ga2O3.fc                                                                                                                                                                                                                                                        
Norm of the difference between old and new effective charges:    0.00000012649110655389
Norm of the difference between old and new force-constants:   0.02228396252498262078
     Max |d(i,j)-d*(j,i)| =  0.003964
     Max |d(i,j)-d*(j,i)|/|d(i,j)|:  16.3725%
     Max |d(i,j)-d*(j,i)| =  0.003964
     Max |d(i,j)-d*(j,i)|/|d(i,j)|:  16.3751%
     Max |d(i,j)-d*(j,i)| =  0.003964
     Max |d(i,j)-d*(j,i)|/|d(i,j)|:  16.3829%
     Max |d(i,j)-d*(j,i)| =  0.003964
     Max |d(i,j)-d*(j,i)|/|d(i,j)|:  16.3958%
     Max |d(i,j)-d*(j,i)| =  0.003964
     Max |d(i,j)-d*(j,i)|/|d(i,j)|:  16.4137%
     Max |d(i,j)-d*(j,i)| =  0.003964
     Max |d(i,j)-d*(j,i)|/|d(i,j)|:  16.4363%
     Max |d(i,j)-d*(j,i)| =  0.003964
     Max |d(i,j)-d*(j,i)|/|d(i,j)|:  16.4636%
     Max |d(i,j)-d*(j,i)| =  0.003964
     Max |d(i,j)-d*(j,i)|/|d(i,j)|:  16.4953%
     Max |d(i,j)-d*(j,i)| =  0.003964
     Max |d(i,j)-d*(j,i)|/|d(i,j)|:  16.5310%
     Max |d(i,j)-d*(j,i)| =  0.003964
     Max |d(i,j)-d*(j,i)|/|d(i,j)|:  16.5704%
     Max |d(i,j)-d*(j,i)| =  0.003964
     Max |d(i,j)-d*(j,i)|/|d(i,j)|:  16.6132%
     Max |d(i,j)-d*(j,i)| =  0.003964
     Max |d(i,j)-d*(j,i)|/|d(i,j)|:  16.6589%
     Max |d(i,j)-d*(j,i)| =  0.003964
     Max |d(i,j)-d*(j,i)|/|d(i,j)|:  16.7073%
     Max |d(i,j)-d*(j,i)| =  0.003964
     Max |d(i,j)-d*(j,i)|/|d(i,j)|:  16.7578%
     Max |d(i,j)-d*(j,i)| =  0.003964
     Max |d(i,j)-d*(j,i)|/|d(i,j)|:  16.8100%
     Max |d(i,j)-d*(j,i)| =  0.003964
     Max |d(i,j)-d*(j,i)|/|d(i,j)|:  16.8635%
     Max |d(i,j)-d*(j,i)| =  0.003964
     Max |d(i,j)-d*(j,i)|/|d(i,j)|:  16.9178%
     Max |d(i,j)-d*(j,i)| =  0.003964
     Max |d(i,j)-d*(j,i)|/|d(i,j)|:  16.9726%
     Max |d(i,j)-d*(j,i)| =  0.003964
     Max |d(i,j)-d*(j,i)|/|d(i,j)|:  17.0275%
     Max |d(i,j)-d*(j,i)| =  0.003964
     Max |d(i,j)-d*(j,i)|/|d(i,j)|:  17.0819%
     Max |d(i,j)-d*(j,i)| =  0.003964
     Max |d(i,j)-d*(j,i)|/|d(i,j)|:  17.1357%
     Max |d(i,j)-d*(j,i)| =  0.003964
     Max |d(i,j)-d*(j,i)|/|d(i,j)|:  17.1883%
     Max |d(i,j)-d*(j,i)| =  0.003964
     Max |d(i,j)-d*(j,i)|/|d(i,j)|:  17.2396%
     Max |d(i,j)-d*(j,i)| =  0.003964
     Max |d(i,j)-d*(j,i)|/|d(i,j)|:  17.2891%
     Max |d(i,j)-d*(j,i)| =  0.003964
     Max |d(i,j)-d*(j,i)|/|d(i,j)|:  17.3367%
     Max |d(i,j)-d*(j,i)| =  0.003964
     Max |d(i,j)-d*(j,i)|/|d(i,j)|:  17.3822%
     Max |d(i,j)-d*(j,i)| =  0.003964
     Max |d(i,j)-d*(j,i)|/|d(i,j)|:  17.4252%
     Max |d(i,j)-d*(j,i)| =  0.003964
     Max |d(i,j)-d*(j,i)|/|d(i,j)|:  17.4658%
     Max |d(i,j)-d*(j,i)| =  0.003964
     Max |d(i,j)-d*(j,i)|/|d(i,j)|:  17.5036%
     Max |d(i,j)-d*(j,i)| =  0.003964
     Max |d(i,j)-d*(j,i)|/|d(i,j)|:  17.5387%
     Max |d(i,j)-d*(j,i)| =  0.003964
     Max |d(i,j)-d*(j,i)|/|d(i,j)|:  17.5708%
     Max |d(i,j)-d*(j,i)| =  0.003964
     Max |d(i,j)-d*(j,i)|/|d(i,j)|:  17.6001%
     Max |d(i,j)-d*(j,i)| =  0.003964
     Max |d(i,j)-d*(j,i)|/|d(i,j)|:  17.6263%
     Max |d(i,j)-d*(j,i)| =  0.003964
     Max |d(i,j)-d*(j,i)|/|d(i,j)|:  17.6494%
     Max |d(i,j)-d*(j,i)| =  0.003964
     Max |d(i,j)-d*(j,i)|/|d(i,j)|:  17.6695%
     Max |d(i,j)-d*(j,i)| =  0.003964
     Max |d(i,j)-d*(j,i)|/|d(i,j)|:  17.6866%
     Max |d(i,j)-d*(j,i)| =  0.003964
     Max |d(i,j)-d*(j,i)|/|d(i,j)|:  17.7005%
     Max |d(i,j)-d*(j,i)| =  0.003964
     Max |d(i,j)-d*(j,i)|/|d(i,j)|:  17.7113%
     Max |d(i,j)-d*(j,i)| =  0.003964
     Max |d(i,j)-d*(j,i)|/|d(i,j)|:  17.7191%
     Max |d(i,j)-d*(j,i)| =  0.003964
     Max |d(i,j)-d*(j,i)|/|d(i,j)|:  17.7237%
     Max |d(i,j)-d*(j,i)| =  0.003964
     Max |d(i,j)-d*(j,i)|/|d(i,j)|:  17.7253%
     Max |d(i,j)-d*(j,i)| =  0.003964
     Max |d(i,j)-d*(j,i)|/|d(i,j)|:  17.7195%
     Max |d(i,j)-d*(j,i)| =  0.003964
     Max |d(i,j)-d*(j,i)|/|d(i,j)|:  17.7021%
     Max |d(i,j)-d*(j,i)| =  0.003964
     Max |d(i,j)-d*(j,i)|/|d(i,j)|:  17.6731%
     Max |d(i,j)-d*(j,i)| =  0.003964
     Max |d(i,j)-d*(j,i)|/|d(i,j)|:  17.6328%
     Max |d(i,j)-d*(j,i)| =  0.003964
     Max |d(i,j)-d*(j,i)|/|d(i,j)|:  17.5811%
     Max |d(i,j)-d*(j,i)| =  0.003964
     Max |d(i,j)-d*(j,i)|/|d(i,j)|:  17.5182%
     Max |d(i,j)-d*(j,i)| =  0.003964
     Max |d(i,j)-d*(j,i)|/|d(i,j)|:  17.4444%
     Max |d(i,j)-d*(j,i)| =  0.003964
     Max |d(i,j)-d*(j,i)|/|d(i,j)|:  17.3597%
     Max |d(i,j)-d*(j,i)| =  0.003964
     Max |d(i,j)-d*(j,i)|/|d(i,j)|:  17.2646%
     Max |d(i,j)-d*(j,i)| =  0.003964
     Max |d(i,j)-d*(j,i)|/|d(i,j)|:  17.1591%
     Max |d(i,j)-d*(j,i)| =  0.003964
     Max |d(i,j)-d*(j,i)|/|d(i,j)|:  17.0436%
     Max |d(i,j)-d*(j,i)| =  0.003964
     Max |d(i,j)-d*(j,i)|/|d(i,j)|:  16.9183%
     Max |d(i,j)-d*(j,i)| =  0.003964
     Max |d(i,j)-d*(j,i)|/|d(i,j)|:  16.7835%
     Max |d(i,j)-d*(j,i)| =  0.003964
     Max |d(i,j)-d*(j,i)|/|d(i,j)|:  16.6395%
     Max |d(i,j)-d*(j,i)| =  0.003964
     Max |d(i,j)-d*(j,i)|/|d(i,j)|:  16.4866%
     Max |d(i,j)-d*(j,i)| =  0.003964
     Max |d(i,j)-d*(j,i)|/|d(i,j)|:  16.3251%
     Max |d(i,j)-d*(j,i)| =  0.003964
     Max |d(i,j)-d*(j,i)|/|d(i,j)|:  16.1554%
     Max |d(i,j)-d*(j,i)| =  0.003964
     Max |d(i,j)-d*(j,i)|/|d(i,j)|:  15.9777%
     Max |d(i,j)-d*(j,i)| =  0.003964
     Max |d(i,j)-d*(j,i)|/|d(i,j)|:  15.7925%
     Max |d(i,j)-d*(j,i)| =  0.003964
     Max |d(i,j)-d*(j,i)|/|d(i,j)|:  15.6000%
     Max |d(i,j)-d*(j,i)| =  0.003964
     Max |d(i,j)-d*(j,i)|/|d(i,j)|:  15.4009%
     Max |d(i,j)-d*(j,i)| =  0.003964
     Max |d(i,j)-d*(j,i)|/|d(i,j)|:  15.1955%
     Max |d(i,j)-d*(j,i)| =  0.003964
     Max |d(i,j)-d*(j,i)|/|d(i,j)|:  14.9847%
     Max |d(i,j)-d*(j,i)| =  0.003964
     Max |d(i,j)-d*(j,i)|/|d(i,j)|:  14.7690%
     Max |d(i,j)-d*(j,i)| =  0.003964
     Max |d(i,j)-d*(j,i)|/|d(i,j)|:  14.5494%
     Max |d(i,j)-d*(j,i)| =  0.003964
     Max |d(i,j)-d*(j,i)|/|d(i,j)|:  14.3271%
     Max |d(i,j)-d*(j,i)| =  0.003964
     Max |d(i,j)-d*(j,i)|/|d(i,j)|:  14.1035%
     Max |d(i,j)-d*(j,i)| =  0.003964
     Max |d(i,j)-d*(j,i)|/|d(i,j)|:  13.8804%
     Max |d(i,j)-d*(j,i)| =  0.003964
     Max |d(i,j)-d*(j,i)|/|d(i,j)|:  13.6597%
     Max |d(i,j)-d*(j,i)| =  0.003964
     Max |d(i,j)-d*(j,i)|/|d(i,j)|:  13.4440%
     Max |d(i,j)-d*(j,i)| =  0.003964
     Max |d(i,j)-d*(j,i)|/|d(i,j)|:  13.2361%
     Max |d(i,j)-d*(j,i)| =  0.003964
     Max |d(i,j)-d*(j,i)|/|d(i,j)|:  13.0395%
     Max |d(i,j)-d*(j,i)| =  0.003964
     Max |d(i,j)-d*(j,i)|/|d(i,j)|:  12.8577%
     Max |d(i,j)-d*(j,i)| =  0.003964
     Max |d(i,j)-d*(j,i)|/|d(i,j)|:  12.6945%
     Max |d(i,j)-d*(j,i)| =  0.003964
     Max |d(i,j)-d*(j,i)|/|d(i,j)|:  12.5538%
     Max |d(i,j)-d*(j,i)| =  0.003964
     Max |d(i,j)-d*(j,i)|/|d(i,j)|:  12.4391%
     Max |d(i,j)-d*(j,i)| =  0.003964
     Max |d(i,j)-d*(j,i)|/|d(i,j)|:  12.3533%
     Max |d(i,j)-d*(j,i)| =  0.003964
     Max |d(i,j)-d*(j,i)|/|d(i,j)|:  12.2985%
     Max |d(i,j)-d*(j,i)| =  0.003964
     Max |d(i,j)-d*(j,i)|/|d(i,j)|:  12.2755%
     Max |d(i,j)-d*(j,i)| =  0.003964
     Max |d(i,j)-d*(j,i)|/|d(i,j)|:  12.2839%
     Max |d(i,j)-d*(j,i)| =  0.003964
     Max |d(i,j)-d*(j,i)|/|d(i,j)|:  12.3198%
     Max |d(i,j)-d*(j,i)| =  0.003964
     Max |d(i,j)-d*(j,i)|/|d(i,j)|:  12.3568%
     Max |d(i,j)-d*(j,i)| =  0.003964
     Max |d(i,j)-d*(j,i)|/|d(i,j)|:  12.3949%
     Max |d(i,j)-d*(j,i)| =  0.003964
     Max |d(i,j)-d*(j,i)|/|d(i,j)|:  12.4341%
     Max |d(i,j)-d*(j,i)| =  0.003964
     Max |d(i,j)-d*(j,i)|/|d(i,j)|:  12.4742%
     Max |d(i,j)-d*(j,i)| =  0.003964
     Max |d(i,j)-d*(j,i)|/|d(i,j)|:  12.5151%
     Max |d(i,j)-d*(j,i)| =  0.003964
     Max |d(i,j)-d*(j,i)|/|d(i,j)|:  12.5567%
     Max |d(i,j)-d*(j,i)| =  0.003964
     Max |d(i,j)-d*(j,i)|/|d(i,j)|:  12.5990%
     Max |d(i,j)-d*(j,i)| =  0.003964
     Max |d(i,j)-d*(j,i)|/|d(i,j)|:  12.6418%
     Max |d(i,j)-d*(j,i)| =  0.003964
     Max |d(i,j)-d*(j,i)|/|d(i,j)|:  12.6850%
     Max |d(i,j)-d*(j,i)| =  0.003964
     Max |d(i,j)-d*(j,i)|/|d(i,j)|:  12.7285%
     Max |d(i,j)-d*(j,i)| =  0.003964
     Max |d(i,j)-d*(j,i)|/|d(i,j)|:  12.7721%
     Max |d(i,j)-d*(j,i)| =  0.003964
     Max |d(i,j)-d*(j,i)|/|d(i,j)|:  12.8159%
     Max |d(i,j)-d*(j,i)| =  0.003964
     Max |d(i,j)-d*(j,i)|/|d(i,j)|:  12.8595%
     Max |d(i,j)-d*(j,i)| =  0.003964
     Max |d(i,j)-d*(j,i)|/|d(i,j)|:  12.9030%
     Max |d(i,j)-d*(j,i)| =  0.003964
     Max |d(i,j)-d*(j,i)|/|d(i,j)|:  12.9462%
     Max |d(i,j)-d*(j,i)| =  0.003964
     Max |d(i,j)-d*(j,i)|/|d(i,j)|:  12.9889%
     Max |d(i,j)-d*(j,i)| =  0.003964
     Max |d(i,j)-d*(j,i)|/|d(i,j)|:  13.0310%
     Max |d(i,j)-d*(j,i)| =  0.003964
     Max |d(i,j)-d*(j,i)|/|d(i,j)|:  13.0724%
     Max |d(i,j)-d*(j,i)| =  0.003964
     Max |d(i,j)-d*(j,i)|/|d(i,j)|:  13.1130%
     Max |d(i,j)-d*(j,i)| =  0.003964
     Max |d(i,j)-d*(j,i)|/|d(i,j)|:  13.1526%
     Max |d(i,j)-d*(j,i)| =  0.003964
     Max |d(i,j)-d*(j,i)|/|d(i,j)|:  13.1912%
     Max |d(i,j)-d*(j,i)| =  0.003964
     Max |d(i,j)-d*(j,i)|/|d(i,j)|:  13.2284%
     Max |d(i,j)-d*(j,i)| =  0.003964
     Max |d(i,j)-d*(j,i)|/|d(i,j)|:  13.2644%
     Max |d(i,j)-d*(j,i)| =  0.003964
     Max |d(i,j)-d*(j,i)|/|d(i,j)|:  13.2989%
     Max |d(i,j)-d*(j,i)| =  0.003964
     Max |d(i,j)-d*(j,i)|/|d(i,j)|:  13.3317%
     Max |d(i,j)-d*(j,i)| =  0.003964
     Max |d(i,j)-d*(j,i)|/|d(i,j)|:  13.3629%
     Max |d(i,j)-d*(j,i)| =  0.003964
     Max |d(i,j)-d*(j,i)|/|d(i,j)|:  13.3922%
     Max |d(i,j)-d*(j,i)| =  0.003964
     Max |d(i,j)-d*(j,i)|/|d(i,j)|:  13.4197%
     Max |d(i,j)-d*(j,i)| =  0.003964
     Max |d(i,j)-d*(j,i)|/|d(i,j)|:  13.4451%
     Max |d(i,j)-d*(j,i)| =  0.003964
     Max |d(i,j)-d*(j,i)|/|d(i,j)|:  13.4683%
     Max |d(i,j)-d*(j,i)| =  0.003964
     Max |d(i,j)-d*(j,i)|/|d(i,j)|:  13.4894%
     Max |d(i,j)-d*(j,i)| =  0.003964
     Max |d(i,j)-d*(j,i)|/|d(i,j)|:  13.5082%
     Max |d(i,j)-d*(j,i)| =  0.003964
     Max |d(i,j)-d*(j,i)|/|d(i,j)|:  13.5246%
     Max |d(i,j)-d*(j,i)| =  0.003964
     Max |d(i,j)-d*(j,i)|/|d(i,j)|:  13.5386%
     Max |d(i,j)-d*(j,i)| =  0.003964
     Max |d(i,j)-d*(j,i)|/|d(i,j)|:  13.5502%
     Max |d(i,j)-d*(j,i)| =  0.003964
     Max |d(i,j)-d*(j,i)|/|d(i,j)|:  13.5592%
     Max |d(i,j)-d*(j,i)| =  0.003964
     Max |d(i,j)-d*(j,i)|/|d(i,j)|:  13.5656%
     Max |d(i,j)-d*(j,i)| =  0.003964
     Max |d(i,j)-d*(j,i)|/|d(i,j)|:  13.5695%
     Max |d(i,j)-d*(j,i)| =  0.003964
     Max |d(i,j)-d*(j,i)|/|d(i,j)|:  13.5708%
     Max |d(i,j)-d*(j,i)| =  0.003964
     Max |d(i,j)-d*(j,i)|/|d(i,j)|:  16.6709%
     Max |d(i,j)-d*(j,i)| =  0.003964
     Max |d(i,j)-d*(j,i)|/|d(i,j)|:  16.6709%
     Max |d(i,j)-d*(j,i)| =  0.003964
     Max |d(i,j)-d*(j,i)|/|d(i,j)|:  16.6708%
     Max |d(i,j)-d*(j,i)| =  0.003964
     Max |d(i,j)-d*(j,i)|/|d(i,j)|:  16.6706%
     Max |d(i,j)-d*(j,i)| =  0.003964
     Max |d(i,j)-d*(j,i)|/|d(i,j)|:  16.6704%
     Max |d(i,j)-d*(j,i)| =  0.003964
     Max |d(i,j)-d*(j,i)|/|d(i,j)|:  16.6702%
     Max |d(i,j)-d*(j,i)| =  0.003964
     Max |d(i,j)-d*(j,i)|/|d(i,j)|:  16.6699%
     Max |d(i,j)-d*(j,i)| =  0.003964
     Max |d(i,j)-d*(j,i)|/|d(i,j)|:  16.6696%
     Max |d(i,j)-d*(j,i)| =  0.003964
     Max |d(i,j)-d*(j,i)|/|d(i,j)|:  16.6692%
     Max |d(i,j)-d*(j,i)| =  0.003964
     Max |d(i,j)-d*(j,i)|/|d(i,j)|:  16.6688%
     Max |d(i,j)-d*(j,i)| =  0.003964
     Max |d(i,j)-d*(j,i)|/|d(i,j)|:  16.6684%
     Max |d(i,j)-d*(j,i)| =  0.003964
     Max |d(i,j)-d*(j,i)|/|d(i,j)|:  16.6679%
     Max |d(i,j)-d*(j,i)| =  0.003964
     Max |d(i,j)-d*(j,i)|/|d(i,j)|:  16.6673%
     Max |d(i,j)-d*(j,i)| =  0.003964
     Max |d(i,j)-d*(j,i)|/|d(i,j)|:  16.6667%
     Max |d(i,j)-d*(j,i)| =  0.003964
     Max |d(i,j)-d*(j,i)|/|d(i,j)|:  16.6661%
     Max |d(i,j)-d*(j,i)| =  0.003964
     Max |d(i,j)-d*(j,i)|/|d(i,j)|:  16.6654%
     Max |d(i,j)-d*(j,i)| =  0.003964
     Max |d(i,j)-d*(j,i)|/|d(i,j)|:  16.6647%
     Max |d(i,j)-d*(j,i)| =  0.003964
     Max |d(i,j)-d*(j,i)|/|d(i,j)|:  16.6639%
     Max |d(i,j)-d*(j,i)| =  0.003964
     Max |d(i,j)-d*(j,i)|/|d(i,j)|:  16.6631%
     Max |d(i,j)-d*(j,i)| =  0.003964
     Max |d(i,j)-d*(j,i)|/|d(i,j)|:  16.6623%
     Max |d(i,j)-d*(j,i)| =  0.003964
     Max |d(i,j)-d*(j,i)|/|d(i,j)|:  16.6614%
     Max |d(i,j)-d*(j,i)| =  0.003964
     Max |d(i,j)-d*(j,i)|/|d(i,j)|:  16.6606%
     Max |d(i,j)-d*(j,i)| =  0.003964
     Max |d(i,j)-d*(j,i)|/|d(i,j)|:  16.6597%
     Max |d(i,j)-d*(j,i)| =  0.003964
     Max |d(i,j)-d*(j,i)|/|d(i,j)|:  16.6588%
     Max |d(i,j)-d*(j,i)| =  0.003964
     Max |d(i,j)-d*(j,i)|/|d(i,j)|:  16.6579%
     Max |d(i,j)-d*(j,i)| =  0.003964
     Max |d(i,j)-d*(j,i)|/|d(i,j)|:  16.6570%
     Max |d(i,j)-d*(j,i)| =  0.003964
     Max |d(i,j)-d*(j,i)|/|d(i,j)|:  16.6561%
     Max |d(i,j)-d*(j,i)| =  0.003964
     Max |d(i,j)-d*(j,i)|/|d(i,j)|:  16.6553%
     Max |d(i,j)-d*(j,i)| =  0.003964
     Max |d(i,j)-d*(j,i)|/|d(i,j)|:  16.6545%
     Max |d(i,j)-d*(j,i)| =  0.003964
     Max |d(i,j)-d*(j,i)|/|d(i,j)|:  16.6537%
     Max |d(i,j)-d*(j,i)| =  0.003964
     Max |d(i,j)-d*(j,i)|/|d(i,j)|:  16.6530%
     Max |d(i,j)-d*(j,i)| =  0.003964
     Max |d(i,j)-d*(j,i)|/|d(i,j)|:  16.6523%
     Max |d(i,j)-d*(j,i)| =  0.003964
     Max |d(i,j)-d*(j,i)|/|d(i,j)|:  16.6517%
     Max |d(i,j)-d*(j,i)| =  0.003964
     Max |d(i,j)-d*(j,i)|/|d(i,j)|:  16.6511%
     Max |d(i,j)-d*(j,i)| =  0.003964
     Max |d(i,j)-d*(j,i)|/|d(i,j)|:  16.6507%
     Max |d(i,j)-d*(j,i)| =  0.003964
     Max |d(i,j)-d*(j,i)|/|d(i,j)|:  16.6503%
     Max |d(i,j)-d*(j,i)| =  0.003964
     Max |d(i,j)-d*(j,i)|/|d(i,j)|:  16.6499%
     Max |d(i,j)-d*(j,i)| =  0.003964
     Max |d(i,j)-d*(j,i)|/|d(i,j)|:  16.6497%
     Max |d(i,j)-d*(j,i)| =  0.003964
     Max |d(i,j)-d*(j,i)|/|d(i,j)|:  16.6496%
     Max |d(i,j)-d*(j,i)| =  0.003964
     Max |d(i,j)-d*(j,i)|/|d(i,j)|:  16.6495%
     Max |d(i,j)-d*(j,i)| =  0.003964
     Max |d(i,j)-d*(j,i)|/|d(i,j)|:  16.6555%
     Max |d(i,j)-d*(j,i)| =  0.003964
     Max |d(i,j)-d*(j,i)|/|d(i,j)|:  16.6733%
     Max |d(i,j)-d*(j,i)| =  0.003964
     Max |d(i,j)-d*(j,i)|/|d(i,j)|:  16.7023%
     Max |d(i,j)-d*(j,i)| =  0.003964
     Max |d(i,j)-d*(j,i)|/|d(i,j)|:  16.7416%
     Max |d(i,j)-d*(j,i)| =  0.003964
     Max |d(i,j)-d*(j,i)|/|d(i,j)|:  16.7901%
     Max |d(i,j)-d*(j,i)| =  0.003964
     Max |d(i,j)-d*(j,i)|/|d(i,j)|:  16.8462%
     Max |d(i,j)-d*(j,i)| =  0.003964
     Max |d(i,j)-d*(j,i)|/|d(i,j)|:  16.9088%
     Max |d(i,j)-d*(j,i)| =  0.003964
     Max |d(i,j)-d*(j,i)|/|d(i,j)|:  16.9762%
     Max |d(i,j)-d*(j,i)| =  0.003964
     Max |d(i,j)-d*(j,i)|/|d(i,j)|:  17.0472%
     Max |d(i,j)-d*(j,i)| =  0.003964
     Max |d(i,j)-d*(j,i)|/|d(i,j)|:  17.1207%
     Max |d(i,j)-d*(j,i)| =  0.003964
     Max |d(i,j)-d*(j,i)|/|d(i,j)|:  17.1955%
     Max |d(i,j)-d*(j,i)| =  0.003964
     Max |d(i,j)-d*(j,i)|/|d(i,j)|:  17.2710%
     Max |d(i,j)-d*(j,i)| =  0.003964
     Max |d(i,j)-d*(j,i)|/|d(i,j)|:  17.3464%
     Max |d(i,j)-d*(j,i)| =  0.003964
     Max |d(i,j)-d*(j,i)|/|d(i,j)|:  17.4214%
     Max |d(i,j)-d*(j,i)| =  0.003964
     Max |d(i,j)-d*(j,i)|/|d(i,j)|:  17.4956%
     Max |d(i,j)-d*(j,i)| =  0.003964
     Max |d(i,j)-d*(j,i)|/|d(i,j)|:  17.5688%
     Max |d(i,j)-d*(j,i)| =  0.003964
     Max |d(i,j)-d*(j,i)|/|d(i,j)|:  17.6409%
     Max |d(i,j)-d*(j,i)| =  0.003964
     Max |d(i,j)-d*(j,i)|/|d(i,j)|:  17.7119%
     Max |d(i,j)-d*(j,i)| =  0.003964
     Max |d(i,j)-d*(j,i)|/|d(i,j)|:  17.7817%
     Max |d(i,j)-d*(j,i)| =  0.003964
     Max |d(i,j)-d*(j,i)|/|d(i,j)|:  17.8503%
     Max |d(i,j)-d*(j,i)| =  0.003964
     Max |d(i,j)-d*(j,i)|/|d(i,j)|:  17.9176%
     Max |d(i,j)-d*(j,i)| =  0.003964
     Max |d(i,j)-d*(j,i)|/|d(i,j)|:  17.9836%
     Max |d(i,j)-d*(j,i)| =  0.003964
     Max |d(i,j)-d*(j,i)|/|d(i,j)|:  18.0481%
     Max |d(i,j)-d*(j,i)| =  0.003964
     Max |d(i,j)-d*(j,i)|/|d(i,j)|:  18.1111%
     Max |d(i,j)-d*(j,i)| =  0.003964
     Max |d(i,j)-d*(j,i)|/|d(i,j)|:  18.1723%
     Max |d(i,j)-d*(j,i)| =  0.003964
     Max |d(i,j)-d*(j,i)|/|d(i,j)|:  18.2315%
     Max |d(i,j)-d*(j,i)| =  0.003964
     Max |d(i,j)-d*(j,i)|/|d(i,j)|:  18.2885%
     Max |d(i,j)-d*(j,i)| =  0.003964
     Max |d(i,j)-d*(j,i)|/|d(i,j)|:  18.3430%
     Max |d(i,j)-d*(j,i)| =  0.003964
     Max |d(i,j)-d*(j,i)|/|d(i,j)|:  18.3948%
     Max |d(i,j)-d*(j,i)| =  0.003964
     Max |d(i,j)-d*(j,i)|/|d(i,j)|:  18.4434%
     Max |d(i,j)-d*(j,i)| =  0.003964
     Max |d(i,j)-d*(j,i)|/|d(i,j)|:  18.4886%
     Max |d(i,j)-d*(j,i)| =  0.003964
     Max |d(i,j)-d*(j,i)|/|d(i,j)|:  18.5300%
     Max |d(i,j)-d*(j,i)| =  0.003964
     Max |d(i,j)-d*(j,i)|/|d(i,j)|:  18.5675%
     Max |d(i,j)-d*(j,i)| =  0.003964
     Max |d(i,j)-d*(j,i)|/|d(i,j)|:  18.6005%
     Max |d(i,j)-d*(j,i)| =  0.003964
     Max |d(i,j)-d*(j,i)|/|d(i,j)|:  18.6290%
     Max |d(i,j)-d*(j,i)| =  0.003964
     Max |d(i,j)-d*(j,i)|/|d(i,j)|:  18.6527%
     Max |d(i,j)-d*(j,i)| =  0.003964
     Max |d(i,j)-d*(j,i)|/|d(i,j)|:  18.6713%
     Max |d(i,j)-d*(j,i)| =  0.003964
     Max |d(i,j)-d*(j,i)|/|d(i,j)|:  18.6847%
     Max |d(i,j)-d*(j,i)| =  0.003964
     Max |d(i,j)-d*(j,i)|/|d(i,j)|:  18.6928%
     Max |d(i,j)-d*(j,i)| =  0.003964
     Max |d(i,j)-d*(j,i)|/|d(i,j)|:  18.6955%
     Max |d(i,j)-d*(j,i)| =  0.003964
     Max |d(i,j)-d*(j,i)|/|d(i,j)|:  18.6922%
     Max |d(i,j)-d*(j,i)| =  0.003964
     Max |d(i,j)-d*(j,i)|/|d(i,j)|:  18.6824%
     Max |d(i,j)-d*(j,i)| =  0.003964
     Max |d(i,j)-d*(j,i)|/|d(i,j)|:  18.6662%
     Max |d(i,j)-d*(j,i)| =  0.003964
     Max |d(i,j)-d*(j,i)|/|d(i,j)|:  18.6439%
     Max |d(i,j)-d*(j,i)| =  0.003964
     Max |d(i,j)-d*(j,i)|/|d(i,j)|:  18.6158%
     Max |d(i,j)-d*(j,i)| =  0.003964
     Max |d(i,j)-d*(j,i)|/|d(i,j)|:  18.5824%
     Max |d(i,j)-d*(j,i)| =  0.003964
     Max |d(i,j)-d*(j,i)|/|d(i,j)|:  18.5442%
     Max |d(i,j)-d*(j,i)| =  0.003964
     Max |d(i,j)-d*(j,i)|/|d(i,j)|:  18.5018%
     Max |d(i,j)-d*(j,i)| =  0.003964
     Max |d(i,j)-d*(j,i)|/|d(i,j)|:  18.4559%
     Max |d(i,j)-d*(j,i)| =  0.003964
     Max |d(i,j)-d*(j,i)|/|d(i,j)|:  18.4072%
     Max |d(i,j)-d*(j,i)| =  0.003964
     Max |d(i,j)-d*(j,i)|/|d(i,j)|:  18.3566%
     Max |d(i,j)-d*(j,i)| =  0.003964
     Max |d(i,j)-d*(j,i)|/|d(i,j)|:  18.3049%
     Max |d(i,j)-d*(j,i)| =  0.003964
     Max |d(i,j)-d*(j,i)|/|d(i,j)|:  18.2530%
     Max |d(i,j)-d*(j,i)| =  0.003964
     Max |d(i,j)-d*(j,i)|/|d(i,j)|:  18.2017%
     Max |d(i,j)-d*(j,i)| =  0.003964
     Max |d(i,j)-d*(j,i)|/|d(i,j)|:  18.1521%
     Max |d(i,j)-d*(j,i)| =  0.003964
     Max |d(i,j)-d*(j,i)|/|d(i,j)|:  18.1050%
     Max |d(i,j)-d*(j,i)| =  0.003964
     Max |d(i,j)-d*(j,i)|/|d(i,j)|:  18.0614%
     Max |d(i,j)-d*(j,i)| =  0.003964
     Max |d(i,j)-d*(j,i)|/|d(i,j)|:  18.0221%
     Max |d(i,j)-d*(j,i)| =  0.003964
     Max |d(i,j)-d*(j,i)|/|d(i,j)|:  17.9878%
     Max |d(i,j)-d*(j,i)| =  0.003964
     Max |d(i,j)-d*(j,i)|/|d(i,j)|:  17.9595%
     Max |d(i,j)-d*(j,i)| =  0.003964
     Max |d(i,j)-d*(j,i)|/|d(i,j)|:  17.9376%
     Max |d(i,j)-d*(j,i)| =  0.003964
     Max |d(i,j)-d*(j,i)|/|d(i,j)|:  17.9228%
     Max |d(i,j)-d*(j,i)| =  0.003964
     Max |d(i,j)-d*(j,i)|/|d(i,j)|:  17.9154%
     Max |d(i,j)-d*(j,i)| =  0.003964
     Max |d(i,j)-d*(j,i)|/|d(i,j)|:  17.9157%
     Max |d(i,j)-d*(j,i)| =  0.003964
     Max |d(i,j)-d*(j,i)|/|d(i,j)|:  17.9236%
     Max |d(i,j)-d*(j,i)| =  0.003964
     Max |d(i,j)-d*(j,i)|/|d(i,j)|:  17.9389%
     Max |d(i,j)-d*(j,i)| =  0.003964
     Max |d(i,j)-d*(j,i)|/|d(i,j)|:  17.9612%
     Max |d(i,j)-d*(j,i)| =  0.003964
     Max |d(i,j)-d*(j,i)|/|d(i,j)|:  17.9896%
     Max |d(i,j)-d*(j,i)| =  0.003964
     Max |d(i,j)-d*(j,i)|/|d(i,j)|:  18.0232%
     Max |d(i,j)-d*(j,i)| =  0.003964
     Max |d(i,j)-d*(j,i)|/|d(i,j)|:  18.0607%
     Max |d(i,j)-d*(j,i)| =  0.003964
     Max |d(i,j)-d*(j,i)|/|d(i,j)|:  18.1005%
     Max |d(i,j)-d*(j,i)| =  0.003964
     Max |d(i,j)-d*(j,i)|/|d(i,j)|:  18.1408%
     Max |d(i,j)-d*(j,i)| =  0.003964
     Max |d(i,j)-d*(j,i)|/|d(i,j)|:  18.1798%
     Max |d(i,j)-d*(j,i)| =  0.003964
     Max |d(i,j)-d*(j,i)|/|d(i,j)|:  18.2156%
     Max |d(i,j)-d*(j,i)| =  0.003964
     Max |d(i,j)-d*(j,i)|/|d(i,j)|:  18.2462%
     Max |d(i,j)-d*(j,i)| =  0.003964
     Max |d(i,j)-d*(j,i)|/|d(i,j)|:  18.2702%
     Max |d(i,j)-d*(j,i)| =  0.003964
     Max |d(i,j)-d*(j,i)|/|d(i,j)|:  18.2860%
     Max |d(i,j)-d*(j,i)| =  0.003964
     Max |d(i,j)-d*(j,i)|/|d(i,j)|:  18.2928%
     Max |d(i,j)-d*(j,i)| =  0.003964
     Max |d(i,j)-d*(j,i)|/|d(i,j)|:  18.2901%
     Max |d(i,j)-d*(j,i)| =  0.003964
     Max |d(i,j)-d*(j,i)|/|d(i,j)|:  18.2780%
     Max |d(i,j)-d*(j,i)| =  0.003964
     Max |d(i,j)-d*(j,i)|/|d(i,j)|:  18.2434%
     Max |d(i,j)-d*(j,i)| =  0.003964
     Max |d(i,j)-d*(j,i)|/|d(i,j)|:  18.2069%
     Max |d(i,j)-d*(j,i)| =  0.003964
     Max |d(i,j)-d*(j,i)|/|d(i,j)|:  18.1685%
     Max |d(i,j)-d*(j,i)| =  0.003964
     Max |d(i,j)-d*(j,i)|/|d(i,j)|:  18.1281%
     Max |d(i,j)-d*(j,i)| =  0.003964
     Max |d(i,j)-d*(j,i)|/|d(i,j)|:  18.0858%
     Max |d(i,j)-d*(j,i)| =  0.003964
     Max |d(i,j)-d*(j,i)|/|d(i,j)|:  18.0417%
     Max |d(i,j)-d*(j,i)| =  0.003964
     Max |d(i,j)-d*(j,i)|/|d(i,j)|:  17.9959%
     Max |d(i,j)-d*(j,i)| =  0.003964
     Max |d(i,j)-d*(j,i)|/|d(i,j)|:  17.9485%
     Max |d(i,j)-d*(j,i)| =  0.003964
     Max |d(i,j)-d*(j,i)|/|d(i,j)|:  17.8994%
     Max |d(i,j)-d*(j,i)| =  0.003964
     Max |d(i,j)-d*(j,i)|/|d(i,j)|:  17.8490%
     Max |d(i,j)-d*(j,i)| =  0.003964
     Max |d(i,j)-d*(j,i)|/|d(i,j)|:  17.7973%
     Max |d(i,j)-d*(j,i)| =  0.003964
     Max |d(i,j)-d*(j,i)|/|d(i,j)|:  17.7445%
     Max |d(i,j)-d*(j,i)| =  0.003964
     Max |d(i,j)-d*(j,i)|/|d(i,j)|:  17.6907%
     Max |d(i,j)-d*(j,i)| =  0.003964
     Max |d(i,j)-d*(j,i)|/|d(i,j)|:  17.6361%
     Max |d(i,j)-d*(j,i)| =  0.003964
     Max |d(i,j)-d*(j,i)|/|d(i,j)|:  17.5810%
     Max |d(i,j)-d*(j,i)| =  0.003964
     Max |d(i,j)-d*(j,i)|/|d(i,j)|:  17.5254%
     Max |d(i,j)-d*(j,i)| =  0.003964
     Max |d(i,j)-d*(j,i)|/|d(i,j)|:  17.4697%
     Max |d(i,j)-d*(j,i)| =  0.003964
     Max |d(i,j)-d*(j,i)|/|d(i,j)|:  17.4140%
     Max |d(i,j)-d*(j,i)| =  0.003964
     Max |d(i,j)-d*(j,i)|/|d(i,j)|:  17.3586%
     Max |d(i,j)-d*(j,i)| =  0.003964
     Max |d(i,j)-d*(j,i)|/|d(i,j)|:  17.3037%
     Max |d(i,j)-d*(j,i)| =  0.003964
     Max |d(i,j)-d*(j,i)|/|d(i,j)|:  17.2496%
     Max |d(i,j)-d*(j,i)| =  0.003964
     Max |d(i,j)-d*(j,i)|/|d(i,j)|:  17.1965%
     Max |d(i,j)-d*(j,i)| =  0.003964
     Max |d(i,j)-d*(j,i)|/|d(i,j)|:  17.1446%
     Max |d(i,j)-d*(j,i)| =  0.003964
     Max |d(i,j)-d*(j,i)|/|d(i,j)|:  17.0941%
     Max |d(i,j)-d*(j,i)| =  0.003964
     Max |d(i,j)-d*(j,i)|/|d(i,j)|:  17.0454%
     Max |d(i,j)-d*(j,i)| =  0.003964
     Max |d(i,j)-d*(j,i)|/|d(i,j)|:  16.9985%
     Max |d(i,j)-d*(j,i)| =  0.003964
     Max |d(i,j)-d*(j,i)|/|d(i,j)|:  16.9539%
     Max |d(i,j)-d*(j,i)| =  0.003964
     Max |d(i,j)-d*(j,i)|/|d(i,j)|:  16.9116%
     Max |d(i,j)-d*(j,i)| =  0.003964
     Max |d(i,j)-d*(j,i)|/|d(i,j)|:  16.8718%
     Max |d(i,j)-d*(j,i)| =  0.003964
     Max |d(i,j)-d*(j,i)|/|d(i,j)|:  16.8349%
     Max |d(i,j)-d*(j,i)| =  0.003964
     Max |d(i,j)-d*(j,i)|/|d(i,j)|:  16.8009%
     Max |d(i,j)-d*(j,i)| =  0.003964
     Max |d(i,j)-d*(j,i)|/|d(i,j)|:  16.7700%
     Max |d(i,j)-d*(j,i)| =  0.003964
     Max |d(i,j)-d*(j,i)|/|d(i,j)|:  16.7423%
     Max |d(i,j)-d*(j,i)| =  0.003964
     Max |d(i,j)-d*(j,i)|/|d(i,j)|:  16.7181%
     Max |d(i,j)-d*(j,i)| =  0.003964
     Max |d(i,j)-d*(j,i)|/|d(i,j)|:  16.6973%
     Max |d(i,j)-d*(j,i)| =  0.003964
     Max |d(i,j)-d*(j,i)|/|d(i,j)|:  16.6802%
     Max |d(i,j)-d*(j,i)| =  0.003964
     Max |d(i,j)-d*(j,i)|/|d(i,j)|:  16.6669%
     Max |d(i,j)-d*(j,i)| =  0.003964
     Max |d(i,j)-d*(j,i)|/|d(i,j)|:  16.6573%
     Max |d(i,j)-d*(j,i)| =  0.003964
     Max |d(i,j)-d*(j,i)|/|d(i,j)|:  16.6515%
     Max |d(i,j)-d*(j,i)| =  0.003964
     Max |d(i,j)-d*(j,i)|/|d(i,j)|:  16.6495%

     MATDYN       :      0.99s CPU      1.05s WALL


   This run was terminated on:   0:55:40  19Jul2026            

=------------------------------------------------------------------------------=
   JOB DONE.
=------------------------------------------------------------------------------=
