 READ STRUCTURE AND SETUP CUTOFFS
 ... reading unitcell
 ... min cutoff:       2.01598
 ... max cutoff:       1.57080
 --> rc2 cutoff:       2.50000
 --> rc3 cutoff:      -1.00000
 --> rc4 cutoff:      -1.00000
 
 DETERMINING SYMMETRY OF INTERACTION TENSORS
 ... constructed distance tables (0.00264s)
 ... built singlets
 ... built pairs
 ... built prototype tuplets (0.00015s)
 ... expanded symmetry operations (0.00059s)
  ... reducing pairs                        0.00000000     %
  ... reducing pairs                        3.03030300     %
  ... reducing pairs                        6.06060600     %
  ... reducing pairs                        9.09090900     %
  ... reducing pairs                        12.1212120     %
  ... reducing pairs                        15.1515150     %
  ... reducing pairs                        18.1818180     %
  ... reducing pairs                        21.2121220     %
  ... reducing pairs                        24.2424240     %
  ... reducing pairs                        27.2727280     %
  ... reducing pairs                        30.3030300     %
  ... reducing pairs                        33.3333321     %
  ... reducing pairs                        36.3636360     %
  ... reducing pairs                        39.3939400     %
  ... reducing pairs                        42.4242439     %
  ... reducing pairs                        45.4545441     %
  ... reducing pairs                        48.4848480     %
  ... reducing pairs                        51.5151520     %
  ... reducing pairs                        54.5454559     %
  ... reducing pairs                        57.5757561     %
  ... reducing pairs                        60.6060600     %
  ... reducing pairs                        63.6363640     %
  ... reducing pairs                        66.6666641     %
  ... reducing pairs                        69.6969681     %
  ... reducing pairs                        72.7272720     %
  ... reducing pairs                        75.7575760     %
  ... reducing pairs                        78.7878799     %
  ... reducing pairs                        81.8181839     %
  ... reducing pairs                        84.8484879     %
  ... reducing pairs                        87.8787842     %
  ... reducing pairs                        90.9090881     %
  ... reducing pairs                        93.9393921     %
  ... reducing pairs                        96.9696960     %
  ... reducing pairs                        100.000000     %
  ... mapping pairs                         0.00000000     %
  ... mapping pairs                         1.49253726     %
  ... mapping pairs                         2.98507452     %
  ... mapping pairs                         4.47761202     %
  ... mapping pairs                         5.97014904     %
  ... mapping pairs                         7.46268654     %
  ... mapping pairs                         8.95522404     %
  ... mapping pairs                         10.4477615     %
  ... mapping pairs                         11.9402981     %
  ... mapping pairs                         13.4328356     %
  ... mapping pairs                         14.9253731     %
  ... mapping pairs                         16.4179096     %
  ... mapping pairs                         17.9104481     %
  ... mapping pairs                         19.4029846     %
  ... mapping pairs                         20.8955231     %
  ... mapping pairs                         22.3880596     %
  ... mapping pairs                         23.8805962     %
  ... mapping pairs                         25.3731346     %
  ... mapping pairs                         26.8656712     %
  ... mapping pairs                         28.3582096     %
  ... mapping pairs                         29.8507462     %
  ... mapping pairs                         31.3432827     %
  ... mapping pairs                         32.8358192     %
  ... mapping pairs                         34.3283577     %
  ... mapping pairs                         35.8208961     %
  ... mapping pairs                         37.3134346     %
  ... mapping pairs                         38.8059692     %
  ... mapping pairs                         40.2985077     %
  ... mapping pairs                         41.7910461     %
  ... mapping pairs                         43.2835808     %
  ... mapping pairs                         44.7761192     %
  ... mapping pairs                         46.2686577     %
  ... mapping pairs                         47.7611923     %
  ... mapping pairs                         49.2537308     %
  ... mapping pairs                         50.7462692     %
  ... mapping pairs                         52.2388077     %
  ... mapping pairs                         53.7313423     %
  ... mapping pairs                         55.2238808     %
  ... mapping pairs                         56.7164192     %
  ... mapping pairs                         58.2089539     %
  ... mapping pairs                         59.7014923     %
  ... mapping pairs                         61.1940308     %
  ... mapping pairs                         62.6865654     %
  ... mapping pairs                         64.1791077     %
  ... mapping pairs                         65.6716385     %
  ... mapping pairs                         67.1641769     %
  ... mapping pairs                         68.6567154     %
  ... mapping pairs                         70.1492538     %
  ... mapping pairs                         71.6417923     %
  ... mapping pairs                         73.1343307     %
  ... mapping pairs                         74.6268692     %
  ... mapping pairs                         76.1194000     %
  ... mapping pairs                         77.6119385     %
  ... mapping pairs                         79.1044769     %
  ... mapping pairs                         80.5970154     %
  ... mapping pairs                         82.0895538     %
  ... mapping pairs                         83.5820923     %
  ... mapping pairs                         85.0746231     %
  ... mapping pairs                         86.5671616     %
  ... mapping pairs                         88.0597000     %
  ... mapping pairs                         89.5522385     %
  ... mapping pairs                         91.0447769     %
  ... mapping pairs                         92.5373154     %
  ... mapping pairs                         94.0298538     %
  ... mapping pairs                         95.5223846     %
  ... mapping pairs                         97.0149231     %
  ... mapping pairs                         98.5074615     %
  ... mapping pairs                         100.000000     %
 N singlet shells:          10
          shell:  1   1
          shell:  2   1
          shell:  3   1
          shell:  4   1
          shell:  5   1
          shell:  6   1
          shell:  7   1
          shell:  8   1
          shell:  9   1
          shell: 10   1
 N pair shells:          22
    shell:           1           1   0.0000000000000000     
    shell:           2           1   0.0000000000000000     
    shell:           3           1   0.0000000000000000     
    shell:           4           1   0.0000000000000000     
    shell:           5           1   0.0000000000000000     
    shell:           6           1   0.0000000000000000     
    shell:           7           1   0.0000000000000000     
    shell:           8           1   0.0000000000000000     
    shell:           9           1   0.0000000000000000     
    shell:          10           1   0.0000000000000000     
    shell:          11           2   1.8850746979478161     
    shell:          12           2   1.8850746979478161     
    shell:          13           2   1.8867967770757434     
    shell:          14           2   1.8867967770757434     
    shell:          15           2   1.9461305577374941     
    shell:          16           2   1.9461305577374948     
    shell:          17           2   1.9470355941412989     
    shell:          18           2   1.9470355941412996     
    shell:          19           2   1.9984526810589793     
    shell:          20           2   1.9984526810589804     
     ... and 2 more shells
 ... determined singlet nullspace
 ... determined pair nullspace
 ... determined dielectric tensor nullspace
 ... determined Born charge nullspace
 Interactions:
        firstorder forceconstant:          10          27
       secondorder forceconstant:          22         108
        thirdorder forceconstant:           0           0
       fourthorder forceconstant:           0           0
             dielectric constant:           0           0
              dielectric singlet:          10         162
                 dielectric pair:           0           0
   born effective charge singlet:          10           0
      born effective charge pair:           0           0
   born effective charge triplet:           0           0
 
 READING SIMULATION FROM FILE
 ... made space and decided on heuristics
 ... reading simulation                     0.00000000     %
 ... reading simulation                     1.69491529     %
 ... reading simulation                     3.38983059     %
 ... reading simulation                     5.08474588     %
 ... reading simulation                     6.77966118     %
 ... reading simulation                     8.47457600     %
 ... reading simulation                     10.1694918     %
 ... reading simulation                     11.8644066     %
 ... reading simulation                     13.5593224     %
 ... reading simulation                     15.2542372     %
 ... reading simulation                     16.9491520     %
 ... reading simulation                     18.6440678     %
 ... reading simulation                     20.3389835     %
 ... reading simulation                     22.0338974     %
 ... reading simulation                     23.7288132     %
 ... reading simulation                     25.4237289     %
 ... reading simulation                     27.1186447     %
 ... reading simulation                     28.8135586     %
 ... reading simulation                     30.5084743     %
 ... reading simulation                     33.8983040     %
 ... reading simulation                     35.5932198     %
 ... reading simulation                     37.2881355     %
 ... reading simulation                     38.9830513     %
 ... reading simulation                     40.6779671     %
 ... reading simulation                     42.3728828     %
 ... reading simulation                     44.0677948     %
 ... reading simulation                     45.7627106     %
 ... reading simulation                     47.4576263     %
 ... reading simulation                     49.1525421     %
 ... reading simulation                     50.8474579     %
 ... reading simulation                     52.5423737     %
 ... reading simulation                     54.2372894     %
 ... reading simulation                     55.9322052     %
 ... reading simulation                     57.6271172     %
 ... reading simulation                     59.3220329     %
 ... reading simulation                     61.0169487     %
 ... reading simulation                     62.7118645     %
 ... reading simulation                     64.4067764     %
 ... reading simulation                     67.7966080     %
 ... reading simulation                     69.4915237     %
 ... reading simulation                     71.1864395     %
 ... reading simulation                     72.8813553     %
 ... reading simulation                     74.5762711     %
 ... reading simulation                     76.2711868     %
 ... reading simulation                     77.9661026     %
 ... reading simulation                     79.6610184     %
 ... reading simulation                     81.3559341     %
 ... reading simulation                     83.0508499     %
 ... reading simulation                     84.7457657     %
 ... reading simulation                     86.4406815     %
 ... reading simulation                     88.1355896     %
 ... reading simulation                     89.8305054     %
 ... reading simulation                     91.5254211     %
 ... reading simulation                     93.2203369     %
 ... reading simulation                     94.9152527     %
 ... reading simulation                     96.6101685     %
 ... reading simulation                     98.3050842     %
 ... reading simulation                     100.000000     %
 ... got displacements
 ... short summary of simulation:
                       number of atoms: 10
              number of configurations: 20
                         timestep (fs): 0.96760
               average temperature (K): 417.74044
                 thermostat set to (K): 417.74044
                average pressure (GPa): 0.00000
   average stresstensor xx xy xz (GPa):       0.0000       0.0000       0.0000 
   average stresstensor yx yy yz (GPa):       0.0000       0.0000       0.0000 
   average stresstensor zx zy zz (GPa):       0.0000       0.0000       0.0000 
 ... finished reading simulation (0.02170s)
 
 REPORT GRADE OF OVERDETERMINATION
     total number of equations:          600
      number of FC up 1. order:           27   --> overdetermination ratio:         22.2
      number of FC up 2. order:          135   --> overdetermination ratio:          4.4
 
 SOLVING FOR INTERACTION TENSORS
 ... distributed data
 ... no polar interactions to worry about
 
 GENERATING CONSTRAINTS
 ... 92 secondorder constraints (0.00823s)
 ... created 92 constraints (0.00823s)
 ... creating fc coefficients               0.00000000     %
 ... creating fc coefficients               5.26315784     %
 ... creating fc coefficients               10.5263157     %
 ... creating fc coefficients               15.7894735     %
 ... creating fc coefficients               21.0526314     %
 ... creating fc coefficients               26.3157902     %
 ... creating fc coefficients               31.5789471     %
 ... creating fc coefficients               36.8421059     %
 ... creating fc coefficients               42.1052628     %
 ... creating fc coefficients               47.3684196     %
 ... creating fc coefficients               52.6315804     %
 ... creating fc coefficients               57.8947372     %
 ... creating fc coefficients               63.1578941     %
 ... creating fc coefficients               68.4210510     %
 ... creating fc coefficients               73.6842117     %
 ... creating fc coefficients               78.9473648     %
 ... creating fc coefficients               84.2105255     %
 ... creating fc coefficients               89.4736862     %
 ... creating fc coefficients               94.7368393     %
 ... creating fc coefficients               100.000000     %
 ... least squares solver
 ... solved second order (0.03159s)
 ... solved first order (0.03176s)
 ... finished solving for forceconstants
 ... diagnostics from three-fold cross-validation:
                                   R^2     stddev energy (meV/atom)
                         input:                12.3405538
                  second order:  0.42486       11.5124003
 residual forces per atom (eV/A):
           1  0.39889654307322925       0.49666412204260890       0.23794408087471486     
           2  0.25008762437857351      -0.56593578706727699      -0.62844712116984081     
           3  0.35798001669662627       0.55527194879092112       0.34142462395577156     
           4  0.30151033469942740      -0.70629356938785692      -0.37009956976255487     
           5  0.10607510076896863        1.8304721656172172E-002  0.47122314519260133     
           6 -0.81518674582259842       -8.6663016289474426E-002  0.23611542440957003     
           7   6.2115448302703394E-002  0.16558906976981960      -0.30549149340608628     
           8  0.16877756248758205      -0.13775929821763447       0.19124446270163742     
           9 -0.87871383085111232      -0.19155337526586089        3.5991185703809901E-002
          10   4.8457946266600271E-002  0.45237518396858195      -0.20990473849962302     
------------------------------------------------------------------------------------------
       RMSE:  0.43855811101817083       0.40862146500481616       0.34031812221383984     
 RMSE total:   0.689E+00 (eV/AA)

 .. write to outfile.forceconstant_firstorder

 
 ELASTIC CONSTANTS (short range) (GPa):
          21.86247          12.61961           4.31108          -6.32445           9.54166         -13.61364
          12.61961          25.34759           2.46685          -7.05286           4.48210         -11.09043
           4.31108           2.46685           0.84943          -1.24029           1.84389          -2.54178
          -6.32445          -7.05286          -1.24029           2.46685          -2.54178           4.48210
           9.54166           4.48210           1.84389          -2.54178           4.31108          -6.32445
         -13.61364         -11.09043          -2.54178           4.48210          -6.32445          12.61961
 ELASTIC CONSTANTS (long range) (GPa):
           0.00000           0.00000           0.00000           0.00000           0.00000           0.00000
           0.00000           0.00000           0.00000           0.00000           0.00000           0.00000
           0.00000           0.00000           0.00000           0.00000           0.00000           0.00000
           0.00000           0.00000           0.00000           0.00000           0.00000           0.00000
           0.00000           0.00000           0.00000           0.00000           0.00000           0.00000
           0.00000           0.00000           0.00000           0.00000           0.00000           0.00000
 ELASTIC CONSTANTS (total) (GPa):
          21.86247          12.61961           4.31108          -6.32445           9.54166         -13.61364
          12.61961          25.34759           2.46685          -7.05286           4.48210         -11.09043
           4.31108           2.46685           0.84943          -1.24029           1.84389          -2.54178
          -6.32445          -7.05286          -1.24029           2.46685          -2.54178           4.48210
           9.54166           4.48210           1.84389          -2.54178           4.31108          -6.32445
         -13.61364         -11.09043          -2.54178           4.48210          -6.32445          12.61961
 
 ENERGIES (meV/atom):
                     rms          std          std(res)
          input:    13.045706    12.448092     -
   second order:     5.651080     4.086470    11.649458
 
 FORCES (eV/A):
                     rms          rms(res)     std(res)     R^2(res)     normalized std(res)
          input:     1.109505     1.109505     0.640573     -            -
   second order:     0.723911     0.840806     0.485440     0.425707     0.757821             <-- anharmonicity measure
 
 BASELINE ENERGY (eV/atom):
             U0:              -1853.042975
 
 Since we have the first order, predict new reference positions.
 
 Done in 0.13703s
