 READ STRUCTURE AND SETUP CUTOFFS
 ... reading unitcell
 ... min cutoff:       1.89001
 ... max cutoff:       5.67126
 --> rc2 cutoff:       5.50000
 --> rc3 cutoff:      -1.00000
 --> rc4 cutoff:      -1.00000
 
 DETERMINING SYMMETRY OF INTERACTION TENSORS
 ... constructed distance tables (0.00567s)
 ... built singlets
 ... built pairs
 ... built prototype tuplets (0.00009s)
 ... expanded symmetry operations (0.00042s)
  ... reducing pairs                       0.395256907     %
  ... reducing pairs                        1.18577075     %
  ... reducing pairs                        1.97628462     %
  ... reducing pairs                        2.76679850     %
  ... reducing pairs                        3.55731225     %
  ... reducing pairs                        4.34782600     %
  ... reducing pairs                        5.13834000     %
  ... reducing pairs                        5.92885399     %
  ... reducing pairs                        6.71936750     %
  ... reducing pairs                        7.50988150     %
  ... reducing pairs                        8.30039501     %
  ... reducing pairs                        9.09090900     %
  ... reducing pairs                        9.88142300     %
  ... reducing pairs                        10.6719370     %
  ... reducing pairs                        11.4624510     %
  ... reducing pairs                        12.2529640     %
  ... reducing pairs                        13.0434780     %
  ... reducing pairs                        13.8339920     %
  ... reducing pairs                        14.6245060     %
  ... reducing pairs                        15.4150200     %
  ... reducing pairs                        16.2055340     %
  ... reducing pairs                        16.9960480     %
  ... reducing pairs                        17.7865620     %
  ... reducing pairs                        18.5770760     %
  ... reducing pairs                        19.3675880     %
  ... reducing pairs                        20.1581020     %
  ... reducing pairs                        20.9486160     %
  ... reducing pairs                        21.7391300     %
  ... reducing pairs                        22.5296440     %
  ... reducing pairs                        23.3201580     %
  ... reducing pairs                        24.1106720     %
  ... reducing pairs                        24.9011860     %
  ... reducing pairs                        25.6917000     %
  ... reducing pairs                        26.4822140     %
  ... reducing pairs                        27.2727280     %
  ... reducing pairs                        28.0632420     %
  ... reducing pairs                        28.8537540     %
  ... reducing pairs                        29.6442680     %
  ... reducing pairs                        30.4347820     %
  ... reducing pairs                        31.2252960     %
  ... reducing pairs                        32.0158119     %
  ... reducing pairs                        32.8063240     %
  ... reducing pairs                        33.5968361     %
  ... reducing pairs                        34.3873520     %
  ... reducing pairs                        35.1778641     %
  ... reducing pairs                        35.9683800     %
  ... reducing pairs                        36.7588921     %
  ... reducing pairs                        37.5494080     %
  ... reducing pairs                        38.3399200     %
  ... reducing pairs                        39.1304359     %
  ... reducing pairs                        39.9209480     %
  ... reducing pairs                        40.7114639     %
  ... reducing pairs                        41.5019760     %
  ... reducing pairs                        42.2924919     %
  ... reducing pairs                        43.0830040     %
  ... reducing pairs                        43.8735161     %
  ... reducing pairs                        44.6640320     %
  ... reducing pairs                        45.4545441     %
  ... reducing pairs                        46.2450600     %
  ... reducing pairs                        47.0355721     %
  ... reducing pairs                        47.8260880     %
  ... reducing pairs                        48.6166000     %
  ... reducing pairs                        49.4071159     %
  ... reducing pairs                        50.1976280     %
  ... reducing pairs                        50.9881439     %
  ... reducing pairs                        51.7786560     %
  ... reducing pairs                        52.5691681     %
  ... reducing pairs                        53.3596840     %
  ... reducing pairs                        54.1501961     %
  ... reducing pairs                        54.9407120     %
  ... reducing pairs                        55.7312241     %
  ... reducing pairs                        56.5217400     %
  ... reducing pairs                        57.3122520     %
  ... reducing pairs                        58.1027679     %
  ... reducing pairs                        58.8932800     %
  ... reducing pairs                        59.6837959     %
  ... reducing pairs                        60.4743080     %
  ... reducing pairs                        61.2648239     %
  ... reducing pairs                        62.0553360     %
  ... reducing pairs                        62.8458481     %
  ... reducing pairs                        63.6363640     %
  ... reducing pairs                        64.4268799     %
  ... reducing pairs                        65.2173920     %
  ... reducing pairs                        66.0079041     %
  ... reducing pairs                        66.7984161     %
  ... reducing pairs                        67.5889359     %
  ... reducing pairs                        68.3794479     %
  ... reducing pairs                        69.1699600     %
  ... reducing pairs                        69.9604721     %
  ... reducing pairs                        70.7509918     %
  ... reducing pairs                        71.5415039     %
  ... reducing pairs                        72.3320160     %
  ... reducing pairs                        73.1225281     %
  ... reducing pairs                        73.9130402     %
  ... reducing pairs                        74.7035599     %
  ... reducing pairs                        75.4940720     %
  ... reducing pairs                        76.2845840     %
  ... reducing pairs                        77.0750961     %
  ... reducing pairs                        77.8656158     %
  ... reducing pairs                        78.6561279     %
  ... reducing pairs                        79.4466400     %
  ... reducing pairs                        80.2371521     %
  ... reducing pairs                        81.0276642     %
  ... reducing pairs                        81.8181839     %
  ... reducing pairs                        82.6086960     %
  ... reducing pairs                        83.3992081     %
  ... reducing pairs                        84.1897202     %
  ... reducing pairs                        84.9802399     %
  ... reducing pairs                        85.7707520     %
  ... reducing pairs                        86.5612640     %
  ... reducing pairs                        87.3517761     %
  ... reducing pairs                        88.1422958     %
  ... reducing pairs                        88.9328079     %
  ... reducing pairs                        89.7233200     %
  ... reducing pairs                        90.5138321     %
  ... reducing pairs                        91.3043442     %
  ... reducing pairs                        92.0948639     %
  ... reducing pairs                        92.8853760     %
  ... reducing pairs                        93.6758881     %
  ... reducing pairs                        94.4664001     %
  ... reducing pairs                        95.2569199     %
  ... reducing pairs                        96.0474319     %
  ... reducing pairs                        96.8379440     %
  ... reducing pairs                        97.6284561     %
  ... reducing pairs                        98.4189758     %
  ... reducing pairs                        99.2094879     %
  ... reducing pairs                        100.000000     %
  ... mapping pairs                        0.919037223     %
  ... mapping pairs                         1.88183808     %
  ... mapping pairs                         2.84463906     %
  ... mapping pairs                         3.80743980     %
  ... mapping pairs                         4.77024078     %
  ... mapping pairs                         5.73304176     %
  ... mapping pairs                         6.69584227     %
  ... mapping pairs                         7.65864325     %
  ... mapping pairs                         8.62144375     %
  ... mapping pairs                         9.58424473     %
  ... mapping pairs                         10.5470457     %
  ... mapping pairs                         11.5098467     %
  ... mapping pairs                         12.4726477     %
  ... mapping pairs                         13.4354486     %
  ... mapping pairs                         14.3982496     %
  ... mapping pairs                         15.3610506     %
  ... mapping pairs                         16.3238506     %
  ... mapping pairs                         17.2866516     %
  ... mapping pairs                         18.2494526     %
  ... mapping pairs                         19.2122536     %
  ... mapping pairs                         20.1750546     %
  ... mapping pairs                         21.1378555     %
  ... mapping pairs                         22.1006565     %
  ... mapping pairs                         23.0634575     %
  ... mapping pairs                         24.0262585     %
  ... mapping pairs                         24.9890594     %
  ... mapping pairs                         25.9518604     %
  ... mapping pairs                         26.9146614     %
  ... mapping pairs                         27.8774624     %
  ... mapping pairs                         28.8402634     %
  ... mapping pairs                         29.8030643     %
  ... mapping pairs                         30.7658634     %
  ... mapping pairs                         31.7286644     %
  ... mapping pairs                         32.6914673     %
  ... mapping pairs                         33.6542664     %
  ... mapping pairs                         34.6170692     %
  ... mapping pairs                         35.5798683     %
  ... mapping pairs                         36.5426712     %
  ... mapping pairs                         37.5054703     %
  ... mapping pairs                         38.4682732     %
  ... mapping pairs                         39.4310722     %
  ... mapping pairs                         40.3938713     %
  ... mapping pairs                         41.3566742     %
  ... mapping pairs                         42.3194733     %
  ... mapping pairs                         43.2822762     %
  ... mapping pairs                         44.2450752     %
  ... mapping pairs                         45.2078781     %
  ... mapping pairs                         46.1706772     %
  ... mapping pairs                         47.1334801     %
  ... mapping pairs                         48.0962791     %
  ... mapping pairs                         49.0590820     %
  ... mapping pairs                         50.0218811     %
  ... mapping pairs                         50.9846840     %
  ... mapping pairs                         51.9474831     %
  ... mapping pairs                         52.9102859     %
  ... mapping pairs                         53.8730850     %
  ... mapping pairs                         54.8358879     %
  ... mapping pairs                         55.7986870     %
  ... mapping pairs                         56.7614899     %
  ... mapping pairs                         57.7242889     %
  ... mapping pairs                         58.6870880     %
  ... mapping pairs                         59.6498909     %
  ... mapping pairs                         60.6126900     %
  ... mapping pairs                         61.5754929     %
  ... mapping pairs                         62.5382919     %
  ... mapping pairs                         63.5010948     %
  ... mapping pairs                         64.4638977     %
  ... mapping pairs                         65.4266968     %
  ... mapping pairs                         66.3894958     %
  ... mapping pairs                         67.3522949     %
  ... mapping pairs                         68.3151016     %
  ... mapping pairs                         69.2779007     %
  ... mapping pairs                         70.2406998     %
  ... mapping pairs                         71.2034988     %
  ... mapping pairs                         72.1663055     %
  ... mapping pairs                         73.1291046     %
  ... mapping pairs                         74.0919037     %
  ... mapping pairs                         75.0547028     %
  ... mapping pairs                         76.0175018     %
  ... mapping pairs                         76.9803085     %
  ... mapping pairs                         77.9431076     %
  ... mapping pairs                         78.9059067     %
  ... mapping pairs                         79.8687057     %
  ... mapping pairs                         80.8315125     %
  ... mapping pairs                         81.7943115     %
  ... mapping pairs                         82.7571106     %
  ... mapping pairs                         83.7199097     %
  ... mapping pairs                         84.6827164     %
  ... mapping pairs                         85.6455154     %
  ... mapping pairs                         86.6083145     %
  ... mapping pairs                         87.5711136     %
  ... mapping pairs                         88.5339203     %
  ... mapping pairs                         89.4967194     %
  ... mapping pairs                         90.4595184     %
  ... mapping pairs                         91.4223175     %
  ... mapping pairs                         92.3851166     %
  ... mapping pairs                         93.3479233     %
  ... mapping pairs                         94.3107224     %
  ... mapping pairs                         95.2735214     %
  ... mapping pairs                         96.2363205     %
  ... mapping pairs                         97.1991272     %
  ... mapping pairs                         98.1619263     %
  ... mapping pairs                         99.1247253     %
 N singlet shells:          10
          shell:  1   1
          shell:  2   1
          shell:  3   1
          shell:  4   1
          shell:  5   1
          shell:  6   1
          shell:  7   1
          shell:  8   1
          shell:  9   1
          shell: 10   1
 N pair shells:         132
    shell:           1           1   0.0000000000000000     
    shell:           2           1   0.0000000000000000     
    shell:           3           1   0.0000000000000000     
    shell:           4           1   0.0000000000000000     
    shell:           5           1   0.0000000000000000     
    shell:           6           1   0.0000000000000000     
    shell:           7           1   0.0000000000000000     
    shell:           8           1   0.0000000000000000     
    shell:           9           1   0.0000000000000000     
    shell:          10           1   0.0000000000000000     
    shell:          11           2   1.7829812585773983     
    shell:          12           2   1.7831167243943975     
    shell:          13           2   1.7841124465722502     
    shell:          14           2   1.7841864718284122     
    shell:          15           2   1.8874815091194663     
    shell:          16           2   1.8875899814509598     
    shell:          17           2   1.8879983998356951     
    shell:          18           2   1.8881247520902178     
    shell:          19           2   1.9133960350968136     
    shell:          20           2   1.9141357773413439     
     ... and 112 more shells
 ... determined singlet nullspace
 ... determined pair nullspace
 ... determined dielectric tensor nullspace
 ... determined Born charge nullspace
 Interactions:
        firstorder forceconstant:          10          27
       secondorder forceconstant:         132        1098
        thirdorder forceconstant:           0           0
       fourthorder forceconstant:           0           0
             dielectric constant:           0           0
              dielectric singlet:          10         162
                 dielectric pair:           0           0
   born effective charge singlet:          10           0
      born effective charge pair:           0           0
   born effective charge triplet:           0           0
 
 READING SIMULATION FROM FILE
 ... made space and decided on heuristics
 ... reading simulation                     18.4155655     %
 ... reading simulation                     35.9277267     %
 ... reading simulation                     54.4127884     %
 ... reading simulation                     71.9249496     %
 ... reading simulation                     90.4100037     %
 ... got displacements
 ... short summary of simulation:
                       number of atoms: 80
              number of configurations: 480
                         timestep (fs): 0.96760
               average temperature (K): 282.59982
                 thermostat set to (K): 282.59982
                average pressure (GPa): 0.00000
   average stresstensor xx xy xz (GPa):       0.0000       0.0000       0.0000 
   average stresstensor yx yy yz (GPa):       0.0000       0.0000       0.0000 
   average stresstensor zx zy zz (GPa):       0.0000       0.0000       0.0000 
 ... finished reading simulation (0.04347s)
 
 REPORT GRADE OF OVERDETERMINATION
     total number of equations:       115200
      number of FC up 1. order:           27   --> overdetermination ratio:       4266.7
      number of FC up 2. order:         1125   --> overdetermination ratio:        102.4
 
 SOLVING FOR INTERACTION TENSORS
 ... distributed data
 ... no polar interactions to worry about
 
 GENERATING CONSTRAINTS
 ... 126 secondorder constraints (0.06799s)
 ... created 126 constraints (0.06800s)
 ... creating fc coefficients              0.626304805     %
 ... creating fc coefficients               1.46137786     %
 ... creating fc coefficients               2.29645085     %
 ... creating fc coefficients               3.13152409     %
 ... creating fc coefficients               3.96659708     %
 ... creating fc coefficients               4.80167007     %
 ... creating fc coefficients               5.63674307     %
 ... creating fc coefficients               6.47181606     %
 ... creating fc coefficients               7.30688953     %
 ... creating fc coefficients               8.14196205     %
 ... creating fc coefficients               8.97703552     %
 ... creating fc coefficients               9.81210899     %
 ... creating fc coefficients               10.6471815     %
 ... creating fc coefficients               11.4822550     %
 ... creating fc coefficients               12.3173275     %
 ... creating fc coefficients               13.1524010     %
 ... creating fc coefficients               13.9874735     %
 ... creating fc coefficients               14.8225470     %
 ... creating fc coefficients               15.6576204     %
 ... creating fc coefficients               16.4926929     %
 ... creating fc coefficients               17.3277664     %
 ... creating fc coefficients               18.1628399     %
 ... creating fc coefficients               18.9979115     %
 ... creating fc coefficients               19.8329849     %
 ... creating fc coefficients               20.6680584     %
 ... creating fc coefficients               21.5031319     %
 ... creating fc coefficients               22.3382053     %
 ... creating fc coefficients               23.1732769     %
 ... creating fc coefficients               24.0083504     %
 ... creating fc coefficients               24.8434238     %
 ... creating fc coefficients               25.6784973     %
 ... creating fc coefficients               26.5135708     %
 ... creating fc coefficients               27.3486423     %
 ... creating fc coefficients               28.1837158     %
 ... creating fc coefficients               29.0187893     %
 ... creating fc coefficients               29.8538628     %
 ... creating fc coefficients               30.6889362     %
 ... creating fc coefficients               31.5240078     %
 ... creating fc coefficients               32.3590813     %
 ... creating fc coefficients               33.1941528     %
 ... creating fc coefficients               34.0292282     %
 ... creating fc coefficients               34.8642998     %
 ... creating fc coefficients               35.6993752     %
 ... creating fc coefficients               36.5344467     %
 ... creating fc coefficients               37.3695183     %
 ... creating fc coefficients               38.2045937     %
 ... creating fc coefficients               39.0396652     %
 ... creating fc coefficients               39.8747406     %
 ... creating fc coefficients               40.7098122     %
 ... creating fc coefficients               41.5448837     %
 ... creating fc coefficients               42.3799591     %
 ... creating fc coefficients               43.2150307     %
 ... creating fc coefficients               44.0501060     %
 ... creating fc coefficients               44.8851776     %
 ... creating fc coefficients               45.7202492     %
 ... creating fc coefficients               46.5553246     %
 ... creating fc coefficients               47.3903961     %
 ... creating fc coefficients               48.2254715     %
 ... creating fc coefficients               49.0605431     %
 ... creating fc coefficients               49.8956146     %
 ... creating fc coefficients               50.7306900     %
 ... creating fc coefficients               51.5657616     %
 ... creating fc coefficients               52.4008369     %
 ... creating fc coefficients               53.2359085     %
 ... creating fc coefficients               54.0709801     %
 ... creating fc coefficients               54.9060555     %
 ... creating fc coefficients               55.7411270     %
 ... creating fc coefficients               56.5761986     %
 ... creating fc coefficients               57.4112740     %
 ... creating fc coefficients               58.2463455     %
 ... creating fc coefficients               59.0814209     %
 ... creating fc coefficients               59.9164925     %
 ... creating fc coefficients               60.7515640     %
 ... creating fc coefficients               61.5866394     %
 ... creating fc coefficients               62.4217110     %
 ... creating fc coefficients               63.2567863     %
 ... creating fc coefficients               64.0918579     %
 ... creating fc coefficients               64.9269333     %
 ... creating fc coefficients               65.7620010     %
 ... creating fc coefficients               66.5970764     %
 ... creating fc coefficients               67.4321518     %
 ... creating fc coefficients               68.2672272     %
 ... creating fc coefficients               69.1022949     %
 ... creating fc coefficients               69.9373703     %
 ... creating fc coefficients               70.7724457     %
 ... creating fc coefficients               71.6075134     %
 ... creating fc coefficients               72.4425888     %
 ... creating fc coefficients               73.2776642     %
 ... creating fc coefficients               74.1127319     %
 ... creating fc coefficients               74.9478073     %
 ... creating fc coefficients               75.7828827     %
 ... creating fc coefficients               76.6179504     %
 ... creating fc coefficients               77.4530258     %
 ... creating fc coefficients               78.2881012     %
 ... creating fc coefficients               79.1231766     %
 ... creating fc coefficients               79.9582443     %
 ... creating fc coefficients               80.7933197     %
 ... creating fc coefficients               81.6283951     %
 ... creating fc coefficients               82.4634628     %
 ... creating fc coefficients               83.2985382     %
 ... creating fc coefficients               84.1336136     %
 ... creating fc coefficients               84.9686813     %
 ... creating fc coefficients               85.8037567     %
 ... creating fc coefficients               86.6388321     %
 ... creating fc coefficients               87.4739075     %
 ... creating fc coefficients               88.3089752     %
 ... creating fc coefficients               89.1440506     %
 ... creating fc coefficients               89.9791260     %
 ... creating fc coefficients               90.8141937     %
 ... creating fc coefficients               91.6492691     %
 ... creating fc coefficients               92.4843445     %
 ... creating fc coefficients               93.3194122     %
 ... creating fc coefficients               94.1544876     %
 ... creating fc coefficients               94.9895630     %
 ... creating fc coefficients               95.8246384     %
 ... creating fc coefficients               96.6597061     %
 ... creating fc coefficients               97.4947815     %
 ... creating fc coefficients               98.3298569     %
 ... creating fc coefficients               99.1649246     %
 ... creating fc coefficients               100.000000     %
 ... least squares solver
 ... solved second order (5.80621s)
 ... solved first order (5.82873s)
 ... finished solving for forceconstants
 ... diagnostics from three-fold cross-validation:
                                   R^2     stddev energy (meV/atom)
                         input:                 7.8282170
                  second order:  0.88950        1.2151869
 residual forces per atom (eV/A):
           1  -2.9340302668736402E-003   1.5476310363151804E-002  -1.0875761887453957E-003
           2   2.6156952895346503E-004  -3.0286978578023850E-003   9.6210686505012414E-003
           3   1.1563242086522070E-002  -4.6456113270487584E-002   4.4373378727966019E-003
           4   9.1033334441395601E-003  -1.7746358097271588E-005   7.0092363124556493E-003
           5   3.0768035068881616E-003  -1.4427374422162574E-002  -6.8788302431444437E-003
           6  -1.0306728595264913E-002   1.9814952907465842E-002  -1.4015136180217496E-002
           7   5.1973745341562109E-005   1.1128942863857827E-002  -1.1911795720926926E-003
           8   5.3997431391528137E-003  -2.2363703463222393E-002  -1.3101100141476229E-002
           9  -2.3956027822116911E-002   4.0624154955477935E-002  -6.1116128457159137E-003
          10   7.7401212332578306E-003  -7.5072571818119653E-004   2.1317792335638679E-002
------------------------------------------------------------------------------------------
       RMSE:   1.0019542138676618E-002   2.2983723842221464E-002   1.0349721291032529E-002
 RMSE total:   0.271E-01 (eV/AA)

 .. write to outfile.forceconstant_firstorder

 
 ELASTIC CONSTANTS (short range) (GPa):
          60.66287          10.20973          10.52790          -3.26320           2.02164          -2.45293
          10.20973          39.03815           3.88913          -5.42865           1.89438           5.33407
          10.52790           3.88913          10.78406           4.51894          -0.00213           0.61759
          -3.26320          -5.42865           4.51894          12.14060          -1.12530          -2.40180
           2.02164           1.89438          -0.00213          -1.12530          17.58692          -3.53940
          -2.45293           5.33407           0.61759          -2.40180          -3.53940          26.35074
 ELASTIC CONSTANTS (long range) (GPa):
           0.00000           0.00000           0.00000           0.00000           0.00000           0.00000
           0.00000           0.00000           0.00000           0.00000           0.00000           0.00000
           0.00000           0.00000           0.00000           0.00000           0.00000           0.00000
           0.00000           0.00000           0.00000           0.00000           0.00000           0.00000
           0.00000           0.00000           0.00000           0.00000           0.00000           0.00000
           0.00000           0.00000           0.00000           0.00000           0.00000           0.00000
 ELASTIC CONSTANTS (total) (GPa):
          60.66287          10.20973          10.52790          -3.26320           2.02164          -2.45293
          10.20973          39.03815           3.88913          -5.42865           1.89438           5.33407
          10.52790           3.88913          10.78406           4.51894          -0.00213           0.61759
          -3.26320          -5.42865           4.51894          12.14060          -1.12530          -2.40180
           2.02164           1.89438          -0.00213          -1.12530          17.58692          -3.53940
          -2.45293           5.33407           0.61759          -2.40180          -3.53940          26.35074
 
 ENERGIES (meV/atom):
                     rms          std          std(res)
          input:    37.677569     7.829972     -
   second order:    37.774629     8.284433     1.215200
 
 FORCES (eV/A):
                     rms          rms(res)     std(res)     R^2(res)     normalized std(res)
          input:     1.049426     1.049426     0.605886     -            -
   second order:     0.989753     0.348832     0.201398     0.889508     0.332403             <-- anharmonicity measure
 
 BASELINE ENERGY (eV/atom):
             U0:              -1853.105728
 
 Since we have the first order, predict new reference positions.
 
 Done in 6.95455s
