 READ STRUCTURE AND SETUP CUTOFFS
 ... reading unitcell
 ... min cutoff:       1.94898
 ... max cutoff:       5.67126
 --> rc2 cutoff:       2.50000
 --> rc3 cutoff:      -1.00000
 --> rc4 cutoff:      -1.00000
 
 DETERMINING SYMMETRY OF INTERACTION TENSORS
 ... constructed distance tables (0.00634s)
 ... built singlets
 ... built pairs
 ... built prototype tuplets (0.00015s)
 ... expanded symmetry operations (0.00327s)
  ... reducing pairs                        0.00000000     %
  ... reducing pairs                        2.43902445     %
  ... reducing pairs                        4.87804890     %
  ... reducing pairs                        7.31707335     %
  ... reducing pairs                        9.75609779     %
  ... reducing pairs                        12.1951218     %
  ... reducing pairs                        14.6341467     %
  ... reducing pairs                        17.0731716     %
  ... reducing pairs                        19.5121956     %
  ... reducing pairs                        21.9512196     %
  ... reducing pairs                        24.3902435     %
  ... reducing pairs                        26.8292675     %
  ... reducing pairs                        29.2682934     %
  ... reducing pairs                        31.7073174     %
  ... reducing pairs                        34.1463432     %
  ... reducing pairs                        36.5853653     %
  ... reducing pairs                        39.0243912     %
  ... reducing pairs                        41.4634132     %
  ... reducing pairs                        43.9024391     %
  ... reducing pairs                        46.3414650     %
  ... reducing pairs                        48.7804871     %
  ... reducing pairs                        51.2195129     %
  ... reducing pairs                        53.6585350     %
  ... reducing pairs                        56.0975609     %
  ... reducing pairs                        58.5365868     %
  ... reducing pairs                        60.9756088     %
  ... reducing pairs                        63.4146347     %
  ... reducing pairs                        65.8536606     %
  ... reducing pairs                        68.2926865     %
  ... reducing pairs                        70.7317047     %
  ... reducing pairs                        73.1707306     %
  ... reducing pairs                        75.6097565     %
  ... reducing pairs                        78.0487823     %
  ... reducing pairs                        80.4878082     %
  ... reducing pairs                        82.9268265     %
  ... reducing pairs                        85.3658524     %
  ... reducing pairs                        87.8048782     %
  ... reducing pairs                        90.2439041     %
  ... reducing pairs                        92.6829300     %
  ... reducing pairs                        95.1219482     %
  ... reducing pairs                        97.5609741     %
  ... reducing pairs                        100.000000     %
  ... mapping pairs                        0.530503988     %
  ... mapping pairs                         1.32625997     %
  ... mapping pairs                         2.12201595     %
  ... mapping pairs                         2.91777182     %
  ... mapping pairs                         3.71352792     %
  ... mapping pairs                         4.50928402     %
  ... mapping pairs                         5.30503988     %
  ... mapping pairs                         6.10079575     %
  ... mapping pairs                         6.89655161     %
  ... mapping pairs                         7.69230747     %
  ... mapping pairs                         8.48806381     %
  ... mapping pairs                         9.28381920     %
  ... mapping pairs                         10.0795755     %
  ... mapping pairs                         10.8753319     %
  ... mapping pairs                         11.6710873     %
  ... mapping pairs                         12.4668436     %
  ... mapping pairs                         13.2625999     %
  ... mapping pairs                         14.0583553     %
  ... mapping pairs                         14.8541117     %
  ... mapping pairs                         15.6498671     %
  ... mapping pairs                         16.4456234     %
  ... mapping pairs                         17.2413788     %
  ... mapping pairs                         18.0371361     %
  ... mapping pairs                         18.8328915     %
  ... mapping pairs                         19.6286469     %
  ... mapping pairs                         20.4244022     %
  ... mapping pairs                         21.2201595     %
  ... mapping pairs                         22.0159149     %
  ... mapping pairs                         22.8116703     %
  ... mapping pairs                         23.6074276     %
  ... mapping pairs                         24.4031830     %
  ... mapping pairs                         25.1989384     %
  ... mapping pairs                         25.9946957     %
  ... mapping pairs                         26.7904510     %
  ... mapping pairs                         27.5862064     %
  ... mapping pairs                         28.3819637     %
  ... mapping pairs                         29.1777191     %
  ... mapping pairs                         29.9734745     %
  ... mapping pairs                         30.7692299     %
  ... mapping pairs                         31.5649872     %
  ... mapping pairs                         32.3607445     %
  ... mapping pairs                         33.1564980     %
  ... mapping pairs                         33.9522552     %
  ... mapping pairs                         34.7480087     %
  ... mapping pairs                         35.5437660     %
  ... mapping pairs                         36.3395233     %
  ... mapping pairs                         37.1352768     %
  ... mapping pairs                         37.9310341     %
  ... mapping pairs                         38.7267914     %
  ... mapping pairs                         39.5225449     %
  ... mapping pairs                         40.3183022     %
  ... mapping pairs                         41.1140594     %
  ... mapping pairs                         41.9098129     %
  ... mapping pairs                         42.7055702     %
  ... mapping pairs                         43.5013275     %
  ... mapping pairs                         44.2970810     %
  ... mapping pairs                         45.0928383     %
  ... mapping pairs                         45.8885956     %
  ... mapping pairs                         46.6843491     %
  ... mapping pairs                         47.4801064     %
  ... mapping pairs                         48.2758636     %
  ... mapping pairs                         49.0716171     %
  ... mapping pairs                         49.8673744     %
  ... mapping pairs                         50.6631317     %
  ... mapping pairs                         51.4588852     %
  ... mapping pairs                         52.2546425     %
  ... mapping pairs                         53.0503998     %
  ... mapping pairs                         53.8461533     %
  ... mapping pairs                         54.6419106     %
  ... mapping pairs                         55.4376640     %
  ... mapping pairs                         56.2334213     %
  ... mapping pairs                         57.0291786     %
  ... mapping pairs                         57.8249321     %
  ... mapping pairs                         58.6206894     %
  ... mapping pairs                         59.4164467     %
  ... mapping pairs                         60.2122002     %
  ... mapping pairs                         61.0079575     %
  ... mapping pairs                         61.8037148     %
  ... mapping pairs                         62.5994682     %
  ... mapping pairs                         63.3952255     %
  ... mapping pairs                         64.1909790     %
  ... mapping pairs                         64.9867401     %
  ... mapping pairs                         65.7824936     %
  ... mapping pairs                         66.5782471     %
  ... mapping pairs                         67.3740082     %
  ... mapping pairs                         68.1697617     %
  ... mapping pairs                         68.9655151     %
  ... mapping pairs                         69.7612762     %
  ... mapping pairs                         70.5570297     %
  ... mapping pairs                         71.3527832     %
  ... mapping pairs                         72.1485443     %
  ... mapping pairs                         72.9442978     %
  ... mapping pairs                         73.7400513     %
  ... mapping pairs                         74.5358124     %
  ... mapping pairs                         75.3315659     %
  ... mapping pairs                         76.1273193     %
  ... mapping pairs                         76.9230804     %
  ... mapping pairs                         77.7188339     %
  ... mapping pairs                         78.5145874     %
  ... mapping pairs                         79.3103485     %
  ... mapping pairs                         80.1061020     %
  ... mapping pairs                         80.9018555     %
  ... mapping pairs                         81.6976089     %
  ... mapping pairs                         82.4933701     %
  ... mapping pairs                         83.2891235     %
  ... mapping pairs                         84.0848770     %
  ... mapping pairs                         84.8806381     %
  ... mapping pairs                         85.6763916     %
  ... mapping pairs                         86.4721451     %
  ... mapping pairs                         87.2679062     %
  ... mapping pairs                         88.0636597     %
  ... mapping pairs                         88.8594131     %
  ... mapping pairs                         89.6551743     %
  ... mapping pairs                         90.4509277     %
  ... mapping pairs                         91.2466812     %
  ... mapping pairs                         92.0424423     %
  ... mapping pairs                         92.8381958     %
  ... mapping pairs                         93.6339493     %
  ... mapping pairs                         94.4297104     %
  ... mapping pairs                         95.2254639     %
  ... mapping pairs                         96.0212173     %
  ... mapping pairs                         96.8169785     %
  ... mapping pairs                         97.6127319     %
  ... mapping pairs                         98.4084854     %
  ... mapping pairs                         99.2042465     %
  ... mapping pairs                         100.000000     %
 N singlet shells:          10
          shell:  1   1
          shell:  2   1
          shell:  3   1
          shell:  4   1
          shell:  5   1
          shell:  6   1
          shell:  7   1
          shell:  8   1
          shell:  9   1
          shell: 10   1
 N pair shells:          26
    shell:           1           1   0.0000000000000000     
    shell:           2           1   0.0000000000000000     
    shell:           3           1   0.0000000000000000     
    shell:           4           1   0.0000000000000000     
    shell:           5           1   0.0000000000000000     
    shell:           6           1   0.0000000000000000     
    shell:           7           1   0.0000000000000000     
    shell:           8           1   0.0000000000000000     
    shell:           9           1   0.0000000000000000     
    shell:          10           1   0.0000000000000000     
    shell:          11           2   1.8850746979478161     
    shell:          12           2   1.8850746979478161     
    shell:          13           2   1.8867967770757434     
    shell:          14           2   1.8867967770757434     
    shell:          15           2   1.9461305577374941     
    shell:          16           2   1.9461305577374948     
    shell:          17           2   1.9470355941412989     
    shell:          18           2   1.9470355941412996     
    shell:          19           2   1.9984526810589793     
    shell:          20           2   1.9984526810589804     
     ... and 6 more shells
 ... determined singlet nullspace
 ... determined pair nullspace
 ... determined dielectric tensor nullspace
 ... determined Born charge nullspace
 Interactions:
        firstorder forceconstant:          10          27
       secondorder forceconstant:          26         144
        thirdorder forceconstant:           0           0
       fourthorder forceconstant:           0           0
             dielectric constant:           0           0
              dielectric singlet:          10         162
                 dielectric pair:           0           0
   born effective charge singlet:          10           0
      born effective charge pair:           0           0
   born effective charge triplet:           0           0
 
 READING SIMULATION FROM FILE
 ... made space and decided on heuristics
 ... reading simulation                     0.00000000     %
 ... reading simulation                     1.69491529     %
 ... reading simulation                     3.38983059     %
 ... reading simulation                     5.08474588     %
 ... reading simulation                     6.77966118     %
 ... reading simulation                     8.47457600     %
 ... reading simulation                     10.1694918     %
 ... reading simulation                     11.8644066     %
 ... reading simulation                     13.5593224     %
 ... reading simulation                     15.2542372     %
 ... reading simulation                     16.9491520     %
 ... reading simulation                     18.6440678     %
 ... reading simulation                     20.3389835     %
 ... reading simulation                     22.0338974     %
 ... reading simulation                     23.7288132     %
 ... reading simulation                     25.4237289     %
 ... reading simulation                     27.1186447     %
 ... reading simulation                     28.8135586     %
 ... reading simulation                     30.5084743     %
 ... reading simulation                     33.8983040     %
 ... reading simulation                     35.5932198     %
 ... reading simulation                     37.2881355     %
 ... reading simulation                     38.9830513     %
 ... reading simulation                     40.6779671     %
 ... reading simulation                     42.3728828     %
 ... reading simulation                     44.0677948     %
 ... reading simulation                     45.7627106     %
 ... reading simulation                     47.4576263     %
 ... reading simulation                     49.1525421     %
 ... reading simulation                     50.8474579     %
 ... reading simulation                     52.5423737     %
 ... reading simulation                     54.2372894     %
 ... reading simulation                     55.9322052     %
 ... reading simulation                     57.6271172     %
 ... reading simulation                     59.3220329     %
 ... reading simulation                     61.0169487     %
 ... reading simulation                     62.7118645     %
 ... reading simulation                     64.4067764     %
 ... reading simulation                     67.7966080     %
 ... reading simulation                     69.4915237     %
 ... reading simulation                     71.1864395     %
 ... reading simulation                     72.8813553     %
 ... reading simulation                     74.5762711     %
 ... reading simulation                     76.2711868     %
 ... reading simulation                     77.9661026     %
 ... reading simulation                     79.6610184     %
 ... reading simulation                     81.3559341     %
 ... reading simulation                     83.0508499     %
 ... reading simulation                     84.7457657     %
 ... reading simulation                     86.4406815     %
 ... reading simulation                     88.1355896     %
 ... reading simulation                     89.8305054     %
 ... reading simulation                     91.5254211     %
 ... reading simulation                     93.2203369     %
 ... reading simulation                     94.9152527     %
 ... reading simulation                     96.6101685     %
 ... reading simulation                     98.3050842     %
 ... reading simulation                     100.000000     %
 ... got displacements
 ... short summary of simulation:
                       number of atoms: 80
              number of configurations: 20
                         timestep (fs): 0.96760
               average temperature (K): 436.30054
                 thermostat set to (K): 436.30054
                average pressure (GPa): 0.00000
   average stresstensor xx xy xz (GPa):       0.0000       0.0000       0.0000 
   average stresstensor yx yy yz (GPa):       0.0000       0.0000       0.0000 
   average stresstensor zx zy zz (GPa):       0.0000       0.0000       0.0000 
 ... finished reading simulation (0.00730s)
 
 REPORT GRADE OF OVERDETERMINATION
     total number of equations:         4800
      number of FC up 1. order:           27   --> overdetermination ratio:        177.8
      number of FC up 2. order:          171   --> overdetermination ratio:         28.1
 
 SOLVING FOR INTERACTION TENSORS
 ... distributed data
 ... no polar interactions to worry about
 
 GENERATING CONSTRAINTS
 ... 112 secondorder constraints (0.02686s)
 ... created 112 constraints (0.02686s)
 ... creating fc coefficients               0.00000000     %
 ... creating fc coefficients               5.26315784     %
 ... creating fc coefficients               10.5263157     %
 ... creating fc coefficients               15.7894735     %
 ... creating fc coefficients               21.0526314     %
 ... creating fc coefficients               26.3157902     %
 ... creating fc coefficients               31.5789471     %
 ... creating fc coefficients               36.8421059     %
 ... creating fc coefficients               42.1052628     %
 ... creating fc coefficients               47.3684196     %
 ... creating fc coefficients               52.6315804     %
 ... creating fc coefficients               57.8947372     %
 ... creating fc coefficients               63.1578941     %
 ... creating fc coefficients               68.4210510     %
 ... creating fc coefficients               73.6842117     %
 ... creating fc coefficients               78.9473648     %
 ... creating fc coefficients               84.2105255     %
 ... creating fc coefficients               89.4736862     %
 ... creating fc coefficients               94.7368393     %
 ... creating fc coefficients               100.000000     %
 ... least squares solver
 ... solved second order (0.40346s)
 ... solved first order (0.40603s)
 ... finished solving for forceconstants
 ... diagnostics from three-fold cross-validation:
                                   R^2     stddev energy (meV/atom)
                         input:                13.3287830
                  second order:  0.20306       20.6808421
 residual forces per atom (eV/A):
           1  0.38290756257868114       0.18337319541092167       0.14243064355075144     
           2  0.38450341037421110      -0.16396635950649230       -4.4038279829289192E-002
           3  0.42153823123651563       0.20325802248783495       0.11355441820107866     
           4  0.43732559752529282      -0.29392476189261796        1.6346601380943324E-003
           5  0.22192841580271247      -0.33490965204132722       0.71899068225030982     
           6  -1.1790439548038947       -7.7125121499450680E-002  -2.3283293894557088E-002
           7  0.18863602191389134       0.41425034895699064      -0.78396440633474662     
           8  0.23771732230128667      -0.43442768774109874       0.77789551810933943     
           9  -1.1984265544826467        4.2141422081619855E-002  -5.0088019035340790E-002
          10  0.10291394755394988       0.46133059374361979      -0.85313192315564013     
------------------------------------------------------------------------------------------
       RMSE:  0.60346637545023152       0.29686051072297204       0.50026766482646245     
 RMSE total:   0.838E+00 (eV/AA)

 .. write to outfile.forceconstant_firstorder

 
 ELASTIC CONSTANTS (short range) (GPa):
          17.29631           3.89295          -1.16133          -9.35252           1.83546          -2.74852
           3.89295          21.81951          -2.48900          -2.22457           1.25971          -0.49262
          -1.16133          -2.48900           4.65456           1.10705           0.06227          -0.86943
          -9.35252          -2.22457           1.10705           6.27774          -0.08308           0.10023
           1.83546           1.25971           0.06227          -0.08308           7.88609          -0.28059
          -2.74852          -0.49262          -0.86943           0.10023          -0.28059          13.00528
 ELASTIC CONSTANTS (long range) (GPa):
           0.00000           0.00000           0.00000           0.00000           0.00000           0.00000
           0.00000           0.00000           0.00000           0.00000           0.00000           0.00000
           0.00000           0.00000           0.00000           0.00000           0.00000           0.00000
           0.00000           0.00000           0.00000           0.00000           0.00000           0.00000
           0.00000           0.00000           0.00000           0.00000           0.00000           0.00000
           0.00000           0.00000           0.00000           0.00000           0.00000           0.00000
 ELASTIC CONSTANTS (total) (GPa):
          17.29631           3.89295          -1.16133          -9.35252           1.83546          -2.74852
           3.89295          21.81951          -2.48900          -2.22457           1.25971          -0.49262
          -1.16133          -2.48900           4.65456           1.10705           0.06227          -0.86943
          -9.35252          -2.22457           1.10705           6.27774          -0.08308           0.10023
           1.83546           1.25971           0.06227          -0.08308           7.88609          -0.28059
          -2.74852          -0.49262          -0.86943           0.10023          -0.28059          13.00528
 
 ENERGIES (meV/atom):
                     rms          std          std(res)
          input:    16.457121    13.443018     -
   second order:    12.056862     7.432753    20.872939
 
 FORCES (eV/A):
                     rms          rms(res)     std(res)     R^2(res)     normalized std(res)
          input:     1.078728     1.078728     0.622804     -            -
   second order:     0.486570     0.962758     0.555849     0.203454     0.892494             <-- anharmonicity measure
 
 BASELINE ENERGY (eV/atom):
             U0:              -1853.048649
 
 Since we have the first order, predict new reference positions.
 
 Done in 0.58751s
